train torch.Size([8141, 2, 128, 128]) val torch.Size([1911, 2, 128, 128])
AE params 6.24M
ep   10  train_nmse 1.1955e-02  val_relL2 0.0662  lr 9.99e-04  32s
ep   20  train_nmse 4.8686e-03  val_relL2 0.0285  lr 9.97e-04  63s
ep   30  train_nmse 3.2324e-03  val_relL2 0.0266  lr 9.94e-04  94s
ep   40  train_nmse 2.7766e-03  val_relL2 0.0266  lr 9.89e-04  125s
ep   50  train_nmse 1.5799e-03  val_relL2 0.0181  lr 9.83e-04  156s
ep   60  train_nmse 1.5351e-03  val_relL2 0.0172  lr 9.76e-04  188s
ep   70  train_nmse 9.3233e-04  val_relL2 0.0132  lr 9.67e-04  219s
ep   80  train_nmse 3.0416e-03  val_relL2 0.0412  lr 9.58e-04  250s
ep   90  train_nmse 1.3548e-03  val_relL2 0.0331  lr 9.47e-04  282s
ep  100  train_nmse 5.6971e-04  val_relL2 0.0177  lr 9.34e-04  313s
ep  110  train_nmse 4.9293e-04  val_relL2 0.0115  lr 9.21e-04  373s
ep  120  train_nmse 7.6092e-04  val_relL2 0.0212  lr 9.06e-04  430s
ep  130  train_nmse 3.5293e-04  val_relL2 0.0120  lr 8.91e-04  490s
ep  140  train_nmse 7.8073e-04  val_relL2 0.0159  lr 8.74e-04  550s
ep  150  train_nmse 4.3996e-04  val_relL2 0.0125  lr 8.56e-04  608s
ep  160  train_nmse 4.1557e-04  val_relL2 0.0103  lr 8.38e-04  668s
ep  170  train_nmse 2.1759e-04  val_relL2 0.0077  lr 8.18e-04  727s
ep  180  train_nmse 2.1316e-04  val_relL2 0.0104  lr 7.98e-04  787s
ep  190  train_nmse 1.8603e-04  val_relL2 0.0074  lr 7.77e-04  846s
ep  200  train_nmse 2.0878e-04  val_relL2 0.0080  lr 7.55e-04  906s
ep  210  train_nmse 1.5282e-04  val_relL2 0.0064  lr 7.32e-04  965s
ep  220  train_nmse 1.8562e-04  val_relL2 0.0067  lr 7.09e-04  1025s
ep  230  train_nmse 1.8730e-04  val_relL2 0.0069  lr 6.86e-04  1084s
ep  240  train_nmse 4.8314e-04  val_relL2 0.0075  lr 6.61e-04  1144s
ep  250  train_nmse 1.0644e-04  val_relL2 0.0046  lr 6.37e-04  1203s
ep  260  train_nmse 1.1129e-04  val_relL2 0.0044  lr 6.12e-04  1263s
ep  270  train_nmse 1.3756e-04  val_relL2 0.0066  lr 5.87e-04  1322s
ep  280  train_nmse 1.1844e-04  val_relL2 0.0063  lr 5.61e-04  1381s
ep  290  train_nmse 8.2705e-05  val_relL2 0.0064  lr 5.36e-04  1441s
ep  300  train_nmse 1.4218e-04  val_relL2 0.0055  lr 5.10e-04  1500s
ep  310  train_nmse 7.8026e-05  val_relL2 0.0054  lr 4.84e-04  1559s
ep  320  train_nmse 7.8074e-05  val_relL2 0.0060  lr 4.59e-04  1619s
ep  330  train_nmse 7.4271e-05  val_relL2 0.0051  lr 4.33e-04  1678s
ep  340  train_nmse 8.4793e-05  val_relL2 0.0044  lr 4.08e-04  1738s
ep  350  train_nmse 5.6588e-05  val_relL2 0.0048  lr 3.83e-04  1798s
ep  360  train_nmse 5.5811e-05  val_relL2 0.0037  lr 3.59e-04  1857s
ep  370  train_nmse 4.0899e-05  val_relL2 0.0031  lr 3.34e-04  1917s
ep  380  train_nmse 4.0712e-05  val_relL2 0.0044  lr 3.11e-04  1977s
ep  390  train_nmse 5.5893e-05  val_relL2 0.0036  lr 2.88e-04  2036s
ep  400  train_nmse 5.0203e-05  val_relL2 0.0052  lr 2.65e-04  2096s
ep  410  train_nmse 2.7196e-05  val_relL2 0.0032  lr 2.43e-04  2155s
ep  420  train_nmse 2.3024e-05  val_relL2 0.0037  lr 2.22e-04  2215s
ep  430  train_nmse 2.8278e-05  val_relL2 0.0029  lr 2.02e-04  2274s
ep  440  train_nmse 4.2381e-05  val_relL2 0.0035  lr 1.82e-04  2334s
ep  450  train_nmse 2.2877e-05  val_relL2 0.0026  lr 1.64e-04  2394s
ep  460  train_nmse 1.9456e-05  val_relL2 0.0026  lr 1.46e-04  2453s
ep  470  train_nmse 1.8014e-05  val_relL2 0.0024  lr 1.29e-04  2512s
ep  480  train_nmse 1.6570e-05  val_relL2 0.0023  lr 1.14e-04  2572s
ep  490  train_nmse 1.5233e-05  val_relL2 0.0024  lr 9.91e-05  2632s
ep  500  train_nmse 1.4889e-05  val_relL2 0.0022  lr 8.56e-05  2691s
ep  510  train_nmse 1.4164e-05  val_relL2 0.0022  lr 7.34e-05  2751s
ep  520  train_nmse 1.3567e-05  val_relL2 0.0021  lr 6.24e-05  2810s
ep  530  train_nmse 1.2927e-05  val_relL2 0.0020  lr 5.25e-05  2870s
ep  540  train_nmse 1.2487e-05  val_relL2 0.0021  lr 4.40e-05  2929s
ep  550  train_nmse 1.2099e-05  val_relL2 0.0020  lr 3.67e-05  2989s
ep  560  train_nmse 1.1907e-05  val_relL2 0.0019  lr 3.07e-05  3048s
ep  570  train_nmse 1.1637e-05  val_relL2 0.0020  lr 2.60e-05  3108s
ep  580  train_nmse 1.1558e-05  val_relL2 0.0019  lr 2.27e-05  3167s
ep  590  train_nmse 1.1356e-05  val_relL2 0.0019  lr 2.07e-05  3227s
ep  600  train_nmse 1.1176e-05  val_relL2 0.0019  lr 2.00e-05  3286s
best val rel_l2 = 0.0019  -> checkpoints/autoencoder2d.pt
wrote outputs/ae_recon.png
