=== Phase 3 NO-CONTEXT (resume from big+local+SS best) 4-GPU DDP Tue 02 Jun 2026 07:51:40 PM UTC ===
resuming from ./ss_checkpoints_big_local/best_model  (no_context_prob=1.0)
[rank3] FDM physics residual loss enabled (lambda_pde=0.02)
[rank0] FDM physics residual loss enabled (lambda_pde=0.02)[rank1] FDM physics residual loss enabled (lambda_pde=0.02)[rank2] FDM physics residual loss enabled (lambda_pde=0.02)


proj params 15,710,984  lora params 10,092,544
  ep1 step0/237 total=8.786e-01 mse=8.234e-01 latent=7.201e-01 ce=1.069e-01 pde=0.000e+00 ss=0.00
  ep1 step50/237 total=5.313e-01 mse=4.496e-01 latent=5.670e-01 ce=2.298e-02 pde=0.000e+00 ss=0.00
  ep1 step100/237 total=4.140e-01 mse=3.318e-01 latent=4.892e-01 ce=3.511e-03 pde=0.000e+00 ss=0.00
  ep1 step150/237 total=4.789e-01 mse=4.602e-01 latent=4.839e-01 ce=6.840e-03 pde=0.000e+00 ss=0.00
  ep1 step200/237 total=3.783e-01 mse=3.154e-01 latent=4.356e-01 ce=2.842e-03 pde=0.000e+00 ss=0.00
Epoch 1/120 | train total=4.4994e-01 mse=3.7924e-01 ce=1.6722e-02 | val_mse=3.8473e-01 | lr_p=3.00e-05 lr_l=1.00e-05 | 127s
GSPDEModel saved to ./phase3_big_local/best_model
  -> best (val_mse=3.8473e-01)
  ep2 step0/237 total=3.082e-01 mse=2.428e-01 latent=3.661e-01 ce=3.721e-03 pde=0.000e+00 ss=0.00
  ep2 step50/237 total=2.777e-01 mse=2.195e-01 latent=3.331e-01 ce=1.419e-03 pde=0.000e+00 ss=0.00
  ep2 step100/237 total=2.800e-01 mse=1.893e-01 latent=3.109e-01 ce=2.995e-02 pde=0.000e+00 ss=0.00
  ep2 step150/237 total=3.394e-01 mse=2.809e-01 latent=3.923e-01 ce=2.843e-03 pde=0.000e+00 ss=0.00
  ep2 step200/237 total=3.259e-01 mse=2.685e-01 latent=3.729e-01 ce=5.208e-03 pde=0.000e+00 ss=0.00
Epoch 2/120 | train total=3.1505e-01 mse=2.5092e-01 ce=6.5463e-03 | val_mse=3.5326e-01 | lr_p=3.00e-05 lr_l=1.00e-05 | 126s
GSPDEModel saved to ./phase3_big_local/best_model
  -> best (val_mse=3.5326e-01)
  ep3 step0/237 total=3.116e-01 mse=2.528e-01 latent=3.671e-01 ce=1.614e-03 pde=0.000e+00 ss=0.00
  ep3 step50/237 total=2.669e-01 mse=2.001e-01 latent=3.252e-01 ce=4.197e-03 pde=0.000e+00 ss=0.00
  ep3 step100/237 total=2.450e-01 mse=1.739e-01 latent=3.025e-01 ce=6.762e-03 pde=0.000e+00 ss=0.00
  ep3 step150/237 total=3.261e-01 mse=2.605e-01 latent=3.891e-01 ce=1.285e-03 pde=0.000e+00 ss=0.00
  ep3 step200/237 total=2.491e-01 mse=1.805e-01 latent=3.074e-01 ce=5.150e-03 pde=0.000e+00 ss=0.00
Epoch 3/120 | train total=2.7908e-01 mse=2.1995e-01 ce=4.8480e-03 | val_mse=3.3915e-01 | lr_p=3.00e-05 lr_l=1.00e-05 | 127s
GSPDEModel saved to ./phase3_big_local/best_model
  -> best (val_mse=3.3915e-01)
  ep4 step0/237 total=2.981e-01 mse=2.264e-01 latent=3.599e-01 ce=4.915e-03 pde=0.000e+00 ss=0.01
  ep4 step50/237 total=2.533e-01 mse=1.793e-01 latent=3.066e-01 ce=1.031e-02 pde=0.000e+00 ss=0.01
  ep4 step100/237 total=2.582e-01 mse=2.039e-01 latent=2.867e-01 ce=1.290e-02 pde=0.000e+00 ss=0.01
  ep4 step150/237 total=2.670e-01 mse=2.165e-01 latent=3.140e-01 ce=1.702e-03 pde=0.000e+00 ss=0.01
  ep4 step200/237 total=2.231e-01 mse=1.541e-01 latent=2.898e-01 ce=1.177e-03 pde=0.000e+00 ss=0.01
Epoch 4/120 | train total=2.6500e-01 mse=2.0843e-01 ce=5.9173e-03 | val_mse=3.3148e-01 | lr_p=3.00e-05 lr_l=1.00e-05 | 134s
GSPDEModel saved to ./phase3_big_local/best_model
  -> best (val_mse=3.3148e-01)
  ep5 step0/237 total=2.912e-01 mse=2.246e-01 latent=3.566e-01 ce=5.322e-04 pde=0.000e+00 ss=0.02
  ep5 step50/237 total=2.614e-01 mse=2.093e-01 latent=3.121e-01 ce=7.333e-04 pde=0.000e+00 ss=0.02
  ep5 step100/237 total=2.767e-01 mse=2.289e-01 latent=3.167e-01 ce=3.895e-03 pde=0.000e+00 ss=0.02
  ep5 step150/237 total=2.411e-01 mse=1.866e-01 latent=2.895e-01 ce=3.078e-03 pde=0.000e+00 ss=0.02
  ep5 step200/237 total=2.025e-01 mse=1.455e-01 latent=2.578e-01 ce=8.570e-04 pde=0.000e+00 ss=0.02
Epoch 5/120 | train total=2.5351e-01 mse=1.9790e-01 ce=7.2047e-03 | val_mse=3.2999e-01 | lr_p=3.00e-05 lr_l=1.00e-05 | 137s
GSPDEModel saved to ./phase3_big_local/best_model
  -> best (val_mse=3.2999e-01)
  ep6 step0/237 total=2.960e-01 mse=2.315e-01 latent=3.595e-01 ce=4.549e-04 pde=0.000e+00 ss=0.03
  ep6 step50/237 total=2.847e-01 mse=2.301e-01 latent=3.359e-01 ce=1.685e-03 pde=0.000e+00 ss=0.03
  ep6 step100/237 total=2.225e-01 mse=1.643e-01 latent=2.778e-01 ce=1.439e-03 pde=0.000e+00 ss=0.03
  ep6 step150/237 total=2.597e-01 mse=1.893e-01 latent=3.125e-01 ce=8.766e-03 pde=0.000e+00 ss=0.03
  ep6 step200/237 total=2.900e-01 mse=2.175e-01 latent=3.395e-01 ce=1.150e-02 pde=0.000e+00 ss=0.03
Epoch 6/120 | train total=2.4471e-01 mse=1.9310e-01 ce=5.9104e-03 | val_mse=3.2644e-01 | lr_p=3.00e-05 lr_l=1.00e-05 | 137s
GSPDEModel saved to ./phase3_big_local/best_model
  -> best (val_mse=3.2644e-01)
  ep7 step0/237 total=2.520e-01 mse=2.423e-01 latent=2.587e-01 ce=1.447e-03 pde=0.000e+00 ss=0.04
  ep7 step50/237 total=2.509e-01 mse=1.922e-01 latent=2.907e-01 ce=9.457e-03 pde=0.000e+00 ss=0.04
  ep7 step100/237 total=2.829e-01 mse=2.687e-01 latent=2.855e-01 ce=5.816e-03 pde=0.000e+00 ss=0.04
  ep7 step150/237 total=2.318e-01 mse=1.830e-01 latent=2.702e-01 ce=5.195e-03 pde=0.000e+00 ss=0.04
  ep7 step200/237 total=2.603e-01 mse=2.029e-01 latent=3.062e-01 ce=5.780e-03 pde=0.000e+00 ss=0.04
Epoch 7/120 | train total=2.4033e-01 mse=1.8945e-01 ce=6.5582e-03 | val_mse=3.2519e-01 | lr_p=3.00e-05 lr_l=1.00e-05 | 138s
GSPDEModel saved to ./phase3_big_local/best_model
  -> best (val_mse=3.2519e-01)
  ep8 step0/237 total=1.978e-01 mse=1.483e-01 latent=2.460e-01 ce=6.236e-04 pde=0.000e+00 ss=0.06
  ep8 step50/237 total=2.261e-01 mse=1.910e-01 latent=2.599e-01 ce=6.123e-04 pde=0.000e+00 ss=0.06
  ep8 step100/237 total=1.967e-01 mse=1.571e-01 latent=2.307e-01 ce=2.763e-03 pde=0.000e+00 ss=0.06
  ep8 step150/237 total=2.220e-01 mse=1.674e-01 latent=2.557e-01 ce=1.038e-02 pde=0.000e+00 ss=0.06
  ep8 step200/237 total=3.015e-01 mse=2.472e-01 latent=2.925e-01 ce=3.169e-02 pde=0.000e+00 ss=0.06
Epoch 8/120 | train total=2.3547e-01 mse=1.8611e-01 ce=7.0450e-03 | val_mse=3.1833e-01 | lr_p=3.00e-05 lr_l=1.00e-05 | 138s
GSPDEModel saved to ./phase3_big_local/best_model
  -> best (val_mse=3.1833e-01)
  ep9 step0/237 total=2.687e-01 mse=2.260e-01 latent=3.082e-01 ce=1.550e-03 pde=0.000e+00 ss=0.07
  ep9 step50/237 total=2.551e-01 mse=2.230e-01 latent=2.773e-01 ce=4.927e-03 pde=0.000e+00 ss=0.07
  ep9 step100/237 total=1.767e-01 mse=1.288e-01 latent=2.226e-01 ce=9.719e-04 pde=0.000e+00 ss=0.07
  ep9 step150/237 total=1.677e-01 mse=1.148e-01 latent=2.188e-01 ce=9.035e-04 pde=0.000e+00 ss=0.07
  ep9 step200/237 total=2.274e-01 mse=1.864e-01 latent=2.651e-01 ce=1.629e-03 pde=0.000e+00 ss=0.07
Epoch 9/120 | train total=2.3268e-01 mse=1.8525e-01 ce=6.8206e-03 | val_mse=3.1849e-01 | lr_p=3.00e-05 lr_l=1.00e-05 | 138s
  ep10 step0/237 total=3.026e-01 mse=2.588e-01 latent=3.422e-01 ce=2.119e-03 pde=0.000e+00 ss=0.08
  ep10 step50/237 total=2.047e-01 mse=1.653e-01 latent=2.428e-01 ce=6.808e-04 pde=0.000e+00 ss=0.08
  ep10 step100/237 total=1.808e-01 mse=1.578e-01 latent=1.973e-01 ce=3.253e-03 pde=0.000e+00 ss=0.08
  ep10 step150/237 total=2.130e-01 mse=1.441e-01 latent=2.663e-01 ce=7.745e-03 pde=0.000e+00 ss=0.08
  ep10 step200/237 total=1.910e-01 mse=1.235e-01 latent=2.571e-01 ce=7.064e-04 pde=0.000e+00 ss=0.08
Epoch 10/120 | train total=2.2689e-01 mse=1.8034e-01 ce=6.7560e-03 | val_mse=3.1893e-01 | lr_p=3.00e-05 lr_l=1.00e-05 | 137s
  ep11 step0/237 total=2.404e-01 mse=2.053e-01 latent=2.678e-01 ce=3.796e-03 pde=0.000e+00 ss=0.09
  ep11 step50/237 total=2.295e-01 mse=1.960e-01 latent=2.607e-01 ce=1.127e-03 pde=0.000e+00 ss=0.09
  ep11 step100/237 total=1.757e-01 mse=1.192e-01 latent=2.307e-01 ce=7.022e-04 pde=0.000e+00 ss=0.09
  ep11 step150/237 total=2.603e-01 mse=2.120e-01 latent=2.919e-01 ce=8.357e-03 pde=0.000e+00 ss=0.09
  ep11 step200/237 total=1.714e-01 mse=1.195e-01 latent=2.226e-01 ce=3.664e-04 pde=0.000e+00 ss=0.09
Epoch 11/120 | train total=2.2671e-01 mse=1.8242e-01 ce=6.1616e-03 | val_mse=3.1976e-01 | lr_p=3.00e-05 lr_l=1.00e-05 | 138s
  ep12 step0/237 total=1.974e-01 mse=1.610e-01 latent=2.006e-01 ce=1.663e-02 pde=0.000e+00 ss=0.10
  ep12 step50/237 total=2.523e-01 mse=1.832e-01 latent=2.778e-01 ce=2.186e-02 pde=0.000e+00 ss=0.10
  ep12 step100/237 total=2.702e-01 mse=2.376e-01 latent=3.012e-01 ce=8.395e-04 pde=0.000e+00 ss=0.10
  ep12 step150/237 total=2.604e-01 mse=2.228e-01 latent=2.965e-01 ce=8.259e-04 pde=0.000e+00 ss=0.10
  ep12 step200/237 total=1.924e-01 mse=1.586e-01 latent=2.237e-01 ce=1.224e-03 pde=0.000e+00 ss=0.10
Epoch 12/120 | train total=2.2217e-01 mse=1.7825e-01 ce=6.4163e-03 | val_mse=3.2259e-01 | lr_p=3.00e-05 lr_l=1.00e-05 | 157s
  ep13 step0/237 total=1.891e-01 mse=1.455e-01 latent=2.309e-01 ce=9.691e-04 pde=0.000e+00 ss=0.11
  ep13 step50/237 total=2.359e-01 mse=1.814e-01 latent=2.873e-01 ce=1.554e-03 pde=0.000e+00 ss=0.11
  ep13 step100/237 total=1.701e-01 mse=1.331e-01 latent=1.955e-01 ce=5.801e-03 pde=0.000e+00 ss=0.11
  ep13 step150/237 total=1.433e-01 mse=1.125e-01 latent=1.413e-01 ce=1.639e-02 pde=0.000e+00 ss=0.11
  ep13 step200/237 total=2.343e-01 mse=1.735e-01 latent=2.918e-01 ce=1.571e-03 pde=0.000e+00 ss=0.11
Epoch 13/120 | train total=2.1901e-01 mse=1.7554e-01 ce=5.9800e-03 | val_mse=3.2170e-01 | lr_p=3.00e-05 lr_l=1.00e-05 | 138s
  ep14 step0/237 total=2.433e-01 mse=1.882e-01 latent=2.427e-01 ce=2.784e-02 pde=0.000e+00 ss=0.12
  ep14 step50/237 total=2.061e-01 mse=1.495e-01 latent=2.516e-01 ce=5.576e-03 pde=0.000e+00 ss=0.12
  ep14 step100/237 total=1.625e-01 mse=1.187e-01 latent=1.929e-01 ce=6.723e-03 pde=0.000e+00 ss=0.12
  ep14 step150/237 total=2.218e-01 mse=1.606e-01 latent=2.581e-01 ce=1.247e-02 pde=0.000e+00 ss=0.12
  ep14 step200/237 total=2.649e-01 mse=2.112e-01 latent=2.971e-01 ce=1.071e-02 pde=0.000e+00 ss=0.12
Epoch 14/120 | train total=2.1741e-01 mse=1.7442e-01 ce=6.9139e-03 | val_mse=3.1780e-01 | lr_p=3.00e-05 lr_l=1.00e-05 | 138s
GSPDEModel saved to ./phase3_big_local/best_model
  -> best (val_mse=3.1780e-01)
  ep15 step0/237 total=3.170e-01 mse=3.424e-01 latent=2.801e-01 ce=5.775e-03 pde=0.000e+00 ss=0.13
  ep15 step50/237 total=1.809e-01 mse=1.247e-01 latent=2.313e-01 ce=2.862e-03 pde=0.000e+00 ss=0.13
  ep15 step100/237 total=1.892e-01 mse=1.627e-01 latent=2.118e-01 ce=1.898e-03 pde=0.000e+00 ss=0.13
  ep15 step150/237 total=1.960e-01 mse=1.530e-01 latent=2.179e-01 ce=1.051e-02 pde=0.000e+00 ss=0.13
  ep15 step200/237 total=2.145e-01 mse=1.506e-01 latent=2.389e-01 ce=1.974e-02 pde=0.000e+00 ss=0.13
Epoch 15/120 | train total=2.1633e-01 mse=1.7572e-01 ce=6.1302e-03 | val_mse=3.1586e-01 | lr_p=3.00e-05 lr_l=1.00e-05 | 138s
GSPDEModel saved to ./phase3_big_local/best_model
  -> best (val_mse=3.1586e-01)
  ep16 step0/237 total=1.837e-01 mse=1.500e-01 latent=2.139e-01 ce=1.785e-03 pde=1.846e-03 ss=0.14
  ep16 step50/237 total=2.051e-01 mse=1.867e-01 latent=1.973e-01 ce=1.304e-02 pde=1.793e-03 ss=0.14
  ep16 step100/237 total=1.767e-01 mse=1.293e-01 latent=2.236e-01 ce=3.060e-04 pde=2.049e-03 ss=0.14
  ep16 step150/237 total=2.292e-01 mse=2.005e-01 latent=2.552e-01 ce=1.350e-03 pde=1.765e-03 ss=0.14
  ep16 step200/237 total=2.156e-01 mse=1.788e-01 latent=2.504e-01 ce=9.765e-04 pde=1.899e-03 ss=0.14
Epoch 16/120 | train total=2.1355e-01 mse=1.7159e-01 ce=7.3917e-03 | val_mse=3.1399e-01 | lr_p=3.00e-05 lr_l=1.00e-05 | 139s
GSPDEModel saved to ./phase3_big_local/best_model
  -> best (val_mse=3.1399e-01)
  ep17 step0/237 total=1.711e-01 mse=1.273e-01 latent=2.068e-01 ce=4.052e-03 pde=2.222e-03 ss=0.16
  ep17 step50/237 total=2.185e-01 mse=1.723e-01 latent=2.630e-01 ce=8.815e-04 pde=1.824e-03 ss=0.16
  ep17 step100/237 total=2.216e-01 mse=1.726e-01 latent=2.499e-01 ce=1.042e-02 pde=1.863e-03 ss=0.16
  ep17 step150/237 total=1.510e-01 mse=1.211e-01 latent=1.787e-01 ce=1.137e-03 pde=2.982e-03 ss=0.16
  ep17 step200/237 total=2.213e-01 mse=1.856e-01 latent=2.541e-01 ce=1.496e-03 pde=1.944e-03 ss=0.16
Epoch 17/120 | train total=2.1289e-01 mse=1.7305e-01 ce=6.0458e-03 | val_mse=3.1023e-01 | lr_p=3.00e-05 lr_l=1.00e-05 | 139s
GSPDEModel saved to ./phase3_big_local/best_model
  -> best (val_mse=3.1023e-01)
  ep18 step0/237 total=1.974e-01 mse=1.604e-01 latent=2.305e-01 ce=1.876e-03 pde=2.232e-03 ss=0.17
  ep18 step50/237 total=2.742e-01 mse=2.726e-01 latent=2.740e-01 ce=8.787e-04 pde=1.809e-03 ss=0.17
  ep18 step100/237 total=2.030e-01 mse=1.752e-01 latent=2.278e-01 ce=1.545e-03 pde=1.723e-03 ss=0.17
  ep18 step150/237 total=2.222e-01 mse=1.772e-01 latent=2.643e-01 ce=1.424e-03 pde=1.742e-03 ss=0.17
  ep18 step200/237 total=1.992e-01 mse=1.539e-01 latent=2.195e-01 ce=1.255e-02 pde=2.054e-03 ss=0.17
Epoch 18/120 | train total=2.1079e-01 mse=1.7241e-01 ce=6.2602e-03 | val_mse=3.1487e-01 | lr_p=3.00e-05 lr_l=1.00e-05 | 139s
  ep19 step0/237 total=2.354e-01 mse=1.720e-01 latent=2.726e-01 ce=1.307e-02 pde=2.156e-03 ss=0.18
  ep19 step50/237 total=2.218e-01 mse=1.582e-01 latent=2.325e-01 ce=2.646e-02 pde=1.841e-03 ss=0.18
  ep19 step100/237 total=1.972e-01 mse=1.549e-01 latent=2.391e-01 ce=2.799e-04 pde=2.034e-03 ss=0.18
  ep19 step150/237 total=1.978e-01 mse=1.465e-01 latent=2.428e-01 ce=3.218e-03 pde=2.137e-03 ss=0.18
  ep19 step200/237 total=2.292e-01 mse=1.857e-01 latent=2.603e-01 ce=6.154e-03 pde=1.914e-03 ss=0.18
Epoch 19/120 | train total=2.1167e-01 mse=1.7263e-01 ce=7.0008e-03 | val_mse=3.0818e-01 | lr_p=3.00e-05 lr_l=1.00e-05 | 140s
GSPDEModel saved to ./phase3_big_local/best_model
  -> best (val_mse=3.0818e-01)
  ep20 step0/237 total=2.714e-01 mse=2.386e-01 latent=2.612e-01 ce=2.148e-02 pde=2.820e-03 ss=0.19
  ep20 step50/237 total=2.243e-01 mse=1.764e-01 latent=2.539e-01 ce=9.083e-03 pde=1.833e-03 ss=0.19
  ep20 step100/237 total=1.781e-01 mse=1.396e-01 latent=2.005e-01 ce=8.081e-03 pde=1.987e-03 ss=0.19
  ep20 step150/237 total=1.952e-01 mse=1.698e-01 latent=2.190e-01 ce=7.772e-04 pde=1.772e-03 ss=0.19
  ep20 step200/237 total=2.174e-01 mse=1.612e-01 latent=2.705e-01 ce=1.541e-03 pde=1.659e-03 ss=0.19
Epoch 20/120 | train total=2.0855e-01 mse=1.7141e-01 ce=6.1377e-03 | val_mse=3.0933e-01 | lr_p=3.00e-05 lr_l=1.00e-05 | 139s
GSPDEModel saved to ./phase3_big_local/epoch_20
  ep21 step0/237 total=1.559e-01 mse=1.254e-01 latent=1.665e-01 ce=9.965e-03 pde=2.182e-03 ss=0.20
  ep21 step50/237 total=2.969e-01 mse=2.672e-01 latent=3.215e-01 ce=2.535e-03 pde=1.731e-03 ss=0.20
  ep21 step100/237 total=2.230e-01 mse=1.698e-01 latent=2.477e-01 ce=1.421e-02 pde=1.874e-03 ss=0.20
  ep21 step150/237 total=2.570e-01 mse=2.162e-01 latent=2.956e-01 ce=1.080e-03 pde=1.836e-03 ss=0.20
  ep21 step200/237 total=1.697e-01 mse=1.260e-01 latent=2.086e-01 ce=2.395e-03 pde=1.788e-03 ss=0.20
Epoch 21/120 | train total=2.0559e-01 mse=1.6850e-01 ce=5.6685e-03 | val_mse=3.1119e-01 | lr_p=3.00e-05 lr_l=1.00e-05 | 140s
  ep22 step0/237 total=1.584e-01 mse=1.137e-01 latent=2.002e-01 ce=1.423e-03 pde=1.971e-03 ss=0.21
  ep22 step50/237 total=1.729e-01 mse=1.187e-01 latent=2.249e-01 ce=1.115e-03 pde=1.723e-03 ss=0.21
  ep22 step100/237 total=2.504e-01 mse=2.123e-01 latent=2.874e-01 ce=5.265e-04 pde=4.982e-03 ss=0.21
  ep22 step150/237 total=2.338e-01 mse=2.114e-01 latent=2.511e-01 ce=2.558e-03 pde=2.511e-03 ss=0.21
  ep22 step200/237 total=2.043e-01 mse=1.084e-01 latent=2.161e-01 ce=4.206e-02 pde=2.401e-03 ss=0.21
Epoch 22/120 | train total=2.0525e-01 mse=1.6834e-01 ce=6.0353e-03 | val_mse=3.0983e-01 | lr_p=3.00e-05 lr_l=1.00e-05 | 140s
  ep23 step0/237 total=1.764e-01 mse=1.284e-01 latent=2.230e-01 ce=6.664e-04 pde=1.743e-03 ss=0.22
  ep23 step50/237 total=1.665e-01 mse=1.153e-01 latent=2.168e-01 ce=4.228e-04 pde=2.057e-03 ss=0.22
  ep23 step100/237 total=1.355e-01 mse=1.181e-01 latent=1.510e-01 ce=9.613e-04 pde=2.013e-03 ss=0.22
  ep23 step150/237 total=1.794e-01 mse=1.381e-01 latent=2.015e-01 ce=9.558e-03 pde=1.919e-03 ss=0.22
  ep23 step200/237 total=1.615e-01 mse=1.298e-01 latent=1.854e-01 ce=3.814e-03 pde=2.268e-03 ss=0.22
Epoch 23/120 | train total=2.0545e-01 mse=1.6800e-01 ce=6.4432e-03 | val_mse=3.1374e-01 | lr_p=3.00e-05 lr_l=1.00e-05 | 139s
  ep24 step0/237 total=1.851e-01 mse=1.245e-01 latent=2.120e-01 ce=1.681e-02 pde=1.734e-03 ss=0.23
  ep24 step50/237 total=2.265e-01 mse=1.974e-01 latent=2.328e-01 ce=1.141e-02 pde=2.027e-03 ss=0.23
  ep24 step100/237 total=3.203e-01 mse=2.822e-01 latent=3.562e-01 ce=1.095e-03 pde=2.147e-03 ss=0.23
  ep24 step150/237 total=2.155e-01 mse=1.802e-01 latent=2.428e-01 ce=4.021e-03 pde=1.895e-03 ss=0.23
  ep24 step200/237 total=1.682e-01 mse=1.180e-01 latent=2.128e-01 ce=2.716e-03 pde=2.078e-03 ss=0.23
Epoch 24/120 | train total=2.0465e-01 mse=1.6850e-01 ce=6.0448e-03 | val_mse=3.0791e-01 | lr_p=3.00e-05 lr_l=1.00e-05 | 140s
GSPDEModel saved to ./phase3_big_local/best_model
  -> best (val_mse=3.0791e-01)
  ep25 step0/237 total=1.922e-01 mse=1.369e-01 latent=2.424e-01 ce=2.535e-03 pde=1.742e-03 ss=0.24
  ep25 step50/237 total=1.482e-01 mse=1.091e-01 latent=1.773e-01 ce=4.957e-03 pde=1.827e-03 ss=0.24
  ep25 step100/237 total=1.938e-01 mse=1.506e-01 latent=2.275e-01 ce=4.691e-03 pde=1.894e-03 ss=0.24
  ep25 step150/237 total=2.133e-01 mse=1.733e-01 latent=2.507e-01 ce=1.333e-03 pde=1.921e-03 ss=0.24
  ep25 step200/237 total=1.635e-01 mse=1.249e-01 latent=1.976e-01 ce=2.291e-03 pde=1.726e-03 ss=0.24
Epoch 25/120 | train total=2.0347e-01 mse=1.6664e-01 ce=6.6094e-03 | val_mse=3.0677e-01 | lr_p=3.00e-05 lr_l=1.00e-05 | 140s
GSPDEModel saved to ./phase3_big_local/best_model
  -> best (val_mse=3.0677e-01)
  ep26 step0/237 total=1.281e-01 mse=9.291e-02 latent=1.625e-01 ce=3.468e-04 pde=1.782e-03 ss=0.26
  ep26 step50/237 total=2.580e-01 mse=2.178e-01 latent=2.891e-01 ce=4.473e-03 pde=1.806e-03 ss=0.26
  ep26 step100/237 total=2.072e-01 mse=1.653e-01 latent=2.444e-01 ce=2.323e-03 pde=1.955e-03 ss=0.26
  ep26 step150/237 total=2.081e-01 mse=1.697e-01 latent=2.347e-01 ce=5.908e-03 pde=2.015e-03 ss=0.26
  ep26 step200/237 total=1.411e-01 mse=1.066e-01 latent=1.750e-01 ce=2.629e-04 pde=1.829e-03 ss=0.26
Epoch 26/120 | train total=2.0116e-01 mse=1.6463e-01 ce=6.5944e-03 | val_mse=3.0771e-01 | lr_p=3.00e-05 lr_l=1.00e-05 | 141s
  ep27 step0/237 total=2.301e-01 mse=2.003e-01 latent=2.590e-01 ce=3.853e-04 pde=2.005e-03 ss=0.27
  ep27 step50/237 total=2.295e-01 mse=2.190e-01 latent=2.370e-01 ce=1.532e-03 pde=2.244e-03 ss=0.27
  ep27 step100/237 total=1.595e-01 mse=1.281e-01 latent=1.731e-01 ce=8.939e-03 pde=2.160e-03 ss=0.27
  ep27 step150/237 total=2.023e-01 mse=1.342e-01 latent=2.141e-01 ce=2.818e-02 pde=1.904e-03 ss=0.27
  ep27 step200/237 total=2.173e-01 mse=1.887e-01 latent=2.410e-01 ce=2.411e-03 pde=2.174e-03 ss=0.27
Epoch 27/120 | train total=1.9880e-01 mse=1.6266e-01 ce=6.2875e-03 | val_mse=3.0790e-01 | lr_p=3.00e-05 lr_l=1.00e-05 | 140s
  ep28 step0/237 total=1.235e-01 mse=9.187e-02 latent=1.345e-01 ce=1.032e-02 pde=1.771e-03 ss=0.28
  ep28 step50/237 total=1.834e-01 mse=1.550e-01 latent=2.115e-01 ce=1.545e-04 pde=1.879e-03 ss=0.28
  ep28 step100/237 total=2.074e-01 mse=1.838e-01 latent=2.182e-01 ce=6.358e-03 pde=2.075e-03 ss=0.28
  ep28 step150/237 total=2.024e-01 mse=1.775e-01 latent=2.259e-01 ce=7.263e-04 pde=1.796e-03 ss=0.28
  ep28 step200/237 total=2.243e-01 mse=1.755e-01 latent=2.197e-01 ce=2.664e-02 pde=1.737e-03 ss=0.28
Epoch 28/120 | train total=1.9881e-01 mse=1.6424e-01 ce=5.7543e-03 | val_mse=3.0847e-01 | lr_p=3.00e-05 lr_l=1.00e-05 | 140s
  ep29 step0/237 total=2.333e-01 mse=2.066e-01 latent=2.529e-01 ce=3.530e-03 pde=1.934e-03 ss=0.29
  ep29 step50/237 total=1.910e-01 mse=1.669e-01 latent=2.117e-01 ce=1.681e-03 pde=1.988e-03 ss=0.29
  ep29 step100/237 total=1.712e-01 mse=1.085e-01 latent=2.279e-01 ce=3.037e-03 pde=1.702e-03 ss=0.29
  ep29 step150/237 total=2.443e-01 mse=1.978e-01 latent=2.705e-01 ce=1.013e-02 pde=2.461e-03 ss=0.29
  ep29 step200/237 total=2.403e-01 mse=2.196e-01 latent=2.265e-01 ce=1.728e-02 pde=2.328e-03 ss=0.29
Epoch 29/120 | train total=2.0017e-01 mse=1.6328e-01 ce=7.1953e-03 | val_mse=3.1079e-01 | lr_p=3.00e-05 lr_l=1.00e-05 | 140s
  ep30 step0/237 total=1.385e-01 mse=9.550e-02 latent=1.786e-01 ce=1.425e-03 pde=1.799e-03 ss=0.30
  ep30 step50/237 total=2.509e-01 mse=2.246e-01 latent=2.686e-01 ce=4.345e-03 pde=1.903e-03 ss=0.30
  ep30 step100/237 total=2.182e-01 mse=1.761e-01 latent=2.589e-01 ce=6.875e-04 pde=1.819e-03 ss=0.30
  ep30 step150/237 total=1.960e-01 mse=1.735e-01 latent=1.891e-01 ce=1.467e-02 pde=1.884e-03 ss=0.30
  ep30 step200/237 total=1.495e-01 mse=1.245e-01 latent=1.726e-01 ce=9.570e-04 pde=2.236e-03 ss=0.30
Epoch 30/120 | train total=1.9662e-01 mse=1.6166e-01 ce=6.1243e-03 | val_mse=3.0462e-01 | lr_p=3.00e-05 lr_l=1.00e-05 | 140s
GSPDEModel saved to ./phase3_big_local/best_model
  -> best (val_mse=3.0462e-01)
  ep31 step0/237 total=1.814e-01 mse=1.397e-01 latent=2.226e-01 ce=2.528e-04 pde=1.767e-03 ss=0.30
  ep31 step50/237 total=1.552e-01 mse=1.195e-01 latent=1.901e-01 ce=4.483e-04 pde=1.690e-03 ss=0.30
  ep31 step100/237 total=2.080e-01 mse=1.514e-01 latent=2.127e-01 ce=2.596e-02 pde=1.836e-03 ss=0.30
  ep31 step150/237 total=1.585e-01 mse=1.276e-01 latent=1.685e-01 ce=1.047e-02 pde=2.573e-03 ss=0.30
  ep31 step200/237 total=1.994e-01 mse=1.604e-01 latent=2.348e-01 ce=1.723e-03 pde=1.953e-03 ss=0.30
Epoch 31/120 | train total=1.9379e-01 mse=1.5874e-01 ce=5.9504e-03 | val_mse=3.0700e-01 | lr_p=3.00e-05 lr_l=1.00e-05 | 140s
  ep32 step0/237 total=2.134e-01 mse=1.936e-01 latent=2.274e-01 ce=2.928e-03 pde=1.964e-03 ss=0.30
  ep32 step50/237 total=2.288e-01 mse=1.809e-01 latent=2.725e-01 ce=2.054e-03 pde=2.185e-03 ss=0.30
  ep32 step100/237 total=1.988e-01 mse=1.607e-01 latent=2.324e-01 ce=2.282e-03 pde=2.650e-03 ss=0.30
  ep32 step150/237 total=2.142e-01 mse=1.414e-01 latent=2.019e-01 ce=4.253e-02 pde=2.714e-03 ss=0.30
  ep32 step200/237 total=1.757e-01 mse=1.753e-01 latent=1.658e-01 ce=5.074e-03 pde=1.809e-03 ss=0.30
Epoch 32/120 | train total=1.9368e-01 mse=1.5812e-01 ce=6.3050e-03 | val_mse=3.0758e-01 | lr_p=3.00e-05 lr_l=1.00e-05 | 140s
  ep33 step0/237 total=1.476e-01 mse=1.068e-01 latent=1.769e-01 ce=5.743e-03 pde=1.695e-03 ss=0.30
  ep33 step50/237 total=2.030e-01 mse=1.466e-01 latent=2.253e-01 ce=1.700e-02 pde=1.839e-03 ss=0.30
  ep33 step100/237 total=1.584e-01 mse=1.182e-01 latent=1.953e-01 ce=1.636e-03 pde=1.718e-03 ss=0.30
  ep33 step150/237 total=2.425e-01 mse=1.872e-01 latent=2.460e-01 ce=2.585e-02 pde=1.942e-03 ss=0.30
  ep33 step200/237 total=1.997e-01 mse=1.755e-01 latent=2.235e-01 ce=1.687e-04 pde=1.811e-03 ss=0.30
Epoch 33/120 | train total=1.8805e-01 mse=1.5341e-01 ce=5.2097e-03 | val_mse=3.1005e-01 | lr_p=3.00e-05 lr_l=1.00e-05 | 139s
  ep34 step0/237 total=1.961e-01 mse=1.437e-01 latent=2.444e-01 ce=2.084e-03 pde=1.843e-03 ss=0.30
  ep34 step50/237 total=1.991e-01 mse=1.679e-01 latent=2.186e-01 ce=5.836e-03 pde=1.746e-03 ss=0.30
  ep34 step100/237 total=1.544e-01 mse=1.119e-01 latent=1.965e-01 ce=2.289e-04 pde=1.776e-03 ss=0.30
  ep34 step150/237 total=1.403e-01 mse=1.122e-01 latent=1.586e-01 ce=4.882e-03 pde=1.893e-03 ss=0.30
  ep34 step200/237 total=1.918e-01 mse=1.650e-01 latent=2.179e-01 ce=3.124e-04 pde=1.771e-03 ss=0.30
Epoch 34/120 | train total=1.8587e-01 mse=1.5077e-01 ce=5.5038e-03 | val_mse=3.0860e-01 | lr_p=3.00e-05 lr_l=1.00e-05 | 139s
  ep35 step0/237 total=1.926e-01 mse=1.743e-01 latent=2.090e-01 ce=9.521e-04 pde=1.725e-03 ss=0.30
  ep35 step50/237 total=1.911e-01 mse=1.739e-01 latent=2.076e-01 ce=3.618e-04 pde=1.821e-03 ss=0.30
  ep35 step100/237 total=2.078e-01 mse=1.657e-01 latent=2.492e-01 ce=3.469e-04 pde=1.737e-03 ss=0.30
  ep35 step150/237 total=1.476e-01 mse=1.205e-01 latent=1.724e-01 ce=1.094e-03 pde=2.014e-03 ss=0.30
  ep35 step200/237 total=1.502e-01 mse=1.305e-01 latent=1.627e-01 ce=3.582e-03 pde=1.901e-03 ss=0.30
Epoch 35/120 | train total=1.8727e-01 mse=1.5305e-01 ce=5.3372e-03 | val_mse=3.1094e-01 | lr_p=3.00e-05 lr_l=1.00e-05 | 140s
  ep36 step0/237 total=2.019e-01 mse=1.723e-01 latent=2.291e-01 ce=1.169e-03 pde=1.974e-03 ss=0.30
  ep36 step50/237 total=2.208e-01 mse=1.670e-01 latent=2.676e-01 ce=3.523e-03 pde=1.678e-03 ss=0.30
  ep36 step100/237 total=2.170e-01 mse=1.882e-01 latent=2.376e-01 ce=4.094e-03 pde=2.468e-03 ss=0.30
  ep36 step150/237 total=1.688e-01 mse=1.473e-01 latent=1.894e-01 ce=4.221e-04 pde=1.725e-03 ss=0.30
  ep36 step200/237 total=1.886e-01 mse=1.610e-01 latent=2.148e-01 ce=7.340e-04 pde=1.928e-03 ss=0.30
Epoch 36/120 | train total=1.8476e-01 mse=1.5073e-01 ce=4.7205e-03 | val_mse=3.0420e-01 | lr_p=3.00e-05 lr_l=1.00e-05 | 139s
GSPDEModel saved to ./phase3_big_local/best_model
  -> best (val_mse=3.0420e-01)
  ep37 step0/237 total=1.801e-01 mse=1.320e-01 latent=2.259e-01 ce=1.111e-03 pde=2.375e-03 ss=0.30
  ep37 step50/237 total=2.195e-01 mse=1.824e-01 latent=2.487e-01 ce=3.916e-03 pde=2.262e-03 ss=0.30
  ep37 step100/237 total=2.588e-01 mse=2.432e-01 latent=2.627e-01 ce=5.791e-03 pde=1.908e-03 ss=0.30
  ep37 step150/237 total=2.701e-01 mse=2.458e-01 latent=2.922e-01 ce=1.045e-03 pde=1.850e-03 ss=0.30
  ep37 step200/237 total=1.468e-01 mse=1.174e-01 latent=1.639e-01 ce=6.109e-03 pde=1.937e-03 ss=0.30
Epoch 37/120 | train total=1.8040e-01 mse=1.4572e-01 ce=5.2155e-03 | val_mse=3.0816e-01 | lr_p=3.00e-05 lr_l=1.00e-05 | 139s
  ep38 step0/237 total=9.064e-02 mse=6.097e-02 latent=1.168e-01 ce=1.718e-03 pde=1.816e-03 ss=0.30
  ep38 step50/237 total=1.553e-01 mse=1.215e-01 latent=1.882e-01 ce=4.025e-04 pde=1.895e-03 ss=0.30
  ep38 step100/237 total=1.531e-01 mse=1.179e-01 latent=1.869e-01 ce=6.457e-04 pde=1.839e-03 ss=0.30
  ep38 step150/237 total=1.185e-01 mse=9.469e-02 latent=1.416e-01 ce=3.135e-04 pde=2.104e-03 ss=0.30
  ep38 step200/237 total=1.056e-01 mse=7.959e-02 latent=1.286e-01 ce=1.457e-03 pde=1.799e-03 ss=0.30
Epoch 38/120 | train total=1.7639e-01 mse=1.4082e-01 ce=5.1812e-03 | val_mse=3.0785e-01 | lr_p=3.00e-05 lr_l=1.00e-05 | 140s
  ep39 step0/237 total=1.524e-01 mse=1.067e-01 latent=1.864e-01 ce=5.853e-03 pde=1.720e-03 ss=0.30
  ep39 step50/237 total=2.022e-01 mse=1.600e-01 latent=2.416e-01 ce=1.343e-03 pde=1.762e-03 ss=0.30
  ep39 step100/237 total=1.413e-01 mse=8.893e-02 latent=1.903e-01 ce=1.624e-03 pde=1.839e-03 ss=0.30
  ep39 step150/237 total=1.474e-01 mse=1.054e-01 latent=1.867e-01 ce=1.322e-03 pde=1.910e-03 ss=0.30
  ep39 step200/237 total=2.016e-01 mse=1.632e-01 latent=2.353e-01 ce=2.345e-03 pde=1.862e-03 ss=0.30
Epoch 39/120 | train total=1.7855e-01 mse=1.4274e-01 ce=6.0697e-03 | val_mse=3.0258e-01 | lr_p=3.00e-05 lr_l=1.00e-05 | 139s
GSPDEModel saved to ./phase3_big_local/best_model
  -> best (val_mse=3.0258e-01)
  ep40 step0/237 total=1.777e-01 mse=1.400e-01 latent=2.142e-01 ce=5.140e-04 pde=2.003e-03 ss=0.30
  ep40 step50/237 total=1.550e-01 mse=1.277e-01 latent=1.561e-01 ce=1.306e-02 pde=1.842e-03 ss=0.30
  ep40 step100/237 total=1.791e-01 mse=1.451e-01 latent=1.858e-01 ce=1.369e-02 pde=1.841e-03 ss=0.30
  ep40 step150/237 total=2.010e-01 mse=1.770e-01 latent=2.246e-01 ce=1.160e-04 pde=1.848e-03 ss=0.30
  ep40 step200/237 total=1.090e-01 mse=7.430e-02 latent=1.433e-01 ce=1.733e-04 pde=1.796e-03 ss=0.30
Epoch 40/120 | train total=1.7443e-01 mse=1.4000e-01 ce=4.5341e-03 | val_mse=3.0503e-01 | lr_p=3.00e-05 lr_l=1.00e-05 | 140s
GSPDEModel saved to ./phase3_big_local/epoch_40
  ep41 step0/237 total=1.647e-01 mse=1.235e-01 latent=1.932e-01 ce=6.335e-03 pde=1.840e-03 ss=0.30
  ep41 step50/237 total=1.642e-01 mse=1.168e-01 latent=2.085e-01 ce=1.555e-03 pde=1.747e-03 ss=0.30
  ep41 step100/237 total=1.607e-01 mse=1.427e-01 latent=1.721e-01 ce=3.242e-03 pde=2.289e-03 ss=0.30
  ep41 step150/237 total=1.808e-01 mse=1.553e-01 latent=2.033e-01 ce=1.414e-03 pde=1.972e-03 ss=0.30
  ep41 step200/237 total=1.867e-01 mse=1.538e-01 latent=2.029e-01 ce=8.347e-03 pde=1.816e-03 ss=0.30
Epoch 41/120 | train total=1.7199e-01 mse=1.3800e-01 ce=4.1599e-03 | val_mse=3.0147e-01 | lr_p=3.00e-05 lr_l=1.00e-05 | 139s
GSPDEModel saved to ./phase3_big_local/best_model
  -> best (val_mse=3.0147e-01)
  ep42 step0/237 total=1.899e-01 mse=1.646e-01 latent=2.012e-01 ce=7.002e-03 pde=1.733e-03 ss=0.30
  ep42 step50/237 total=1.989e-01 mse=1.299e-01 latent=1.967e-01 ce=3.561e-02 pde=1.873e-03 ss=0.30
  ep42 step100/237 total=1.813e-01 mse=1.454e-01 latent=2.132e-01 ce=1.981e-03 pde=2.109e-03 ss=0.30
  ep42 step150/237 total=1.192e-01 mse=8.021e-02 latent=1.541e-01 ce=2.043e-03 pde=1.828e-03 ss=0.30
  ep42 step200/237 total=1.614e-01 mse=1.251e-01 latent=1.969e-01 ce=3.362e-04 pde=1.789e-03 ss=0.30
Epoch 42/120 | train total=1.7066e-01 mse=1.3685e-01 ce=4.1182e-03 | val_mse=3.0682e-01 | lr_p=3.00e-05 lr_l=1.00e-05 | 141s
  ep43 step0/237 total=1.931e-01 mse=1.675e-01 latent=2.041e-01 ce=7.319e-03 pde=2.091e-03 ss=0.30
  ep43 step50/237 total=1.631e-01 mse=1.470e-01 latent=1.761e-01 ce=1.567e-03 pde=1.934e-03 ss=0.30
  ep43 step100/237 total=2.377e-01 mse=1.712e-01 latent=2.784e-01 ce=1.288e-02 pde=2.011e-03 ss=0.30
  ep43 step150/237 total=1.057e-01 mse=8.242e-02 latent=1.243e-01 ce=2.281e-03 pde=1.848e-03 ss=0.30
  ep43 step200/237 total=1.995e-01 mse=1.541e-01 latent=2.394e-01 ce=2.723e-03 pde=1.939e-03 ss=0.30
Epoch 43/120 | train total=1.7060e-01 mse=1.3581e-01 ce=5.1437e-03 | val_mse=3.0433e-01 | lr_p=3.00e-05 lr_l=1.00e-05 | 139s
  ep44 step0/237 total=1.582e-01 mse=1.134e-01 latent=1.796e-01 ce=1.171e-02 pde=1.834e-03 ss=0.30
  ep44 step50/237 total=1.879e-01 mse=1.331e-01 latent=2.242e-01 ce=9.277e-03 pde=1.945e-03 ss=0.30
  ep44 step100/237 total=1.520e-01 mse=1.220e-01 latent=1.810e-01 ce=4.752e-04 pde=1.941e-03 ss=0.30
  ep44 step150/237 total=1.448e-01 mse=1.020e-01 latent=1.807e-01 ce=3.421e-03 pde=1.695e-03 ss=0.30
  ep44 step200/237 total=1.579e-01 mse=1.465e-01 latent=1.682e-01 ce=5.170e-04 pde=2.232e-03 ss=0.30
Epoch 44/120 | train total=1.6835e-01 mse=1.3376e-01 ce=4.7562e-03 | val_mse=3.0700e-01 | lr_p=3.00e-05 lr_l=1.00e-05 | 140s
  ep45 step0/237 total=1.376e-01 mse=1.054e-01 latent=1.351e-01 ce=1.736e-02 pde=1.884e-03 ss=0.30
  ep45 step50/237 total=1.445e-01 mse=9.434e-02 latent=1.940e-01 ce=3.596e-04 pde=1.700e-03 ss=0.30
  ep45 step100/237 total=1.548e-01 mse=9.822e-02 latent=2.071e-01 ce=2.104e-03 pde=1.826e-03 ss=0.30
  ep45 step150/237 total=1.862e-01 mse=1.402e-01 latent=2.314e-01 ce=3.601e-04 pde=1.786e-03 ss=0.30
  ep45 step200/237 total=1.843e-01 mse=1.482e-01 latent=2.190e-01 ce=7.273e-04 pde=1.981e-03 ss=0.30
Epoch 45/120 | train total=1.6682e-01 mse=1.3211e-01 ce=4.5341e-03 | val_mse=3.0512e-01 | lr_p=3.00e-05 lr_l=1.00e-05 | 140s
  ep46 step0/237 total=1.607e-01 mse=1.176e-01 latent=2.034e-01 ce=1.833e-04 pde=1.768e-03 ss=0.30
  ep46 step50/237 total=1.670e-01 mse=1.270e-01 latent=2.068e-01 ce=1.331e-04 pde=1.803e-03 ss=0.30
  ep46 step100/237 total=1.546e-01 mse=1.266e-01 latent=1.562e-01 ce=1.317e-02 pde=1.946e-03 ss=0.30
  ep46 step150/237 total=1.433e-01 mse=1.137e-01 latent=1.661e-01 ce=3.342e-03 pde=1.966e-03 ss=0.30
  ep46 step200/237 total=1.079e-01 mse=7.887e-02 latent=1.283e-01 ce=4.315e-03 pde=1.708e-03 ss=0.30
Epoch 46/120 | train total=1.6589e-01 mse=1.3178e-01 ce=4.2776e-03 | val_mse=3.0523e-01 | lr_p=3.00e-05 lr_l=1.00e-05 | 139s
  ep47 step0/237 total=2.590e-01 mse=2.305e-01 latent=2.609e-01 ce=1.325e-02 pde=1.759e-03 ss=0.30
  ep47 step50/237 total=1.942e-01 mse=1.591e-01 latent=2.284e-01 ce=4.171e-04 pde=2.259e-03 ss=0.30
  ep47 step100/237 total=1.562e-01 mse=1.228e-01 latent=1.892e-01 ce=1.882e-04 pde=1.876e-03 ss=0.30
  ep47 step150/237 total=1.840e-01 mse=1.558e-01 latent=2.114e-01 ce=3.600e-04 pde=1.790e-03 ss=0.30
  ep47 step200/237 total=2.070e-01 mse=1.852e-01 latent=2.228e-01 ce=2.943e-03 pde=2.148e-03 ss=0.30
Epoch 47/120 | train total=1.6209e-01 mse=1.2838e-01 ce=3.7421e-03 | val_mse=3.0678e-01 | lr_p=3.00e-05 lr_l=1.00e-05 | 140s
  ep48 step0/237 total=2.619e-01 mse=2.224e-01 latent=2.971e-01 ce=2.143e-03 pde=1.967e-03 ss=0.30
  ep48 step50/237 total=1.664e-01 mse=1.429e-01 latent=1.803e-01 ce=4.706e-03 pde=2.295e-03 ss=0.30
  ep48 step100/237 total=1.762e-01 mse=1.337e-01 latent=2.137e-01 ce=2.445e-03 pde=1.675e-03 ss=0.30
  ep48 step150/237 total=1.743e-01 mse=1.497e-01 latent=1.981e-01 ce=3.921e-04 pde=1.842e-03 ss=0.30
  ep48 step200/237 total=1.840e-01 mse=1.348e-01 latent=2.326e-01 ce=2.227e-04 pde=1.745e-03 ss=0.30
Epoch 48/120 | train total=1.6202e-01 mse=1.2738e-01 ce=4.1205e-03 | val_mse=3.0560e-01 | lr_p=3.00e-05 lr_l=1.00e-05 | 140s
  ep49 step0/237 total=1.836e-01 mse=1.615e-01 latent=2.033e-01 ce=1.151e-03 pde=1.848e-03 ss=0.30
  ep49 step50/237 total=1.888e-01 mse=1.554e-01 latent=2.211e-01 ce=5.356e-04 pde=1.758e-03 ss=0.30
  ep49 step100/237 total=1.194e-01 mse=7.796e-02 latent=1.600e-01 ce=3.272e-04 pde=1.785e-03 ss=0.30
  ep49 step150/237 total=2.222e-01 mse=1.921e-01 latent=2.489e-01 ce=1.655e-03 pde=1.760e-03 ss=0.30
  ep49 step200/237 total=2.097e-01 mse=1.851e-01 latent=2.329e-01 ce=6.542e-04 pde=1.839e-03 ss=0.30
Epoch 49/120 | train total=1.6082e-01 mse=1.2758e-01 ce=3.5205e-03 | val_mse=3.0636e-01 | lr_p=3.00e-05 lr_l=1.00e-05 | 139s
  ep50 step0/237 total=1.380e-01 mse=9.673e-02 latent=1.769e-01 ce=1.081e-03 pde=2.624e-03 ss=0.30
  ep50 step50/237 total=1.440e-01 mse=1.115e-01 latent=1.758e-01 ce=2.885e-04 pde=2.049e-03 ss=0.30
  ep50 step100/237 total=1.512e-01 mse=1.186e-01 latent=1.797e-01 ce=2.049e-03 pde=1.658e-03 ss=0.30
  ep50 step150/237 total=1.977e-01 mse=1.673e-01 latent=2.143e-01 ce=6.795e-03 pde=1.921e-03 ss=0.30
  ep50 step200/237 total=1.664e-01 mse=1.134e-01 latent=1.699e-01 ce=2.470e-02 pde=1.848e-03 ss=0.30
Epoch 50/120 | train total=1.5735e-01 mse=1.2379e-01 ce=3.2072e-03 | val_mse=3.0119e-01 | lr_p=3.00e-05 lr_l=1.00e-05 | 140s
GSPDEModel saved to ./phase3_big_local/best_model
  -> best (val_mse=3.0119e-01)
  ep51 step0/237 total=1.905e-01 mse=1.520e-01 latent=2.279e-01 ce=5.181e-04 pde=1.808e-03 ss=0.30
  ep51 step50/237 total=1.780e-01 mse=1.344e-01 latent=2.155e-01 ce=3.007e-03 pde=1.933e-03 ss=0.30
  ep51 step100/237 total=1.743e-01 mse=1.439e-01 latent=1.967e-01 ce=3.932e-03 pde=2.032e-03 ss=0.30
  ep51 step150/237 total=1.292e-01 mse=9.867e-02 latent=1.567e-01 ce=1.495e-03 pde=1.813e-03 ss=0.30
  ep51 step200/237 total=1.240e-01 mse=7.515e-02 latent=1.374e-01 ce=1.767e-02 pde=1.920e-03 ss=0.30
Epoch 51/120 | train total=1.5579e-01 mse=1.2043e-01 ce=4.6077e-03 | val_mse=3.0120e-01 | lr_p=3.00e-05 lr_l=1.00e-05 | 140s
  ep52 step0/237 total=1.489e-01 mse=1.119e-01 latent=1.799e-01 ce=3.007e-03 pde=1.652e-03 ss=0.30
  ep52 step50/237 total=1.682e-01 mse=1.229e-01 latent=2.009e-01 ce=6.219e-03 pde=1.767e-03 ss=0.30
  ep52 step100/237 total=2.545e-01 mse=1.895e-01 latent=2.363e-01 ce=4.155e-02 pde=2.246e-03 ss=0.30
  ep52 step150/237 total=1.600e-01 mse=1.186e-01 latent=1.972e-01 ce=2.013e-03 pde=1.745e-03 ss=0.30
  ep52 step200/237 total=2.117e-01 mse=1.654e-01 latent=2.523e-01 ce=2.750e-03 pde=1.728e-03 ss=0.30
Epoch 52/120 | train total=1.5583e-01 mse=1.2092e-01 ce=4.0460e-03 | val_mse=3.0382e-01 | lr_p=3.00e-05 lr_l=1.00e-05 | 140s
  ep53 step0/237 total=1.461e-01 mse=9.667e-02 latent=1.952e-01 ce=1.051e-04 pde=1.714e-03 ss=0.30
  ep53 step50/237 total=1.771e-01 mse=1.361e-01 latent=2.109e-01 ce=3.496e-03 pde=2.203e-03 ss=0.30
  ep53 step100/237 total=1.541e-01 mse=1.147e-01 latent=1.921e-01 ce=7.072e-04 pde=1.761e-03 ss=0.30
  ep53 step150/237 total=1.392e-01 mse=1.044e-01 latent=1.613e-01 ce=6.312e-03 pde=1.963e-03 ss=0.30
  ep53 step200/237 total=1.585e-01 mse=1.126e-01 latent=1.848e-01 ce=9.820e-03 pde=1.866e-03 ss=0.30
Epoch 53/120 | train total=1.5431e-01 mse=1.1958e-01 ce=4.5408e-03 | val_mse=3.0249e-01 | lr_p=3.00e-05 lr_l=1.00e-05 | 140s
  ep54 step0/237 total=1.623e-01 mse=1.382e-01 latent=1.765e-01 ce=4.925e-03 pde=1.846e-03 ss=0.30
  ep54 step50/237 total=1.541e-01 mse=1.148e-01 latent=1.733e-01 ce=1.007e-02 pde=1.808e-03 ss=0.30
  ep54 step100/237 total=1.792e-01 mse=1.442e-01 latent=2.137e-01 ce=2.175e-04 pde=1.980e-03 ss=0.30
  ep54 step150/237 total=1.863e-01 mse=1.407e-01 latent=2.306e-01 ce=6.278e-04 pde=1.797e-03 ss=0.30
  ep54 step200/237 total=1.111e-01 mse=6.343e-02 latent=1.582e-01 ce=2.621e-04 pde=1.658e-03 ss=0.30
Epoch 54/120 | train total=1.5082e-01 mse=1.1707e-01 ce=3.2958e-03 | val_mse=3.1049e-01 | lr_p=3.00e-05 lr_l=1.00e-05 | 139s
  ep55 step0/237 total=1.234e-01 mse=1.143e-01 latent=1.316e-01 ce=4.682e-04 pde=2.370e-03 ss=0.30
  ep55 step50/237 total=1.383e-01 mse=1.196e-01 latent=1.551e-01 ce=8.757e-04 pde=1.737e-03 ss=0.30
  ep55 step100/237 total=2.039e-01 mse=1.895e-01 latent=2.167e-01 ce=7.165e-04 pde=1.841e-03 ss=0.30
  ep55 step150/237 total=1.540e-01 mse=1.083e-01 latent=1.950e-01 ce=2.349e-03 pde=1.708e-03 ss=0.30
  ep55 step200/237 total=1.659e-01 mse=1.212e-01 latent=2.103e-01 ce=1.285e-04 pde=1.886e-03 ss=0.30
Epoch 55/120 | train total=1.5276e-01 mse=1.1870e-01 ce=4.1429e-03 | val_mse=3.0577e-01 | lr_p=3.00e-05 lr_l=1.00e-05 | 140s
  ep56 step0/237 total=1.486e-01 mse=1.161e-01 latent=1.675e-01 ce=6.747e-03 pde=1.763e-03 ss=0.30
  ep56 step50/237 total=1.342e-01 mse=1.058e-01 latent=1.587e-01 ce=1.944e-03 pde=1.888e-03 ss=0.30
  ep56 step100/237 total=1.893e-01 mse=1.622e-01 latent=2.085e-01 ce=3.823e-03 pde=2.213e-03 ss=0.30
  ep56 step150/237 total=1.478e-01 mse=9.284e-02 latent=1.838e-01 ce=9.471e-03 pde=2.171e-03 ss=0.30
  ep56 step200/237 total=1.036e-01 mse=6.291e-02 latent=1.434e-01 ce=4.014e-04 pde=1.681e-03 ss=0.30
Epoch 56/120 | train total=1.5131e-01 mse=1.1667e-01 ce=4.3933e-03 | val_mse=3.1465e-01 | lr_p=3.00e-05 lr_l=1.00e-05 | 140s
  ep57 step0/237 total=1.329e-01 mse=1.059e-01 latent=1.592e-01 ce=3.933e-04 pde=1.704e-03 ss=0.30
  ep57 step50/237 total=1.539e-01 mse=1.286e-01 latent=1.786e-01 ce=2.259e-04 pde=1.775e-03 ss=0.30
  ep57 step100/237 total=2.024e-01 mse=1.631e-01 latent=2.272e-01 ce=7.228e-03 pde=2.372e-03 ss=0.30
  ep57 step150/237 total=1.347e-01 mse=1.239e-01 latent=1.450e-01 ce=2.517e-04 pde=1.832e-03 ss=0.30
  ep57 step200/237 total=2.029e-01 mse=1.649e-01 latent=1.971e-01 ce=2.190e-02 pde=1.728e-03 ss=0.30
Epoch 57/120 | train total=1.4861e-01 mse=1.1403e-01 ce=4.1120e-03 | val_mse=3.0870e-01 | lr_p=3.00e-05 lr_l=1.00e-05 | 140s
  ep58 step0/237 total=1.507e-01 mse=1.325e-01 latent=1.673e-01 ce=7.935e-04 pde=1.870e-03 ss=0.30
  ep58 step50/237 total=1.348e-01 mse=8.528e-02 latent=1.322e-01 ce=2.603e-02 pde=1.787e-03 ss=0.30
  ep58 step100/237 total=1.285e-01 mse=7.564e-02 latent=1.619e-01 ce=9.739e-03 pde=1.945e-03 ss=0.30
  ep58 step150/237 total=9.779e-02 mse=7.730e-02 latent=1.173e-01 ce=4.688e-04 pde=1.823e-03 ss=0.30
  ep58 step200/237 total=1.361e-01 mse=1.156e-01 latent=1.561e-01 ce=1.621e-04 pde=1.836e-03 ss=0.30
Epoch 58/120 | train total=1.4804e-01 mse=1.1402e-01 ce=4.0031e-03 | val_mse=3.0839e-01 | lr_p=3.00e-05 lr_l=1.00e-05 | 141s
  ep59 step0/237 total=1.835e-01 mse=1.541e-01 latent=2.090e-01 ce=1.931e-03 pde=1.746e-03 ss=0.30
  ep59 step50/237 total=1.718e-01 mse=1.313e-01 latent=2.039e-01 ce=4.175e-03 pde=1.720e-03 ss=0.30
  ep59 step100/237 total=1.243e-01 mse=9.291e-02 latent=1.539e-01 ce=8.127e-04 pde=1.729e-03 ss=0.30
  ep59 step150/237 total=1.355e-01 mse=1.072e-01 latent=1.615e-01 ce=1.143e-03 pde=1.747e-03 ss=0.30
  ep59 step200/237 total=1.716e-01 mse=1.412e-01 latent=1.952e-01 ce=3.299e-03 pde=1.739e-03 ss=0.30
Epoch 59/120 | train total=1.4540e-01 mse=1.1170e-01 ce=3.1726e-03 | val_mse=3.0843e-01 | lr_p=3.00e-05 lr_l=1.00e-05 | 142s
  ep60 step0/237 total=1.445e-01 mse=1.103e-01 latent=1.771e-01 ce=7.600e-04 pde=1.798e-03 ss=0.30
  ep60 step50/237 total=1.866e-01 mse=1.661e-01 latent=2.056e-01 ce=6.771e-04 pde=2.123e-03 ss=0.30
  ep60 step100/237 total=1.184e-01 mse=8.570e-02 latent=1.394e-01 ce=5.831e-03 pde=1.842e-03 ss=0.30
  ep60 step150/237 total=1.442e-01 mse=1.098e-01 latent=1.681e-01 ce=5.209e-03 pde=2.019e-03 ss=0.30
  ep60 step200/237 total=1.234e-01 mse=9.172e-02 latent=1.528e-01 ce=1.137e-03 pde=1.725e-03 ss=0.30
Epoch 60/120 | train total=1.4857e-01 mse=1.1520e-01 ce=4.0345e-03 | val_mse=3.0865e-01 | lr_p=3.00e-05 lr_l=1.00e-05 | 141s
GSPDEModel saved to ./phase3_big_local/epoch_60
  ep61 step0/237 total=8.634e-02 mse=5.669e-02 latent=1.154e-01 ce=2.355e-04 pde=1.872e-03 ss=0.30
  ep61 step50/237 total=1.355e-01 mse=9.694e-02 latent=1.724e-01 ce=8.104e-04 pde=1.809e-03 ss=0.30
  ep61 step100/237 total=1.631e-01 mse=1.115e-01 latent=2.133e-01 ce=7.242e-04 pde=1.898e-03 ss=0.30
  ep61 step150/237 total=1.385e-01 mse=1.016e-01 latent=1.671e-01 ce=4.174e-03 pde=1.712e-03 ss=0.30
  ep61 step200/237 total=1.530e-01 mse=1.229e-01 latent=1.795e-01 ce=1.734e-03 pde=1.788e-03 ss=0.30
Epoch 61/120 | train total=1.4573e-01 mse=1.1300e-01 ce=3.3485e-03 | val_mse=3.0980e-01 | lr_p=3.00e-05 lr_l=1.00e-05 | 142s
  ep62 step0/237 total=1.544e-01 mse=1.237e-01 latent=1.681e-01 ce=8.433e-03 pde=1.802e-03 ss=0.30
  ep62 step50/237 total=1.337e-01 mse=9.526e-02 latent=1.714e-01 ce=3.121e-04 pde=1.755e-03 ss=0.30
  ep62 step100/237 total=1.513e-01 mse=1.356e-01 latent=1.666e-01 ce=1.686e-04 pde=2.004e-03 ss=0.30
  ep62 step150/237 total=1.518e-01 mse=1.388e-01 latent=1.630e-01 ce=8.965e-04 pde=1.725e-03 ss=0.30
  ep62 step200/237 total=1.300e-01 mse=1.088e-01 latent=1.509e-01 ce=1.081e-04 pde=1.807e-03 ss=0.30
Epoch 62/120 | train total=1.4346e-01 mse=1.1063e-01 ce=3.0858e-03 | val_mse=3.0971e-01 | lr_p=3.00e-05 lr_l=1.00e-05 | 142s
  ep63 step0/237 total=2.431e-01 mse=2.290e-01 latent=2.479e-01 ce=4.612e-03 pde=1.936e-03 ss=0.30
  ep63 step50/237 total=1.531e-01 mse=1.099e-01 latent=1.955e-01 ce=3.710e-04 pde=1.733e-03 ss=0.30
  ep63 step100/237 total=1.370e-01 mse=8.938e-02 latent=1.518e-01 ce=1.637e-02 pde=1.729e-03 ss=0.30
  ep63 step150/237 total=1.239e-01 mse=9.410e-02 latent=1.466e-01 ce=3.545e-03 pde=1.776e-03 ss=0.30
  ep63 step200/237 total=1.381e-01 mse=1.081e-01 latent=1.678e-01 ce=1.522e-04 pde=1.723e-03 ss=0.30
Epoch 63/120 | train total=1.4269e-01 mse=1.0897e-01 ce=3.7497e-03 | val_mse=3.1446e-01 | lr_p=3.00e-05 lr_l=1.00e-05 | 142s
  ep64 step0/237 total=1.354e-01 mse=1.323e-01 latent=1.290e-01 ce=4.688e-03 pde=3.029e-03 ss=0.30
  ep64 step50/237 total=2.225e-01 mse=1.904e-01 latent=2.396e-01 ce=7.443e-03 pde=1.832e-03 ss=0.30
  ep64 step100/237 total=1.250e-01 mse=9.517e-02 latent=1.364e-01 ce=9.140e-03 pde=1.760e-03 ss=0.30
  ep64 step150/237 total=1.219e-01 mse=9.845e-02 latent=1.447e-01 ce=3.140e-04 pde=1.782e-03 ss=0.30
  ep64 step200/237 total=1.485e-01 mse=1.375e-01 latent=1.567e-01 ce=1.423e-03 pde=1.857e-03 ss=0.30
Epoch 64/120 | train total=1.3810e-01 mse=1.0407e-01 ce=3.2844e-03 | val_mse=3.1496e-01 | lr_p=3.00e-05 lr_l=1.00e-05 | 141s
  ep65 step0/237 total=1.223e-01 mse=7.899e-02 latent=1.618e-01 ce=1.864e-03 pde=1.910e-03 ss=0.30
  ep65 step50/237 total=1.843e-01 mse=1.592e-01 latent=2.089e-01 ce=2.292e-04 pde=1.933e-03 ss=0.30
  ep65 step100/237 total=1.126e-01 mse=8.742e-02 latent=1.367e-01 ce=5.021e-04 pde=1.894e-03 ss=0.30
  ep65 step150/237 total=1.668e-01 mse=1.430e-01 latent=1.904e-01 ce=9.627e-05 pde=1.902e-03 ss=0.30
  ep65 step200/237 total=1.213e-01 mse=1.002e-01 latent=1.420e-01 ce=1.362e-04 pde=1.832e-03 ss=0.30
Epoch 65/120 | train total=1.3871e-01 mse=1.0581e-01 ce=2.4014e-03 | val_mse=3.0777e-01 | lr_p=3.00e-05 lr_l=1.00e-05 | 141s
  ep66 step0/237 total=1.575e-01 mse=1.182e-01 latent=1.691e-01 ce=1.376e-02 pde=1.700e-03 ss=0.30
  ep66 step50/237 total=1.311e-01 mse=9.683e-02 latent=1.647e-01 ce=2.560e-04 pde=1.710e-03 ss=0.30
  ep66 step100/237 total=1.043e-01 mse=7.096e-02 latent=1.364e-01 ce=5.949e-04 pde=1.811e-03 ss=0.30
  ep66 step150/237 total=1.415e-01 mse=1.073e-01 latent=1.752e-01 ce=2.394e-04 pde=1.985e-03 ss=0.30
  ep66 step200/237 total=1.220e-01 mse=1.004e-01 latent=1.432e-01 ce=9.545e-05 pde=1.750e-03 ss=0.30
Epoch 66/120 | train total=1.3853e-01 mse=1.0454e-01 ce=3.4909e-03 | val_mse=3.0908e-01 | lr_p=3.00e-05 lr_l=1.00e-05 | 140s
  ep67 step0/237 total=1.384e-01 mse=9.843e-02 latent=1.774e-01 ce=3.960e-04 pde=1.822e-03 ss=0.30
  ep67 step50/237 total=1.542e-01 mse=1.496e-01 latent=1.512e-01 ce=3.784e-03 pde=1.952e-03 ss=0.30
  ep67 step100/237 total=9.427e-02 mse=6.705e-02 latent=1.162e-01 ce=2.594e-03 pde=1.789e-03 ss=0.30
  ep67 step150/237 total=1.749e-01 mse=1.300e-01 latent=2.191e-01 ce=2.775e-04 pde=1.904e-03 ss=0.30
  ep67 step200/237 total=1.266e-01 mse=8.858e-02 latent=1.641e-01 ce=1.882e-04 pde=1.867e-03 ss=0.30
Epoch 67/120 | train total=1.3598e-01 mse=1.0293e-01 ce=2.7317e-03 | val_mse=3.1232e-01 | lr_p=3.00e-05 lr_l=1.00e-05 | 140s
  ep68 step0/237 total=1.405e-01 mse=1.224e-01 latent=1.547e-01 ce=1.898e-03 pde=1.952e-03 ss=0.30
  ep68 step50/237 total=1.380e-01 mse=1.217e-01 latent=1.541e-01 ce=8.017e-05 pde=1.893e-03 ss=0.30
  ep68 step100/237 total=9.825e-02 mse=8.480e-02 latent=1.062e-01 ce=2.726e-03 pde=1.872e-03 ss=0.30
  ep68 step150/237 total=1.076e-01 mse=7.523e-02 latent=1.398e-01 ce=8.328e-05 pde=1.652e-03 ss=0.30
  ep68 step200/237 total=1.149e-01 mse=7.644e-02 latent=1.530e-01 ce=1.737e-04 pde=1.687e-03 ss=0.30
Epoch 68/120 | train total=1.3784e-01 mse=1.0402e-01 ce=3.9086e-03 | val_mse=3.0986e-01 | lr_p=3.00e-05 lr_l=1.00e-05 | 141s
  ep69 step0/237 total=1.052e-01 mse=7.866e-02 latent=1.292e-01 ce=1.220e-03 pde=1.695e-03 ss=0.30
  ep69 step50/237 total=1.766e-01 mse=1.505e-01 latent=2.020e-01 ce=3.257e-04 pde=2.080e-03 ss=0.30
  ep69 step100/237 total=1.894e-01 mse=1.943e-01 latent=1.805e-01 ce=2.007e-03 pde=1.987e-03 ss=0.30
  ep69 step150/237 total=1.253e-01 mse=9.613e-02 latent=1.542e-01 ce=7.509e-05 pde=1.659e-03 ss=0.30
  ep69 step200/237 total=1.259e-01 mse=9.611e-02 latent=1.553e-01 ce=1.447e-04 pde=1.722e-03 ss=0.30
Epoch 69/120 | train total=1.3715e-01 mse=1.0408e-01 ce=3.3894e-03 | val_mse=3.0495e-01 | lr_p=3.00e-05 lr_l=1.00e-05 | 140s
  ep70 step0/237 total=2.004e-01 mse=1.574e-01 latent=2.038e-01 ce=1.976e-02 pde=2.788e-03 ss=0.30
  ep70 step50/237 total=1.522e-01 mse=1.009e-01 latent=1.831e-01 ce=1.017e-02 pde=2.054e-03 ss=0.30
  ep70 step100/237 total=1.314e-01 mse=9.387e-02 latent=1.626e-01 ce=3.149e-03 pde=1.742e-03 ss=0.30
  ep70 step150/237 total=1.491e-01 mse=1.293e-01 latent=1.464e-01 ce=1.118e-02 pde=2.048e-03 ss=0.30
  ep70 step200/237 total=1.832e-01 mse=1.435e-01 latent=2.140e-01 ce=4.401e-03 pde=1.842e-03 ss=0.30
Epoch 70/120 | train total=1.3449e-01 mse=1.0077e-01 ce=3.5167e-03 | val_mse=3.1108e-01 | lr_p=3.00e-05 lr_l=1.00e-05 | 140s
  ep71 step0/237 total=1.554e-01 mse=1.163e-01 latent=1.910e-01 ce=1.737e-03 pde=1.846e-03 ss=0.30
  ep71 step50/237 total=1.213e-01 mse=8.071e-02 latent=1.590e-01 ce=1.394e-03 pde=1.756e-03 ss=0.30
  ep71 step100/237 total=7.572e-02 mse=4.584e-02 latent=1.016e-01 ce=1.976e-03 pde=1.912e-03 ss=0.30
  ep71 step150/237 total=1.276e-01 mse=9.836e-02 latent=1.551e-01 ce=8.405e-04 pde=1.853e-03 ss=0.30
  ep71 step200/237 total=1.054e-01 mse=8.440e-02 latent=1.258e-01 ce=2.144e-04 pde=1.958e-03 ss=0.30
Epoch 71/120 | train total=1.3340e-01 mse=1.0124e-01 ce=2.6138e-03 | val_mse=3.0525e-01 | lr_p=3.00e-05 lr_l=1.00e-05 | 140s
  ep72 step0/237 total=1.677e-01 mse=1.418e-01 latent=1.898e-01 ce=1.838e-03 pde=2.235e-03 ss=0.30
  ep72 step50/237 total=1.465e-01 mse=1.227e-01 latent=1.479e-01 ce=1.113e-02 pde=1.816e-03 ss=0.30
  ep72 step100/237 total=1.083e-01 mse=5.791e-02 latent=1.354e-01 ce=1.158e-02 pde=1.725e-03 ss=0.30
  ep72 step150/237 total=1.279e-01 mse=1.112e-01 latent=1.429e-01 ce=8.776e-04 pde=1.766e-03 ss=0.30
  ep72 step200/237 total=8.846e-02 mse=5.786e-02 latent=1.161e-01 ce=1.466e-03 pde=1.800e-03 ss=0.30
Epoch 72/120 | train total=1.3238e-01 mse=9.8949e-02 ce=3.4652e-03 | val_mse=3.1095e-01 | lr_p=3.00e-05 lr_l=1.00e-05 | 140s
  ep73 step0/237 total=1.085e-01 mse=7.240e-02 latent=1.371e-01 ce=3.689e-03 pde=1.677e-03 ss=0.30
  ep73 step50/237 total=1.548e-01 mse=1.164e-01 latent=1.853e-01 ce=3.930e-03 pde=1.705e-03 ss=0.30
  ep73 step100/237 total=1.435e-01 mse=1.053e-01 latent=1.813e-01 ce=2.040e-04 pde=1.963e-03 ss=0.30
  ep73 step150/237 total=1.585e-01 mse=1.199e-01 latent=1.958e-01 ce=5.774e-04 pde=1.669e-03 ss=0.30
  ep73 step200/237 total=1.104e-01 mse=7.353e-02 latent=1.446e-01 ce=1.342e-03 pde=1.890e-03 ss=0.30
Epoch 73/120 | train total=1.3292e-01 mse=1.0033e-01 ce=3.1228e-03 | val_mse=3.0827e-01 | lr_p=3.00e-05 lr_l=1.00e-05 | 140s
  ep74 step0/237 total=1.052e-01 mse=6.091e-02 latent=1.484e-01 ce=4.940e-04 pde=1.760e-03 ss=0.30
  ep74 step50/237 total=1.450e-01 mse=1.262e-01 latent=1.488e-01 ce=7.399e-03 pde=2.033e-03 ss=0.30
  ep74 step100/237 total=1.447e-01 mse=1.015e-01 latent=1.728e-01 ce=7.479e-03 pde=1.814e-03 ss=0.30
  ep74 step150/237 total=1.147e-01 mse=8.183e-02 latent=1.380e-01 ce=4.701e-03 pde=1.986e-03 ss=0.30
  ep74 step200/237 total=1.670e-01 mse=1.406e-01 latent=1.801e-01 ce=6.619e-03 pde=1.878e-03 ss=0.30
Epoch 74/120 | train total=1.3020e-01 mse=9.6303e-02 ce=3.2890e-03 | val_mse=3.1119e-01 | lr_p=3.00e-05 lr_l=1.00e-05 | 139s
  ep75 step0/237 total=1.395e-01 mse=1.056e-01 latent=1.732e-01 ce=7.475e-05 pde=1.753e-03 ss=0.30
  ep75 step50/237 total=9.309e-02 mse=5.154e-02 latent=1.264e-01 ce=4.098e-03 pde=1.675e-03 ss=0.30
  ep75 step100/237 total=1.587e-01 mse=1.298e-01 latent=1.869e-01 ce=3.406e-04 pde=1.847e-03 ss=0.30
  ep75 step150/237 total=8.229e-02 mse=4.162e-02 latent=1.156e-01 ce=3.651e-03 pde=1.893e-03 ss=0.30
  ep75 step200/237 total=9.133e-02 mse=8.130e-02 latent=1.009e-01 ce=2.012e-04 pde=2.202e-03 ss=0.30
Epoch 75/120 | train total=1.3149e-01 mse=9.8753e-02 ce=3.1799e-03 | val_mse=3.1012e-01 | lr_p=3.00e-05 lr_l=1.00e-05 | 140s
  ep76 step0/237 total=1.197e-01 mse=7.086e-02 latent=1.681e-01 ce=2.134e-04 pde=1.652e-03 ss=0.30
  ep76 step50/237 total=1.615e-01 mse=1.200e-01 latent=2.024e-01 ce=2.454e-04 pde=1.850e-03 ss=0.30
  ep76 step100/237 total=1.012e-01 mse=6.471e-02 latent=1.346e-01 ce=1.478e-03 pde=1.747e-03 ss=0.30
  ep76 step150/237 total=1.103e-01 mse=8.317e-02 latent=1.369e-01 ce=2.239e-04 pde=1.738e-03 ss=0.30
  ep76 step200/237 total=8.560e-02 mse=5.280e-02 latent=1.180e-01 ce=1.512e-04 pde=1.709e-03 ss=0.30
Epoch 76/120 | train total=1.2896e-01 mse=9.5085e-02 ce=3.7575e-03 | val_mse=3.1288e-01 | lr_p=1.50e-05 lr_l=5.00e-06 | 139s
  ep77 step0/237 total=1.265e-01 mse=9.773e-02 latent=1.546e-01 ce=3.385e-04 pde=2.126e-03 ss=0.30
  ep77 step50/237 total=9.595e-02 mse=5.342e-02 latent=1.294e-01 ce=4.515e-03 pde=1.737e-03 ss=0.30
  ep77 step100/237 total=7.655e-02 mse=6.007e-02 latent=9.280e-02 ce=7.873e-05 pde=1.664e-03 ss=0.30
  ep77 step150/237 total=1.695e-01 mse=1.193e-01 latent=2.062e-01 ce=6.708e-03 pde=1.899e-03 ss=0.30
  ep77 step200/237 total=1.167e-01 mse=7.731e-02 latent=1.559e-01 ce=7.748e-05 pde=1.783e-03 ss=0.30
Epoch 77/120 | train total=1.2133e-01 mse=8.8122e-02 ce=1.8365e-03 | val_mse=3.0784e-01 | lr_p=1.50e-05 lr_l=5.00e-06 | 140s
  ep78 step0/237 total=1.411e-01 mse=9.466e-02 latent=1.870e-01 ce=2.347e-04 pde=1.757e-03 ss=0.30
  ep78 step50/237 total=1.170e-01 mse=6.297e-02 latent=1.701e-01 ce=4.398e-04 pde=1.739e-03 ss=0.30
  ep78 step100/237 total=1.225e-01 mse=9.029e-02 latent=1.544e-01 ce=8.260e-05 pde=1.724e-03 ss=0.30
  ep78 step150/237 total=1.181e-01 mse=8.624e-02 latent=1.199e-01 ce=1.494e-02 pde=2.004e-03 ss=0.30
  ep78 step200/237 total=1.242e-01 mse=1.019e-01 latent=1.444e-01 ce=1.016e-03 pde=1.911e-03 ss=0.30
Epoch 78/120 | train total=1.2076e-01 mse=8.7333e-02 ce=1.8850e-03 | val_mse=3.1001e-01 | lr_p=1.50e-05 lr_l=5.00e-06 | 139s
  ep79 step0/237 total=1.292e-01 mse=1.163e-01 latent=1.261e-01 ce=8.017e-03 pde=1.881e-03 ss=0.30
  ep79 step50/237 total=1.587e-01 mse=1.273e-01 latent=1.882e-01 ce=8.589e-04 pde=1.840e-03 ss=0.30
  ep79 step100/237 total=8.494e-02 mse=6.059e-02 latent=1.083e-01 ce=4.513e-04 pde=1.669e-03 ss=0.30
  ep79 step150/237 total=9.357e-02 mse=5.320e-02 latent=1.316e-01 ce=1.129e-03 pde=1.930e-03 ss=0.30
  ep79 step200/237 total=1.392e-01 mse=1.084e-01 latent=1.694e-01 ce=2.746e-04 pde=1.974e-03 ss=0.30
Epoch 79/120 | train total=1.1956e-01 mse=8.6514e-02 ce=1.7840e-03 | val_mse=3.1057e-01 | lr_p=1.50e-05 lr_l=5.00e-06 | 139s
  ep80 step0/237 total=1.038e-01 mse=8.123e-02 latent=1.252e-01 ce=5.088e-04 pde=1.839e-03 ss=0.30
  ep80 step50/237 total=1.243e-01 mse=1.049e-01 latent=1.434e-01 ce=1.120e-04 pde=1.808e-03 ss=0.30
  ep80 step100/237 total=9.548e-02 mse=5.976e-02 latent=1.310e-01 ce=8.306e-05 pde=1.629e-03 ss=0.30
  ep80 step150/237 total=1.141e-01 mse=9.303e-02 latent=1.349e-01 ce=7.693e-05 pde=1.697e-03 ss=0.30
  ep80 step200/237 total=1.313e-01 mse=1.017e-01 latent=1.593e-01 ce=8.149e-04 pde=1.757e-03 ss=0.30
Epoch 80/120 | train total=1.1962e-01 mse=8.6491e-02 ce=1.9195e-03 | val_mse=3.0699e-01 | lr_p=1.50e-05 lr_l=5.00e-06 | 139s
GSPDEModel saved to ./phase3_big_local/epoch_80
  ep81 step0/237 total=1.569e-01 mse=1.267e-01 latent=1.811e-01 ce=2.917e-03 pde=2.273e-03 ss=0.30
  ep81 step50/237 total=1.237e-01 mse=7.903e-02 latent=1.677e-01 ce=3.473e-04 pde=1.733e-03 ss=0.30
  ep81 step100/237 total=1.285e-01 mse=7.956e-02 latent=1.754e-01 ce=9.814e-04 pde=1.725e-03 ss=0.30
  ep81 step150/237 total=1.236e-01 mse=9.448e-02 latent=1.524e-01 ce=1.031e-04 pde=1.800e-03 ss=0.30
  ep81 step200/237 total=8.779e-02 mse=6.138e-02 latent=1.139e-01 ce=1.201e-04 pde=1.740e-03 ss=0.30
Epoch 81/120 | train total=1.1887e-01 mse=8.6019e-02 ce=1.8940e-03 | val_mse=3.1002e-01 | lr_p=1.50e-05 lr_l=5.00e-06 | 140s
  ep82 step0/237 total=1.047e-01 mse=8.157e-02 latent=1.136e-01 ce=7.037e-03 pde=1.756e-03 ss=0.30
  ep82 step50/237 total=1.217e-01 mse=7.954e-02 latent=1.627e-01 ce=5.489e-04 pde=1.837e-03 ss=0.30
  ep82 step100/237 total=1.118e-01 mse=7.262e-02 latent=1.480e-01 ce=1.443e-03 pde=1.943e-03 ss=0.30
  ep82 step150/237 total=1.406e-01 mse=1.136e-01 latent=1.649e-01 ce=1.293e-03 pde=2.196e-03 ss=0.30
  ep82 step200/237 total=1.101e-01 mse=7.080e-02 latent=1.483e-01 ce=5.613e-04 pde=1.728e-03 ss=0.30
Epoch 82/120 | train total=1.1839e-01 mse=8.4532e-02 ce=2.0821e-03 | val_mse=3.0840e-01 | lr_p=1.50e-05 lr_l=5.00e-06 | 139s
  ep83 step0/237 total=1.027e-01 mse=6.578e-02 latent=1.393e-01 ce=1.122e-04 pde=1.820e-03 ss=0.30
  ep83 step50/237 total=9.366e-02 mse=7.089e-02 latent=1.162e-01 ce=8.516e-05 pde=1.770e-03 ss=0.30
  ep83 step100/237 total=1.450e-01 mse=1.108e-01 latent=1.765e-01 ce=1.313e-03 pde=1.964e-03 ss=0.30
  ep83 step150/237 total=9.925e-02 mse=6.838e-02 latent=1.282e-01 ce=9.354e-04 pde=1.697e-03 ss=0.30
  ep83 step200/237 total=1.075e-01 mse=8.212e-02 latent=1.325e-01 ce=1.436e-04 pde=1.843e-03 ss=0.30
Epoch 83/120 | train total=1.1815e-01 mse=8.5067e-02 ce=2.2701e-03 | val_mse=3.1062e-01 | lr_p=1.50e-05 lr_l=5.00e-06 | 139s
  ep84 step0/237 total=1.162e-01 mse=9.042e-02 latent=1.418e-01 ce=6.410e-05 pde=1.707e-03 ss=0.30
  ep84 step50/237 total=8.657e-02 mse=6.073e-02 latent=1.094e-01 ce=1.484e-03 pde=1.713e-03 ss=0.30
  ep84 step100/237 total=1.091e-01 mse=7.313e-02 latent=1.444e-01 ce=2.328e-04 pde=1.609e-03 ss=0.30
  ep84 step150/237 total=1.122e-01 mse=6.819e-02 latent=1.559e-01 ce=9.830e-05 pde=1.962e-03 ss=0.30
  ep84 step200/237 total=9.615e-02 mse=6.586e-02 latent=1.258e-01 ce=2.880e-04 pde=1.719e-03 ss=0.30
Epoch 84/120 | train total=1.1833e-01 mse=8.5138e-02 ce=1.8785e-03 | val_mse=3.0997e-01 | lr_p=1.50e-05 lr_l=5.00e-06 | 139s
  ep85 step0/237 total=1.101e-01 mse=5.447e-02 latent=1.647e-01 ce=4.662e-04 pde=1.669e-03 ss=0.30
  ep85 step50/237 total=1.207e-01 mse=9.270e-02 latent=1.448e-01 ce=1.884e-03 pde=1.887e-03 ss=0.30
  ep85 step100/237 total=2.347e-01 mse=2.262e-01 latent=2.375e-01 ce=2.881e-03 pde=2.019e-03 ss=0.30
  ep85 step150/237 total=1.225e-01 mse=9.665e-02 latent=1.347e-01 ce=6.822e-03 pde=1.798e-03 ss=0.30
  ep85 step200/237 total=1.164e-01 mse=7.834e-02 latent=1.537e-01 ce=3.264e-04 pde=1.770e-03 ss=0.30
Epoch 85/120 | train total=1.1696e-01 mse=8.3791e-02 ce=1.9896e-03 | val_mse=3.1282e-01 | lr_p=1.50e-05 lr_l=5.00e-06 | 140s
  ep86 step0/237 total=8.871e-02 mse=6.404e-02 latent=1.131e-01 ce=9.768e-05 pde=1.728e-03 ss=0.30
  ep86 step50/237 total=1.396e-01 mse=1.004e-01 latent=1.774e-01 ce=6.710e-04 pde=2.155e-03 ss=0.30
  ep86 step100/237 total=9.799e-02 mse=6.469e-02 latent=1.305e-01 ce=3.376e-04 pde=1.958e-03 ss=0.30
  ep86 step150/237 total=1.521e-01 mse=1.247e-01 latent=1.778e-01 ce=8.542e-04 pde=2.072e-03 ss=0.30
  ep86 step200/237 total=7.976e-02 mse=5.854e-02 latent=1.008e-01 ce=6.858e-05 pde=1.743e-03 ss=0.30
Epoch 86/120 | train total=1.1521e-01 mse=8.1352e-02 ce=1.9002e-03 | val_mse=3.1125e-01 | lr_p=1.50e-05 lr_l=5.00e-06 | 139s
  ep87 step0/237 total=8.917e-02 mse=6.840e-02 latent=1.097e-01 ce=1.016e-04 pde=2.069e-03 ss=0.30
  ep87 step50/237 total=9.269e-02 mse=5.260e-02 latent=1.324e-01 ce=1.729e-04 pde=1.895e-03 ss=0.30
  ep87 step100/237 total=7.014e-02 mse=4.349e-02 latent=9.639e-02 ce=1.667e-04 pde=1.688e-03 ss=0.30
  ep87 step150/237 total=1.017e-01 mse=7.095e-02 latent=1.313e-01 ce=5.232e-04 pde=1.802e-03 ss=0.30
  ep87 step200/237 total=1.198e-01 mse=8.756e-02 latent=1.518e-01 ce=1.307e-04 pde=1.866e-03 ss=0.30
Epoch 87/120 | train total=1.1636e-01 mse=8.3745e-02 ce=1.9090e-03 | val_mse=3.0911e-01 | lr_p=1.50e-05 lr_l=5.00e-06 | 140s
  ep88 step0/237 total=1.042e-01 mse=7.466e-02 latent=1.166e-01 ce=8.496e-03 pde=1.868e-03 ss=0.30
  ep88 step50/237 total=1.063e-01 mse=7.616e-02 latent=1.362e-01 ce=9.885e-05 pde=1.775e-03 ss=0.30
  ep88 step100/237 total=1.347e-01 mse=1.089e-01 latent=1.601e-01 ce=1.003e-04 pde=1.851e-03 ss=0.30
  ep88 step150/237 total=1.723e-01 mse=1.411e-01 latent=1.773e-01 ce=1.306e-02 pde=1.829e-03 ss=0.30
  ep88 step200/237 total=1.069e-01 mse=6.102e-02 latent=1.525e-01 ce=1.446e-04 pde=1.783e-03 ss=0.30
Epoch 88/120 | train total=1.1432e-01 mse=8.0678e-02 ce=2.2641e-03 | val_mse=3.0872e-01 | lr_p=1.50e-05 lr_l=5.00e-06 | 139s
  ep89 step0/237 total=1.212e-01 mse=8.698e-02 latent=1.551e-01 ce=1.397e-04 pde=1.756e-03 ss=0.30
  ep89 step50/237 total=1.238e-01 mse=9.224e-02 latent=1.552e-01 ce=1.072e-04 pde=1.728e-03 ss=0.30
  ep89 step100/237 total=1.039e-01 mse=8.075e-02 latent=1.254e-01 ce=7.801e-04 pde=1.733e-03 ss=0.30
  ep89 step150/237 total=9.999e-02 mse=7.543e-02 latent=1.236e-01 ce=4.190e-04 pde=2.020e-03 ss=0.30
  ep89 step200/237 total=1.012e-01 mse=6.114e-02 latent=1.410e-01 ce=1.104e-04 pde=1.957e-03 ss=0.30
Epoch 89/120 | train total=1.1354e-01 mse=8.0700e-02 ce=1.4954e-03 | val_mse=3.1211e-01 | lr_p=1.50e-05 lr_l=5.00e-06 | 139s
  ep90 step0/237 total=9.497e-02 mse=7.456e-02 latent=1.149e-01 ce=2.162e-04 pde=1.956e-03 ss=0.30
  ep90 step50/237 total=1.355e-01 mse=8.673e-02 latent=1.760e-01 ce=4.130e-03 pde=1.761e-03 ss=0.30
  ep90 step100/237 total=7.097e-02 mse=3.630e-02 latent=1.050e-01 ce=2.999e-04 pde=1.782e-03 ss=0.30
  ep90 step150/237 total=1.529e-01 mse=1.355e-01 latent=1.673e-01 ce=1.410e-03 pde=2.897e-03 ss=0.30
  ep90 step200/237 total=1.133e-01 mse=9.490e-02 latent=1.309e-01 ce=3.427e-04 pde=1.840e-03 ss=0.30
Epoch 90/120 | train total=1.1506e-01 mse=8.1416e-02 ce=2.1862e-03 | val_mse=3.1053e-01 | lr_p=1.50e-05 lr_l=5.00e-06 | 140s
  ep91 step0/237 total=1.431e-01 mse=1.241e-01 latent=1.257e-01 ce=1.811e-02 pde=2.442e-03 ss=0.30
  ep91 step50/237 total=9.468e-02 mse=5.220e-02 latent=1.360e-01 ce=5.197e-04 pde=1.923e-03 ss=0.30
  ep91 step100/237 total=8.379e-02 mse=5.675e-02 latent=1.103e-01 ce=2.478e-04 pde=1.771e-03 ss=0.30
  ep91 step150/237 total=9.811e-02 mse=6.517e-02 latent=1.308e-01 ce=1.073e-04 pde=1.804e-03 ss=0.30
  ep91 step200/237 total=1.538e-01 mse=1.280e-01 latent=1.793e-01 ce=9.253e-05 pde=2.015e-03 ss=0.30
Epoch 91/120 | train total=1.1278e-01 mse=7.9070e-02 ce=2.2069e-03 | val_mse=3.0912e-01 | lr_p=1.50e-05 lr_l=5.00e-06 | 140s
  ep92 step0/237 total=1.311e-01 mse=9.709e-02 latent=1.641e-01 ce=4.717e-04 pde=1.909e-03 ss=0.30
  ep92 step50/237 total=1.222e-01 mse=8.574e-02 latent=1.572e-01 ce=7.225e-04 pde=1.826e-03 ss=0.30
  ep92 step100/237 total=9.236e-02 mse=5.356e-02 latent=1.293e-01 ce=9.077e-04 pde=1.726e-03 ss=0.30
  ep92 step150/237 total=1.082e-01 mse=6.309e-02 latent=1.531e-01 ce=8.259e-05 pde=1.716e-03 ss=0.30
  ep92 step200/237 total=1.338e-01 mse=9.779e-02 latent=1.594e-01 ce=5.166e-03 pde=1.842e-03 ss=0.30
Epoch 92/120 | train total=1.1286e-01 mse=8.0040e-02 ce=1.8375e-03 | val_mse=3.1493e-01 | lr_p=1.50e-05 lr_l=5.00e-06 | 139s
  ep93 step0/237 total=1.405e-01 mse=1.090e-01 latent=1.603e-01 ce=5.788e-03 pde=2.029e-03 ss=0.30
  ep93 step50/237 total=9.993e-02 mse=7.702e-02 latent=1.225e-01 ce=1.528e-04 pde=2.387e-03 ss=0.30
  ep93 step100/237 total=1.067e-01 mse=8.148e-02 latent=1.316e-01 ce=1.930e-04 pde=1.628e-03 ss=0.30
  ep93 step150/237 total=1.174e-01 mse=7.960e-02 latent=1.529e-01 ce=1.110e-03 pde=2.292e-03 ss=0.30
  ep93 step200/237 total=1.142e-01 mse=8.655e-02 latent=1.413e-01 ce=2.010e-04 pde=1.799e-03 ss=0.30
Epoch 93/120 | train total=1.1235e-01 mse=7.9289e-02 ce=1.9966e-03 | val_mse=3.1171e-01 | lr_p=1.50e-05 lr_l=5.00e-06 | 139s
  ep94 step0/237 total=1.135e-01 mse=1.152e-01 latent=1.110e-01 ce=3.700e-04 pde=1.874e-03 ss=0.30
  ep94 step50/237 total=8.284e-02 mse=4.003e-02 latent=1.049e-01 ce=1.034e-02 pde=2.085e-03 ss=0.30
  ep94 step100/237 total=1.095e-01 mse=7.101e-02 latent=1.473e-01 ce=2.525e-04 pde=1.935e-03 ss=0.30
  ep94 step150/237 total=8.902e-02 mse=6.447e-02 latent=1.101e-01 ce=1.707e-03 pde=2.037e-03 ss=0.30
  ep94 step200/237 total=1.007e-01 mse=7.572e-02 latent=1.212e-01 ce=2.159e-03 pde=1.779e-03 ss=0.30
Epoch 94/120 | train total=1.1109e-01 mse=7.7373e-02 ce=2.1555e-03 | val_mse=3.1200e-01 | lr_p=1.50e-05 lr_l=5.00e-06 | 139s
  ep95 step0/237 total=1.187e-01 mse=8.694e-02 latent=1.501e-01 ce=1.930e-04 pde=1.796e-03 ss=0.30
  ep95 step50/237 total=9.173e-02 mse=5.830e-02 latent=1.249e-01 ce=8.160e-05 pde=1.757e-03 ss=0.30
  ep95 step100/237 total=9.462e-02 mse=7.356e-02 latent=1.137e-01 ce=9.483e-04 pde=1.784e-03 ss=0.30
  ep95 step150/237 total=7.838e-02 mse=4.153e-02 latent=1.002e-01 ce=7.470e-03 pde=1.778e-03 ss=0.30
  ep95 step200/237 total=1.206e-01 mse=9.829e-02 latent=1.425e-01 ce=1.846e-04 pde=1.669e-03 ss=0.30
Epoch 95/120 | train total=1.1066e-01 mse=7.6969e-02 ce=1.9563e-03 | val_mse=3.1107e-01 | lr_p=1.50e-05 lr_l=5.00e-06 | 139s
  ep96 step0/237 total=8.489e-02 mse=5.397e-02 latent=1.034e-01 ce=6.169e-03 pde=1.796e-03 ss=0.30
  ep96 step50/237 total=1.078e-01 mse=6.994e-02 latent=1.454e-01 ce=8.110e-05 pde=1.765e-03 ss=0.30
  ep96 step100/237 total=1.104e-01 mse=8.693e-02 latent=1.247e-01 ce=4.597e-03 pde=1.641e-03 ss=0.30
  ep96 step150/237 total=1.038e-01 mse=7.050e-02 latent=1.359e-01 ce=5.767e-04 pde=1.902e-03 ss=0.30
  ep96 step200/237 total=1.153e-01 mse=6.632e-02 latent=1.628e-01 ce=7.265e-04 pde=1.855e-03 ss=0.30
Epoch 96/120 | train total=1.1068e-01 mse=7.7669e-02 ce=1.8350e-03 | val_mse=3.1408e-01 | lr_p=1.50e-05 lr_l=5.00e-06 | 139s
  ep97 step0/237 total=9.411e-02 mse=5.355e-02 latent=1.294e-01 ce=2.594e-03 pde=1.732e-03 ss=0.30
  ep97 step50/237 total=1.062e-01 mse=7.609e-02 latent=1.358e-01 ce=2.381e-04 pde=1.892e-03 ss=0.30
  ep97 step100/237 total=1.242e-01 mse=7.184e-02 latent=1.760e-01 ce=2.491e-04 pde=1.820e-03 ss=0.30
  ep97 step150/237 total=9.293e-02 mse=7.594e-02 latent=1.059e-01 ce=1.997e-03 pde=1.869e-03 ss=0.30
  ep97 step200/237 total=7.170e-02 mse=4.651e-02 latent=9.661e-02 ce=1.113e-04 pde=1.660e-03 ss=0.30
Epoch 97/120 | train total=1.1118e-01 mse=7.8837e-02 ce=1.3293e-03 | val_mse=3.1239e-01 | lr_p=1.50e-05 lr_l=5.00e-06 | 139s
  ep98 step0/237 total=9.534e-02 mse=5.988e-02 latent=1.253e-01 ce=2.699e-03 pde=1.819e-03 ss=0.30
  ep98 step50/237 total=1.175e-01 mse=8.101e-02 latent=1.484e-01 ce=2.811e-03 pde=1.773e-03 ss=0.30
  ep98 step100/237 total=1.161e-01 mse=7.181e-02 latent=1.601e-01 ce=1.381e-04 pde=1.778e-03 ss=0.30
  ep98 step150/237 total=7.845e-02 mse=4.424e-02 latent=1.124e-01 ce=8.217e-05 pde=1.585e-03 ss=0.30
  ep98 step200/237 total=7.243e-02 mse=2.598e-02 latent=1.056e-01 ce=6.595e-03 pde=1.877e-03 ss=0.30
Epoch 98/120 | train total=1.0955e-01 mse=7.6398e-02 ce=1.8149e-03 | val_mse=3.1331e-01 | lr_p=1.50e-05 lr_l=5.00e-06 | 139s
  ep99 step0/237 total=9.011e-02 mse=7.339e-02 latent=1.066e-01 ce=9.341e-05 pde=1.942e-03 ss=0.30
  ep99 step50/237 total=9.955e-02 mse=5.786e-02 latent=1.249e-01 ce=8.145e-03 pde=2.520e-03 ss=0.30
  ep99 step100/237 total=1.048e-01 mse=7.127e-02 latent=1.379e-01 ce=1.484e-04 pde=1.750e-03 ss=0.30
  ep99 step150/237 total=1.289e-01 mse=8.342e-02 latent=1.682e-01 ce=3.038e-03 pde=1.900e-03 ss=0.30
  ep99 step200/237 total=7.170e-02 mse=4.292e-02 latent=1.002e-01 ce=9.051e-05 pde=1.686e-03 ss=0.30
Epoch 99/120 | train total=1.0852e-01 mse=7.5133e-02 ce=1.8242e-03 | val_mse=3.1274e-01 | lr_p=1.50e-05 lr_l=5.00e-06 | 140s
  ep100 step0/237 total=1.365e-01 mse=1.180e-01 latent=1.540e-01 ce=4.704e-04 pde=1.961e-03 ss=0.30
  ep100 step50/237 total=1.040e-01 mse=5.145e-02 latent=1.511e-01 ce=2.683e-03 pde=1.796e-03 ss=0.30
  ep100 step100/237 total=6.845e-02 mse=4.722e-02 latent=8.670e-02 ce=1.440e-03 pde=2.246e-03 ss=0.30
  ep100 step150/237 total=1.248e-01 mse=1.014e-01 latent=1.458e-01 ce=1.203e-03 pde=1.866e-03 ss=0.30
  ep100 step200/237 total=1.441e-01 mse=8.859e-02 latent=1.701e-01 ce=1.476e-02 pde=1.956e-03 ss=0.30
Epoch 100/120 | train total=1.0930e-01 mse=7.6131e-02 ce=1.7972e-03 | val_mse=3.0968e-01 | lr_p=1.50e-05 lr_l=5.00e-06 | 139s
GSPDEModel saved to ./phase3_big_local/epoch_100
  ep101 step0/237 total=9.199e-02 mse=4.828e-02 latent=1.344e-01 ce=5.969e-04 pde=1.826e-03 ss=0.30
  ep101 step50/237 total=1.278e-01 mse=1.095e-01 latent=1.442e-01 ce=9.125e-04 pde=1.759e-03 ss=0.30
  ep101 step100/237 total=1.155e-01 mse=7.682e-02 latent=1.316e-01 ce=1.130e-02 pde=1.814e-03 ss=0.30
  ep101 step150/237 total=1.152e-01 mse=1.003e-01 latent=1.298e-01 ce=1.284e-04 pde=1.929e-03 ss=0.30
  ep101 step200/237 total=8.445e-02 mse=5.185e-02 latent=1.168e-01 ce=7.955e-05 pde=1.839e-03 ss=0.30
Epoch 101/120 | train total=1.0832e-01 mse=7.5084e-02 ce=1.6048e-03 | val_mse=3.1137e-01 | lr_p=1.50e-05 lr_l=5.00e-06 | 140s
  ep102 step0/237 total=1.021e-01 mse=6.100e-02 latent=1.406e-01 ce=1.263e-03 pde=2.086e-03 ss=0.30
  ep102 step50/237 total=9.228e-02 mse=5.881e-02 latent=1.223e-01 ce=1.713e-03 pde=1.695e-03 ss=0.30
  ep102 step100/237 total=8.951e-02 mse=6.242e-02 latent=1.164e-01 ce=5.719e-05 pde=1.754e-03 ss=0.30
  ep102 step150/237 total=1.459e-01 mse=1.182e-01 latent=1.732e-01 ce=1.455e-04 pde=1.862e-03 ss=0.30
  ep102 step200/237 total=1.353e-01 mse=1.096e-01 latent=1.572e-01 ce=1.827e-03 pde=1.932e-03 ss=0.30
Epoch 102/120 | train total=1.0886e-01 mse=7.6385e-02 ce=1.5256e-03 | val_mse=3.1463e-01 | lr_p=7.50e-06 lr_l=2.50e-06 | 139s
  ep103 step0/237 total=1.353e-01 mse=1.007e-01 latent=1.693e-01 ce=3.045e-04 pde=2.046e-03 ss=0.30
  ep103 step50/237 total=1.320e-01 mse=1.070e-01 latent=1.558e-01 ce=4.933e-04 pde=2.567e-03 ss=0.30
  ep103 step100/237 total=1.087e-01 mse=6.843e-02 latent=1.452e-01 ce=1.842e-03 pde=1.750e-03 ss=0.30
  ep103 step150/237 total=1.148e-01 mse=9.033e-02 latent=1.360e-01 ce=1.595e-03 pde=1.842e-03 ss=0.30
  ep103 step200/237 total=1.605e-01 mse=1.196e-01 latent=1.834e-01 ce=8.999e-03 pde=2.691e-03 ss=0.30
Epoch 103/120 | train total=1.0540e-01 mse=7.2140e-02 ce=1.2904e-03 | val_mse=3.1340e-01 | lr_p=7.50e-06 lr_l=2.50e-06 | 140s
  ep104 step0/237 total=1.458e-01 mse=1.226e-01 latent=1.688e-01 ce=1.101e-04 pde=2.159e-03 ss=0.30
  ep104 step50/237 total=9.516e-02 mse=6.173e-02 latent=1.277e-01 ce=4.222e-04 pde=1.685e-03 ss=0.30
  ep104 step100/237 total=1.132e-01 mse=7.355e-02 latent=1.523e-01 ce=2.493e-04 pde=1.719e-03 ss=0.30
  ep104 step150/237 total=7.758e-02 mse=5.707e-02 latent=9.513e-02 ce=1.448e-03 pde=1.679e-03 ss=0.30
  ep104 step200/237 total=1.061e-01 mse=7.002e-02 latent=1.399e-01 ce=1.119e-03 pde=1.887e-03 ss=0.30
Epoch 104/120 | train total=1.0461e-01 mse=7.1368e-02 ce=1.3243e-03 | val_mse=3.1432e-01 | lr_p=7.50e-06 lr_l=2.50e-06 | 140s
  ep105 step0/237 total=9.245e-02 mse=6.549e-02 latent=1.191e-01 ce=1.020e-04 pde=1.733e-03 ss=0.30
  ep105 step50/237 total=7.236e-02 mse=3.105e-02 latent=1.131e-01 ce=2.662e-04 pde=1.715e-03 ss=0.30
  ep105 step100/237 total=9.923e-02 mse=4.930e-02 latent=1.486e-01 ce=2.447e-04 pde=1.764e-03 ss=0.30
  ep105 step150/237 total=1.066e-01 mse=6.877e-02 latent=1.428e-01 ce=8.004e-04 pde=1.811e-03 ss=0.30
  ep105 step200/237 total=1.402e-01 mse=1.078e-01 latent=1.723e-01 ce=1.333e-04 pde=1.739e-03 ss=0.30
Epoch 105/120 | train total=1.0467e-01 mse=7.1819e-02 ce=9.1785e-04 | val_mse=3.1093e-01 | lr_p=7.50e-06 lr_l=2.50e-06 | 139s
  ep106 step0/237 total=1.113e-01 mse=7.709e-02 latent=1.438e-01 ce=8.211e-04 pde=1.742e-03 ss=0.30
  ep106 step50/237 total=1.535e-01 mse=1.286e-01 latent=1.739e-01 ce=2.237e-03 pde=2.036e-03 ss=0.30
  ep106 step100/237 total=1.077e-01 mse=5.811e-02 latent=1.565e-01 ce=4.224e-04 pde=1.768e-03 ss=0.30
  ep106 step150/237 total=9.080e-02 mse=6.417e-02 latent=1.172e-01 ce=9.339e-05 pde=1.804e-03 ss=0.30
  ep106 step200/237 total=1.188e-01 mse=7.078e-02 latent=1.492e-01 ce=8.764e-03 pde=2.077e-03 ss=0.30
Epoch 106/120 | train total=1.0497e-01 mse=7.2036e-02 ce=1.4209e-03 | val_mse=3.1474e-01 | lr_p=7.50e-06 lr_l=2.50e-06 | 140s
  ep107 step0/237 total=8.529e-02 mse=5.772e-02 latent=1.127e-01 ce=7.100e-05 pde=1.794e-03 ss=0.30
  ep107 step50/237 total=8.887e-02 mse=7.423e-02 latent=1.033e-01 ce=6.858e-05 pde=1.830e-03 ss=0.30
  ep107 step100/237 total=1.126e-01 mse=8.343e-02 latent=1.391e-01 ce=1.336e-03 pde=1.806e-03 ss=0.30
  ep107 step150/237 total=1.442e-01 mse=1.123e-01 latent=1.738e-01 ce=1.084e-03 pde=1.894e-03 ss=0.30
  ep107 step200/237 total=1.043e-01 mse=7.283e-02 latent=1.351e-01 ce=2.746e-04 pde=1.654e-03 ss=0.30
Epoch 107/120 | train total=1.0313e-01 mse=6.9534e-02 ce=1.3317e-03 | val_mse=3.1288e-01 | lr_p=7.50e-06 lr_l=2.50e-06 | 139s
  ep108 step0/237 total=1.442e-01 mse=1.239e-01 latent=1.642e-01 ce=1.213e-04 pde=1.751e-03 ss=0.30
  ep108 step50/237 total=1.143e-01 mse=7.591e-02 latent=1.521e-01 ce=2.378e-04 pde=1.831e-03 ss=0.30
  ep108 step100/237 total=1.163e-01 mse=8.795e-02 latent=1.439e-01 ce=2.678e-04 pde=1.949e-03 ss=0.30
  ep108 step150/237 total=7.858e-02 mse=5.365e-02 latent=1.023e-01 ce=5.658e-04 pde=2.038e-03 ss=0.30
  ep108 step200/237 total=1.271e-01 mse=9.223e-02 latent=1.617e-01 ce=9.243e-05 pde=1.842e-03 ss=0.30
Epoch 108/120 | train total=1.0300e-01 mse=6.9902e-02 ce=1.3262e-03 | val_mse=3.1392e-01 | lr_p=7.50e-06 lr_l=2.50e-06 | 139s
  ep109 step0/237 total=7.108e-02 mse=4.269e-02 latent=9.929e-02 ce=5.525e-05 pde=1.730e-03 ss=0.30
  ep109 step50/237 total=1.176e-01 mse=7.251e-02 latent=1.465e-01 ce=7.992e-03 pde=1.954e-03 ss=0.30
  ep109 step100/237 total=1.161e-01 mse=7.121e-02 latent=1.604e-01 ce=2.888e-04 pde=2.090e-03 ss=0.30
  ep109 step150/237 total=1.065e-01 mse=7.229e-02 latent=1.348e-01 ce=2.953e-03 pde=1.907e-03 ss=0.30
  ep109 step200/237 total=1.051e-01 mse=7.296e-02 latent=1.358e-01 ce=7.137e-04 pde=1.749e-03 ss=0.30
Epoch 109/120 | train total=1.0358e-01 mse=7.0633e-02 ce=1.0360e-03 | val_mse=3.1391e-01 | lr_p=7.50e-06 lr_l=2.50e-06 | 139s
  ep110 step0/237 total=7.223e-02 mse=5.405e-02 latent=9.011e-02 ce=1.144e-04 pde=1.785e-03 ss=0.30
  ep110 step50/237 total=9.437e-02 mse=7.044e-02 latent=1.177e-01 ce=2.543e-04 pde=1.970e-03 ss=0.30
  ep110 step100/237 total=1.216e-01 mse=8.302e-02 latent=1.591e-01 ce=5.358e-04 pde=1.758e-03 ss=0.30
  ep110 step150/237 total=1.346e-01 mse=1.183e-01 latent=1.508e-01 ce=5.814e-05 pde=1.746e-03 ss=0.30
  ep110 step200/237 total=1.150e-01 mse=7.151e-02 latent=1.497e-01 ce=4.369e-03 pde=1.778e-03 ss=0.30
Epoch 110/120 | train total=1.0285e-01 mse=7.0118e-02 ce=1.3726e-03 | val_mse=3.1136e-01 | lr_p=7.50e-06 lr_l=2.50e-06 | 139s
  ep111 step0/237 total=5.974e-02 mse=3.335e-02 latent=8.588e-02 ce=8.868e-05 pde=1.758e-03 ss=0.30
  ep111 step50/237 total=9.407e-02 mse=5.617e-02 latent=1.318e-01 ce=7.280e-05 pde=1.760e-03 ss=0.30
  ep111 step100/237 total=1.012e-01 mse=6.497e-02 latent=1.365e-01 ce=4.110e-04 pde=1.745e-03 ss=0.30
  ep111 step150/237 total=1.097e-01 mse=8.102e-02 latent=1.335e-01 ce=2.388e-03 pde=1.747e-03 ss=0.30
  ep111 step200/237 total=1.318e-01 mse=9.046e-02 latent=1.720e-01 ce=5.672e-04 pde=1.800e-03 ss=0.30
Epoch 111/120 | train total=1.0216e-01 mse=6.9091e-02 ce=1.1211e-03 | val_mse=3.1354e-01 | lr_p=7.50e-06 lr_l=2.50e-06 | 139s
  ep112 step0/237 total=9.289e-02 mse=6.227e-02 latent=1.210e-01 ce=1.222e-03 pde=1.763e-03 ss=0.30
  ep112 step50/237 total=1.147e-01 mse=8.527e-02 latent=1.380e-01 ce=2.996e-03 pde=2.264e-03 ss=0.30
  ep112 step100/237 total=1.251e-01 mse=9.215e-02 latent=1.569e-01 ce=5.786e-04 pde=1.797e-03 ss=0.30
  ep112 step150/237 total=1.071e-01 mse=5.465e-02 latent=1.585e-01 ce=4.145e-04 pde=2.268e-03 ss=0.30
  ep112 step200/237 total=7.748e-02 mse=4.774e-02 latent=1.070e-01 ce=5.761e-05 pde=1.635e-03 ss=0.30
Epoch 112/120 | train total=1.0253e-01 mse=6.9484e-02 ce=1.3687e-03 | val_mse=3.1440e-01 | lr_p=7.50e-06 lr_l=2.50e-06 | 138s
  ep113 step0/237 total=9.631e-02 mse=4.804e-02 latent=1.437e-01 ce=4.220e-04 pde=1.752e-03 ss=0.30
  ep113 step50/237 total=1.005e-01 mse=6.821e-02 latent=1.312e-01 ce=7.625e-04 pde=1.860e-03 ss=0.30
  ep113 step100/237 total=1.037e-01 mse=6.782e-02 latent=1.392e-01 ce=1.919e-04 pde=1.971e-03 ss=0.30
  ep113 step150/237 total=1.211e-01 mse=9.143e-02 latent=1.504e-01 ce=1.249e-04 pde=1.817e-03 ss=0.30
  ep113 step200/237 total=8.776e-02 mse=5.703e-02 latent=1.182e-01 ce=9.973e-05 pde=1.745e-03 ss=0.30
Epoch 113/120 | train total=1.0250e-01 mse=6.9772e-02 ce=1.0607e-03 | val_mse=3.1030e-01 | lr_p=7.50e-06 lr_l=2.50e-06 | 140s
  ep114 step0/237 total=8.482e-02 mse=3.423e-02 latent=1.352e-01 ce=5.988e-05 pde=1.657e-03 ss=0.30
  ep114 step50/237 total=8.585e-02 mse=3.981e-02 latent=1.314e-01 ce=1.854e-04 pde=1.841e-03 ss=0.30
  ep114 step100/237 total=8.340e-02 mse=6.875e-02 latent=9.695e-02 ce=5.082e-04 pde=2.025e-03 ss=0.30
  ep114 step150/237 total=1.035e-01 mse=6.917e-02 latent=1.375e-01 ce=1.477e-04 pde=2.090e-03 ss=0.30
  ep114 step200/237 total=7.983e-02 mse=5.636e-02 latent=1.031e-01 ce=6.829e-05 pde=1.650e-03 ss=0.30
Epoch 114/120 | train total=1.0101e-01 mse=6.8221e-02 ce=1.0650e-03 | val_mse=3.1385e-01 | lr_p=7.50e-06 lr_l=2.50e-06 | 140s
  ep115 step0/237 total=1.016e-01 mse=5.243e-02 latent=1.365e-01 ce=7.080e-03 pde=1.731e-03 ss=0.30
  ep115 step50/237 total=1.588e-01 mse=1.165e-01 latent=1.981e-01 ce=1.489e-03 pde=2.285e-03 ss=0.30
  ep115 step100/237 total=8.483e-02 mse=5.235e-02 latent=1.156e-01 ce=8.030e-04 pde=1.799e-03 ss=0.30
  ep115 step150/237 total=1.153e-01 mse=9.559e-02 latent=1.274e-01 ce=3.809e-03 pde=1.979e-03 ss=0.30
  ep115 step200/237 total=1.146e-01 mse=8.262e-02 latent=1.463e-01 ce=7.776e-05 pde=1.808e-03 ss=0.30
Epoch 115/120 | train total=1.0175e-01 mse=6.8898e-02 ce=1.2882e-03 | val_mse=3.1120e-01 | lr_p=7.50e-06 lr_l=2.50e-06 | 140s
  ep116 step0/237 total=8.343e-02 mse=5.618e-02 latent=1.072e-01 ce=1.694e-03 pde=1.729e-03 ss=0.30
  ep116 step50/237 total=1.244e-01 mse=9.060e-02 latent=1.567e-01 ce=6.569e-04 pde=1.882e-03 ss=0.30
  ep116 step100/237 total=8.273e-02 mse=5.539e-02 latent=1.095e-01 ce=2.473e-04 pde=1.714e-03 ss=0.30
  ep116 step150/237 total=1.128e-01 mse=6.555e-02 latent=1.599e-01 ce=7.093e-05 pde=2.086e-03 ss=0.30
  ep116 step200/237 total=1.160e-01 mse=6.500e-02 latent=1.652e-01 ce=8.316e-04 pde=1.848e-03 ss=0.30
Epoch 116/120 | train total=1.0134e-01 mse=6.8186e-02 ce=1.4043e-03 | val_mse=3.1012e-01 | lr_p=7.50e-06 lr_l=2.50e-06 | 140s
  ep117 step0/237 total=8.811e-02 mse=4.061e-02 latent=1.352e-01 ce=1.564e-04 pde=1.829e-03 ss=0.30
  ep117 step50/237 total=8.374e-02 mse=7.450e-02 latent=9.205e-02 ce=4.306e-04 pde=1.792e-03 ss=0.30
  ep117 step100/237 total=9.608e-02 mse=7.568e-02 latent=1.161e-01 ce=1.369e-04 pde=1.741e-03 ss=0.30
  ep117 step150/237 total=9.526e-02 mse=7.559e-02 latent=1.147e-01 ce=9.126e-05 pde=1.732e-03 ss=0.30
  ep117 step200/237 total=1.228e-01 mse=8.451e-02 latent=1.608e-01 ce=8.924e-05 pde=1.796e-03 ss=0.30
Epoch 117/120 | train total=9.9883e-02 mse=6.7261e-02 ce=1.1514e-03 | val_mse=3.1090e-01 | lr_p=7.50e-06 lr_l=2.50e-06 | 139s
  ep118 step0/237 total=9.607e-02 mse=6.568e-02 latent=1.262e-01 ce=8.001e-05 pde=1.960e-03 ss=0.30
  ep118 step50/237 total=1.344e-01 mse=1.114e-01 latent=1.569e-01 ce=1.800e-04 pde=2.274e-03 ss=0.30
  ep118 step100/237 total=7.457e-02 mse=5.097e-02 latent=9.728e-02 ce=4.078e-04 pde=1.743e-03 ss=0.30
  ep118 step150/237 total=9.052e-02 mse=7.357e-02 latent=1.047e-01 ce=1.357e-03 pde=1.767e-03 ss=0.30
  ep118 step200/237 total=7.320e-02 mse=3.093e-02 latent=9.169e-02 ce=1.185e-02 pde=1.916e-03 ss=0.30
Epoch 118/120 | train total=1.0182e-01 mse=6.9446e-02 ce=1.3378e-03 | val_mse=3.1220e-01 | lr_p=7.50e-06 lr_l=2.50e-06 | 139s
  ep119 step0/237 total=1.082e-01 mse=9.214e-02 latent=1.210e-01 ce=1.614e-03 pde=1.798e-03 ss=0.30
  ep119 step50/237 total=1.003e-01 mse=7.287e-02 latent=1.273e-01 ce=2.322e-04 pde=1.729e-03 ss=0.30
  ep119 step100/237 total=1.060e-01 mse=7.687e-02 latent=1.276e-01 ce=3.707e-03 pde=1.749e-03 ss=0.30
  ep119 step150/237 total=8.260e-02 mse=4.739e-02 latent=1.177e-01 ce=4.868e-05 pde=1.623e-03 ss=0.30
  ep119 step200/237 total=1.372e-01 mse=8.221e-02 latent=1.914e-01 ce=3.611e-04 pde=1.943e-03 ss=0.30
Epoch 119/120 | train total=1.0078e-01 mse=6.7508e-02 ce=1.3096e-03 | val_mse=3.1218e-01 | lr_p=7.50e-06 lr_l=2.50e-06 | 139s
  ep120 step0/237 total=1.184e-01 mse=9.624e-02 latent=1.402e-01 ce=1.164e-04 pde=2.077e-03 ss=0.30
  ep120 step50/237 total=1.312e-01 mse=9.459e-02 latent=1.676e-01 ce=5.085e-05 pde=1.813e-03 ss=0.30
  ep120 step100/237 total=8.627e-02 mse=3.893e-02 latent=1.334e-01 ce=5.282e-05 pde=1.714e-03 ss=0.30
  ep120 step150/237 total=1.047e-01 mse=6.942e-02 latent=1.365e-01 ce=1.692e-03 pde=1.803e-03 ss=0.30
  ep120 step200/237 total=9.690e-02 mse=6.415e-02 latent=1.288e-01 ce=3.779e-04 pde=1.708e-03 ss=0.30
Epoch 120/120 | train total=1.0016e-01 mse=6.7665e-02 ce=1.2147e-03 | val_mse=3.1351e-01 | lr_p=7.50e-06 lr_l=2.50e-06 | 140s
GSPDEModel saved to ./phase3_big_local/epoch_120
=== Phase 3 NO-CONTEXT done Wed 03 Jun 2026 12:30:40 AM UTC ===
