=== L2 AE train Sat 06 Jun 2026 04:33:31 AM UTC ===
train torch.Size([2363, 2, 128, 128]) val torch.Size([497, 2, 128, 128])
AE params 6.24M
ep   10  train_nmse 2.3426e-01  val_relL2 0.2822  lr 1.00e-03  9s
ep   20  train_nmse 1.6014e-02  val_relL2 0.0825  lr 9.98e-04  18s
ep   30  train_nmse 1.1258e-02  val_relL2 0.0686  lr 9.97e-04  27s
ep   40  train_nmse 9.2261e-03  val_relL2 0.0609  lr 9.94e-04  36s
ep   50  train_nmse 9.1703e-03  val_relL2 0.0618  lr 9.91e-04  45s
ep   60  train_nmse 4.6076e-03  val_relL2 0.0498  lr 9.86e-04  54s
ep   70  train_nmse 4.0240e-03  val_relL2 0.0426  lr 9.82e-04  63s
ep   80  train_nmse 4.1724e-03  val_relL2 0.0430  lr 9.76e-04  72s
ep   90  train_nmse 2.6388e-03  val_relL2 0.0433  lr 9.70e-04  81s
ep  100  train_nmse 1.1281e-02  val_relL2 0.0993  lr 9.63e-04  90s
ep  110  train_nmse 3.9037e-03  val_relL2 0.0426  lr 9.55e-04  99s
ep  120  train_nmse 1.9379e-03  val_relL2 0.0318  lr 9.47e-04  108s
ep  130  train_nmse 1.3763e-03  val_relL2 0.0277  lr 9.38e-04  117s
ep  140  train_nmse 1.1672e-03  val_relL2 0.0268  lr 9.28e-04  126s
ep  150  train_nmse 1.2408e-03  val_relL2 0.0276  lr 9.17e-04  135s
ep  160  train_nmse 1.2514e-03  val_relL2 0.0308  lr 9.06e-04  144s
ep  170  train_nmse 1.4957e-03  val_relL2 0.0273  lr 8.95e-04  153s
ep  180  train_nmse 2.3573e-03  val_relL2 0.0292  lr 8.83e-04  162s
ep  190  train_nmse 3.6576e-03  val_relL2 0.0454  lr 8.70e-04  171s
ep  200  train_nmse 2.2456e-03  val_relL2 0.0357  lr 8.56e-04  180s
ep  210  train_nmse 9.1508e-04  val_relL2 0.0245  lr 8.43e-04  189s
ep  220  train_nmse 9.3231e-04  val_relL2 0.0244  lr 8.28e-04  198s
ep  230  train_nmse 9.8775e-04  val_relL2 0.0237  lr 8.13e-04  208s
ep  240  train_nmse 1.0845e-03  val_relL2 0.0266  lr 7.98e-04  217s
ep  250  train_nmse 1.4808e-02  val_relL2 0.0644  lr 7.82e-04  226s
ep  260  train_nmse 8.9244e-04  val_relL2 0.0226  lr 7.66e-04  235s
ep  270  train_nmse 5.6558e-04  val_relL2 0.0199  lr 7.49e-04  244s
ep  280  train_nmse 4.2519e-04  val_relL2 0.0203  lr 7.32e-04  253s
ep  290  train_nmse 4.6746e-04  val_relL2 0.0171  lr 7.15e-04  262s
ep  300  train_nmse 7.3105e-04  val_relL2 0.0206  lr 6.98e-04  271s
ep  310  train_nmse 5.9934e-04  val_relL2 0.0239  lr 6.80e-04  280s
ep  320  train_nmse 5.4117e-04  val_relL2 0.0212  lr 6.61e-04  289s
ep  330  train_nmse 5.3113e-04  val_relL2 0.0183  lr 6.43e-04  298s
ep  340  train_nmse 5.1585e-04  val_relL2 0.0182  lr 6.24e-04  307s
ep  350  train_nmse 6.0859e-03  val_relL2 0.0385  lr 6.06e-04  316s
ep  360  train_nmse 3.1977e-04  val_relL2 0.0148  lr 5.87e-04  325s
ep  370  train_nmse 2.6995e-04  val_relL2 0.0152  lr 5.68e-04  334s
ep  380  train_nmse 5.5512e-04  val_relL2 0.0185  lr 5.48e-04  343s
ep  390  train_nmse 3.5592e-04  val_relL2 0.0167  lr 5.29e-04  352s
ep  400  train_nmse 4.4799e-04  val_relL2 0.0175  lr 5.10e-04  361s
ep  410  train_nmse 3.1438e-04  val_relL2 0.0159  lr 4.91e-04  370s
ep  420  train_nmse 3.2086e-04  val_relL2 0.0155  lr 4.72e-04  379s
ep  430  train_nmse 3.8616e-04  val_relL2 0.0152  lr 4.52e-04  388s
ep  440  train_nmse 2.6185e-04  val_relL2 0.0139  lr 4.33e-04  397s
ep  450  train_nmse 2.6905e-04  val_relL2 0.0142  lr 4.14e-04  406s
ep  460  train_nmse 4.4755e-04  val_relL2 0.0173  lr 3.96e-04  415s
ep  470  train_nmse 1.7982e-04  val_relL2 0.0122  lr 3.77e-04  424s
ep  480  train_nmse 2.4070e-04  val_relL2 0.0141  lr 3.59e-04  433s
ep  490  train_nmse 2.0886e-04  val_relL2 0.0130  lr 3.40e-04  442s
ep  500  train_nmse 2.5401e-04  val_relL2 0.0147  lr 3.22e-04  451s
ep  510  train_nmse 1.7831e-04  val_relL2 0.0132  lr 3.05e-04  460s
ep  520  train_nmse 1.6712e-04  val_relL2 0.0127  lr 2.88e-04  470s
ep  530  train_nmse 1.1042e-04  val_relL2 0.0113  lr 2.71e-04  479s
ep  540  train_nmse 1.0802e-04  val_relL2 0.0119  lr 2.54e-04  488s
ep  550  train_nmse 1.7811e-04  val_relL2 0.0122  lr 2.38e-04  497s
ep  560  train_nmse 1.0342e-04  val_relL2 0.0106  lr 2.22e-04  506s
ep  570  train_nmse 9.3470e-05  val_relL2 0.0105  lr 2.07e-04  515s
ep  580  train_nmse 1.1995e-04  val_relL2 0.0119  lr 1.92e-04  524s
ep  590  train_nmse 7.9527e-05  val_relL2 0.0104  lr 1.77e-04  533s
ep  600  train_nmse 7.3496e-05  val_relL2 0.0099  lr 1.64e-04  542s
ep  610  train_nmse 6.5992e-05  val_relL2 0.0098  lr 1.50e-04  551s
ep  620  train_nmse 7.6758e-05  val_relL2 0.0102  lr 1.37e-04  560s
ep  630  train_nmse 7.3982e-05  val_relL2 0.0096  lr 1.25e-04  569s
ep  640  train_nmse 5.6124e-05  val_relL2 0.0093  lr 1.14e-04  578s
ep  650  train_nmse 5.7144e-05  val_relL2 0.0092  lr 1.03e-04  587s
ep  660  train_nmse 5.2508e-05  val_relL2 0.0091  lr 9.22e-05  596s
ep  670  train_nmse 5.0683e-05  val_relL2 0.0089  lr 8.25e-05  605s
ep  680  train_nmse 4.9425e-05  val_relL2 0.0090  lr 7.34e-05  614s
ep  690  train_nmse 4.6150e-05  val_relL2 0.0088  lr 6.50e-05  624s
ep  700  train_nmse 4.4872e-05  val_relL2 0.0087  lr 5.73e-05  633s
ep  710  train_nmse 4.3448e-05  val_relL2 0.0086  lr 5.03e-05  642s
ep  720  train_nmse 4.2601e-05  val_relL2 0.0087  lr 4.40e-05  651s
ep  730  train_nmse 4.1927e-05  val_relL2 0.0086  lr 3.84e-05  660s
ep  740  train_nmse 4.1525e-05  val_relL2 0.0085  lr 3.35e-05  669s
ep  750  train_nmse 4.0423e-05  val_relL2 0.0085  lr 2.94e-05  678s
ep  760  train_nmse 3.9328e-05  val_relL2 0.0085  lr 2.60e-05  687s
ep  770  train_nmse 3.8830e-05  val_relL2 0.0084  lr 2.34e-05  696s
ep  780  train_nmse 3.8381e-05  val_relL2 0.0084  lr 2.15e-05  705s
ep  790  train_nmse 3.7970e-05  val_relL2 0.0084  lr 2.04e-05  714s
ep  800  train_nmse 3.7981e-05  val_relL2 0.0084  lr 2.00e-05  723s
best val rel_l2 = 0.0084  -> checkpoints/autoencoder2d.pt
wrote outputs/ae_recon.png
=== L2 AE done Sat 06 Jun 2026 04:45:42 AM UTC ===
