init assembled:
adapter_config.json
adapter_model.safetensors
autoencoder2d.pt
dual_head.pt
output_projector.pt
special_tokens.pt
=== [2D] STAGE 1 withcontext (warm from a2a4, lr 1e-4/2e-5) start Sat 20 Jun 2026 09:33:56 PM UTC ===
============================================================
V3 PDE Model Training — 2D Bifurcation (145-node FEM)
============================================================
  World size:  4
  Batch size:  8  (per rank)
  Grad accum:  4
  Effective B: 128
  Epochs:      200
  solution_dim:145
  latent_dim:  256
  max_seq_len: 128
  lr_proj:     0.0001
  lr_lora:     2e-05
  lambda_pde:  0.05  (GT-ref residual excess=True, warmup 5→30)
  no_context_prob: 0.00
======================================================================
V3PDEModel training — 2D PDE (DDP)
======================================================================
[rank3] PDE2DData built: 145 nodes, 256 elements, 113 free DOFs
[rank2] PDE2DData built: 145 nodes, 256 elements, 113 free DOFs
  Resuming weights from: ./init_chain_a2a4
[rank0] PDE2DData built: 145 nodes, 256 elements, 113 free DOFs
[rank1] PDE2DData built: 145 nodes, 256 elements, 113 free DOFs
  Weighted sampler: k_gt distribution = {2: 554, 4: 663}
  multisol_weight_power = 0.0
  target_repeat_per_epoch: 10 (global samples/epoch=12170)
  train steps/rank/epoch: 381 | world_size=4
  no_context_prob (train): 0.00
  no_context_prob (val):   0.00
  Projector params : 15,705,221
  LoRA params      : 10,092,544
  Autoencoder params: 1,674,641  (frozen)
Epoch   1/200 | total=4.3431e+01  mse=8.6358e+01  pde=0.0000e+00  ce=2.5230e-01 | val_mse=1.8678e+00 | lr_proj=1.00e-04  lr_lora=2.00e-05 | time=417.5s
V3PDEModel saved to ./checkpoints_chain_s1/best_model
  -> Best model saved (val_mse=1.8678e+00)
Epoch   2/200 | total=8.0549e-01  mse=1.5957e+00  pde=0.0000e+00  ce=7.6313e-03 | val_mse=1.0847e+00 | lr_proj=1.00e-04  lr_lora=2.00e-05 | time=402.1s
V3PDEModel saved to ./checkpoints_chain_s1/best_model
  -> Best model saved (val_mse=1.0847e+00)
Epoch   3/200 | total=5.1623e-01  mse=1.0231e+00  pde=0.0000e+00  ce=4.6792e-03 | val_mse=7.2441e-01 | lr_proj=1.00e-04  lr_lora=2.00e-05 | time=424.8s
V3PDEModel saved to ./checkpoints_chain_s1/best_model
  -> Best model saved (val_mse=7.2441e-01)
Epoch   4/200 | total=3.6630e-01  mse=7.2757e-01  pde=0.0000e+00  ce=2.5136e-03 | val_mse=5.5887e-01 | lr_proj=1.00e-04  lr_lora=2.00e-05 | time=349.9s
V3PDEModel saved to ./checkpoints_chain_s1/best_model
  -> Best model saved (val_mse=5.5887e-01)
Epoch   5/200 | total=3.1003e-01  mse=6.1672e-01  pde=0.0000e+00  ce=1.6679e-03 | val_mse=4.7825e-01 | lr_proj=1.00e-04  lr_lora=2.00e-05 | time=263.7s
V3PDEModel saved to ./checkpoints_chain_s1/best_model
  -> Best model saved (val_mse=4.7825e-01)
Epoch   6/200 | total=2.7003e-01  mse=5.1845e-01  pde=4.8217e+00  ce=1.1625e-03 | val_mse=3.9251e-01 | lr_proj=1.00e-04  lr_lora=2.00e-05 | time=264.6s
V3PDEModel saved to ./checkpoints_chain_s1/best_model
  -> Best model saved (val_mse=3.9251e-01)
Epoch   7/200 | total=2.5070e-01  mse=4.6707e-01  pde=3.7900e+00  ce=1.9990e-03 | val_mse=4.0304e-01 | lr_proj=1.00e-04  lr_lora=2.00e-05 | time=266.8s
Epoch   8/200 | total=2.2019e-01  mse=4.0101e-01  pde=3.0547e+00  ce=1.3522e-03 | val_mse=3.9225e-01 | lr_proj=1.00e-04  lr_lora=2.00e-05 | time=264.9s
V3PDEModel saved to ./checkpoints_chain_s1/best_model
  -> Best model saved (val_mse=3.9225e-01)
Epoch   9/200 | total=2.0378e-01  mse=3.6395e-01  pde=2.5920e+00  ce=1.0631e-03 | val_mse=2.9576e-01 | lr_proj=1.00e-04  lr_lora=2.00e-05 | time=267.7s
V3PDEModel saved to ./checkpoints_chain_s1/best_model
  -> Best model saved (val_mse=2.9576e-01)
Epoch  10/200 | total=1.8675e-01  mse=3.2920e-01  pde=2.1221e+00  ce=9.3405e-04 | val_mse=2.7110e-01 | lr_proj=1.00e-04  lr_lora=2.00e-05 | time=265.9s
V3PDEModel saved to ./checkpoints_chain_s1/best_model
  -> Best model saved (val_mse=2.7110e-01)
V3PDEModel saved to ./checkpoints_chain_s1/epoch_10
Epoch  11/200 | total=1.8262e-01  mse=3.1978e-01  pde=1.8385e+00  ce=6.7049e-04 | val_mse=2.4108e-01 | lr_proj=1.00e-04  lr_lora=2.00e-05 | time=266.4s
V3PDEModel saved to ./checkpoints_chain_s1/best_model
  -> Best model saved (val_mse=2.4108e-01)
Epoch  12/200 | total=1.6404e-01  mse=2.8100e-01  pde=1.6126e+00  ce=9.6819e-04 | val_mse=2.3976e-01 | lr_proj=1.00e-04  lr_lora=2.00e-05 | time=268.0s
V3PDEModel saved to ./checkpoints_chain_s1/best_model
  -> Best model saved (val_mse=2.3976e-01)
Epoch  13/200 | total=1.7354e-01  mse=3.0076e-01  pde=1.4057e+00  ce=6.7168e-04 | val_mse=1.9738e-01 | lr_proj=1.00e-04  lr_lora=2.00e-05 | time=266.3s
V3PDEModel saved to ./checkpoints_chain_s1/best_model
  -> Best model saved (val_mse=1.9738e-01)
Epoch  14/200 | total=1.3688e-01  mse=2.2851e-01  pde=1.2232e+00  ce=6.1015e-04 | val_mse=2.1800e-01 | lr_proj=1.00e-04  lr_lora=2.00e-05 | time=268.2s
Epoch  15/200 | total=1.3788e-01  mse=2.3010e-01  pde=1.1030e+00  ce=7.7295e-04 | val_mse=2.1473e-01 | lr_proj=1.00e-04  lr_lora=2.00e-05 | time=268.5s
Epoch  16/200 | total=1.3885e-01  mse=2.3279e-01  pde=9.9937e-01  ce=4.6865e-04 | val_mse=2.9776e-01 | lr_proj=1.00e-04  lr_lora=2.00e-05 | time=266.1s
Epoch  17/200 | total=1.3224e-01  mse=2.1963e-01  pde=9.1045e-01  ce=5.7453e-04 | val_mse=1.6864e-01 | lr_proj=1.00e-04  lr_lora=2.00e-05 | time=265.8s
V3PDEModel saved to ./checkpoints_chain_s1/best_model
  -> Best model saved (val_mse=1.6864e-01)
Epoch  18/200 | total=1.2106e-01  mse=1.9868e-01  pde=8.1933e-01  ce=4.1868e-04 | val_mse=1.6191e-01 | lr_proj=1.00e-04  lr_lora=2.00e-05 | time=266.1s
V3PDEModel saved to ./checkpoints_chain_s1/best_model
  -> Best model saved (val_mse=1.6191e-01)
Epoch  19/200 | total=1.1420e-01  mse=1.8395e-01  pde=7.6522e-01  ce=7.9568e-04 | val_mse=1.8045e-01 | lr_proj=1.00e-04  lr_lora=2.00e-05 | time=265.5s
Epoch  20/200 | total=1.0796e-01  mse=1.7420e-01  pde=6.8260e-01  ce=3.8108e-04 | val_mse=1.4461e-01 | lr_proj=1.00e-04  lr_lora=2.00e-05 | time=267.5s
V3PDEModel saved to ./checkpoints_chain_s1/best_model
  -> Best model saved (val_mse=1.4461e-01)
V3PDEModel saved to ./checkpoints_chain_s1/epoch_20
Epoch  21/200 | total=1.1468e-01  mse=1.8789e-01  pde=6.3126e-01  ce=5.3892e-04 | val_mse=1.3596e-01 | lr_proj=1.00e-04  lr_lora=2.00e-05 | time=267.4s
V3PDEModel saved to ./checkpoints_chain_s1/best_model
  -> Best model saved (val_mse=1.3596e-01)
Epoch  22/200 | total=1.0832e-01  mse=1.7497e-01  pde=5.9592e-01  ce=5.7467e-04 | val_mse=1.5556e-01 | lr_proj=1.00e-04  lr_lora=2.00e-05 | time=268.7s
Epoch  23/200 | total=1.0095e-01  mse=1.6171e-01  pde=5.4192e-01  ce=5.8038e-04 | val_mse=1.1999e-01 | lr_proj=1.00e-04  lr_lora=2.00e-05 | time=267.3s
V3PDEModel saved to ./checkpoints_chain_s1/best_model
  -> Best model saved (val_mse=1.1999e-01)
Epoch  24/200 | total=1.0641e-01  mse=1.7323e-01  pde=5.0909e-01  ce=4.5161e-04 | val_mse=1.3322e-01 | lr_proj=1.00e-04  lr_lora=2.00e-05 | time=266.8s
Epoch  25/200 | total=9.8152e-02  mse=1.5659e-01  pde=4.8046e-01  ce=6.3963e-04 | val_mse=1.6301e-01 | lr_proj=1.00e-04  lr_lora=2.00e-05 | time=268.7s
Epoch  26/200 | total=1.0390e-01  mse=1.6926e-01  pde=4.5265e-01  ce=2.6302e-04 | val_mse=1.3503e-01 | lr_proj=1.00e-04  lr_lora=2.00e-05 | time=265.9s
Epoch  27/200 | total=9.8353e-02  mse=1.5878e-01  pde=4.1922e-01  ce=5.1732e-04 | val_mse=1.8928e-01 | lr_proj=1.00e-04  lr_lora=2.00e-05 | time=264.8s
Epoch  28/200 | total=8.7588e-02  mse=1.3830e-01  pde=3.9706e-01  ce=1.7250e-04 | val_mse=1.0530e-01 | lr_proj=1.00e-04  lr_lora=2.00e-05 | time=267.5s
V3PDEModel saved to ./checkpoints_chain_s1/best_model
  -> Best model saved (val_mse=1.0530e-01)
Epoch  29/200 | total=8.5951e-02  mse=1.3556e-01  pde=3.7181e-01  ce=3.2174e-04 | val_mse=1.3227e-01 | lr_proj=1.00e-04  lr_lora=2.00e-05 | time=267.0s
Epoch  30/200 | total=1.2599e-01  mse=2.1336e-01  pde=3.7013e-01  ce=8.0136e-04 | val_mse=1.1435e-01 | lr_proj=1.00e-04  lr_lora=2.00e-05 | time=266.2s
V3PDEModel saved to ./checkpoints_chain_s1/epoch_30
Epoch  31/200 | total=9.8694e-02  mse=1.6012e-01  pde=3.6293e-01  ce=4.8525e-04 | val_mse=1.5942e-01 | lr_proj=1.00e-04  lr_lora=2.00e-05 | time=268.3s
Epoch  32/200 | total=8.9721e-02  mse=1.4411e-01  pde=3.4440e-01  ce=4.4771e-04 | val_mse=1.2478e-01 | lr_proj=1.00e-04  lr_lora=2.00e-05 | time=270.1s
Epoch  33/200 | total=8.0209e-02  mse=1.2760e-01  pde=3.1908e-01  ce=4.5514e-04 | val_mse=1.2553e-01 | lr_proj=1.00e-04  lr_lora=2.00e-05 | time=267.2s
Epoch  34/200 | total=7.9420e-02  mse=1.2722e-01  pde=3.1105e-01  ce=2.5605e-04 | val_mse=1.0002e-01 | lr_proj=1.00e-04  lr_lora=2.00e-05 | time=267.4s
V3PDEModel saved to ./checkpoints_chain_s1/best_model
  -> Best model saved (val_mse=1.0002e-01)
Epoch  35/200 | total=7.6119e-02  mse=1.2166e-01  pde=2.9473e-01  ce=5.5074e-04 | val_mse=1.4110e-01 | lr_proj=1.00e-04  lr_lora=2.00e-05 | time=266.0s
Epoch  36/200 | total=7.4002e-02  mse=1.1929e-01  pde=2.8202e-01  ce=2.5558e-04 | val_mse=1.1102e-01 | lr_proj=1.00e-04  lr_lora=2.00e-05 | time=267.4s
Epoch  37/200 | total=9.1586e-02  mse=1.5450e-01  pde=2.7893e-01  ce=3.9044e-04 | val_mse=1.2401e-01 | lr_proj=1.00e-04  lr_lora=2.00e-05 | time=267.8s
Epoch  38/200 | total=8.1145e-02  mse=1.3482e-01  pde=2.6696e-01  ce=3.8647e-04 | val_mse=1.1760e-01 | lr_proj=1.00e-04  lr_lora=2.00e-05 | time=266.8s
Epoch  39/200 | total=7.3411e-02  mse=1.2108e-01  pde=2.5204e-01  ce=2.6858e-04 | val_mse=1.0127e-01 | lr_proj=1.00e-04  lr_lora=2.00e-05 | time=265.7s
Epoch  40/200 | total=6.8196e-02  mse=1.1149e-01  pde=2.4336e-01  ce=2.8242e-04 | val_mse=1.0332e-01 | lr_proj=1.00e-04  lr_lora=2.00e-05 | time=265.2s
V3PDEModel saved to ./checkpoints_chain_s1/epoch_40
Epoch  41/200 | total=6.3339e-02  mse=1.0261e-01  pde=2.3540e-01  ce=2.6478e-04 | val_mse=9.4369e-02 | lr_proj=1.00e-04  lr_lora=2.00e-05 | time=265.7s
V3PDEModel saved to ./checkpoints_chain_s1/best_model
  -> Best model saved (val_mse=9.4369e-02)
Epoch  42/200 | total=7.2287e-02  mse=1.2100e-01  pde=2.3086e-01  ce=2.4271e-04 | val_mse=1.1261e-01 | lr_proj=1.00e-04  lr_lora=2.00e-05 | time=265.9s
Epoch  43/200 | total=6.8427e-02  mse=1.1402e-01  pde=2.2334e-01  ce=2.5022e-04 | val_mse=1.0142e-01 | lr_proj=1.00e-04  lr_lora=2.00e-05 | time=263.7s
Epoch  44/200 | total=7.0143e-02  mse=1.1834e-01  pde=2.1652e-01  ce=1.4801e-04 | val_mse=7.8381e-02 | lr_proj=1.00e-04  lr_lora=2.00e-05 | time=265.0s
V3PDEModel saved to ./checkpoints_chain_s1/best_model
  -> Best model saved (val_mse=7.8381e-02)
Epoch  45/200 | total=6.2441e-02  mse=1.0317e-01  pde=2.1245e-01  ce=2.3081e-04 | val_mse=1.0019e-01 | lr_proj=1.00e-04  lr_lora=2.00e-05 | time=264.8s
Epoch  46/200 | total=5.7046e-02  mse=9.2514e-02  pde=2.0634e-01  ce=4.7173e-04 | val_mse=8.0418e-02 | lr_proj=1.00e-04  lr_lora=2.00e-05 | time=266.4s
Epoch  47/200 | total=5.3117e-02  mse=8.6773e-02  pde=1.9181e-01  ce=1.4038e-04 | val_mse=8.6891e-02 | lr_proj=1.00e-04  lr_lora=2.00e-05 | time=266.6s
Epoch  48/200 | total=5.3937e-02  mse=8.8490e-02  pde=1.9066e-01  ce=1.5935e-04 | val_mse=8.1912e-02 | lr_proj=1.00e-04  lr_lora=2.00e-05 | time=269.3s
Epoch  49/200 | total=5.7886e-02  mse=9.6580e-02  pde=1.8822e-01  ce=1.8441e-04 | val_mse=9.7300e-02 | lr_proj=1.00e-04  lr_lora=2.00e-05 | time=267.8s
Epoch  50/200 | total=5.3079e-02  mse=8.7509e-02  pde=1.8272e-01  ce=1.8814e-04 | val_mse=8.8416e-02 | lr_proj=1.00e-04  lr_lora=2.00e-05 | time=267.2s
V3PDEModel saved to ./checkpoints_chain_s1/epoch_50
Epoch  51/200 | total=5.3198e-02  mse=8.7605e-02  pde=1.8075e-01  ce=3.5825e-04 | val_mse=9.7649e-02 | lr_proj=1.00e-04  lr_lora=2.00e-05 | time=266.3s
Epoch  52/200 | total=5.7193e-02  mse=9.6098e-02  pde=1.7814e-01  ce=2.3734e-04 | val_mse=9.4645e-02 | lr_proj=1.00e-04  lr_lora=2.00e-05 | time=266.1s
Epoch  53/200 | total=5.2003e-02  mse=8.6057e-02  pde=1.7621e-01  ce=1.6405e-04 | val_mse=9.1960e-02 | lr_proj=1.00e-04  lr_lora=2.00e-05 | time=269.8s
Epoch  54/200 | total=5.5790e-02  mse=9.4511e-02  pde=1.6707e-01  ce=1.8167e-04 | val_mse=6.7387e-02 | lr_proj=1.00e-04  lr_lora=2.00e-05 | time=266.4s
V3PDEModel saved to ./checkpoints_chain_s1/best_model
  -> Best model saved (val_mse=6.7387e-02)
Epoch  55/200 | total=5.3870e-02  mse=8.9944e-02  pde=1.7354e-01  ce=2.2077e-04 | val_mse=7.8057e-02 | lr_proj=1.00e-04  lr_lora=2.00e-05 | time=266.8s
Epoch  56/200 | total=5.4840e-02  mse=9.2229e-02  pde=1.7051e-01  ce=2.0004e-04 | val_mse=7.9285e-02 | lr_proj=1.00e-04  lr_lora=2.00e-05 | time=266.5s
Epoch  57/200 | total=4.9923e-02  mse=8.3437e-02  pde=1.6233e-01  ce=8.7402e-05 | val_mse=9.6026e-02 | lr_proj=1.00e-04  lr_lora=2.00e-05 | time=263.8s
Epoch  58/200 | total=4.8299e-02  mse=8.0674e-02  pde=1.5616e-01  ce=1.5369e-04 | val_mse=7.4742e-02 | lr_proj=1.00e-04  lr_lora=2.00e-05 | time=268.3s
Epoch  59/200 | total=5.0130e-02  mse=8.4435e-02  pde=1.5531e-01  ce=1.4685e-04 | val_mse=7.6762e-02 | lr_proj=1.00e-04  lr_lora=2.00e-05 | time=265.4s
Epoch  60/200 | total=5.0313e-02  mse=8.4971e-02  pde=1.5419e-01  ce=1.1780e-04 | val_mse=9.6072e-02 | lr_proj=1.00e-04  lr_lora=2.00e-05 | time=266.8s
V3PDEModel saved to ./checkpoints_chain_s1/epoch_60
Epoch  61/200 | total=4.7657e-02  mse=7.9873e-02  pde=1.5025e-01  ce=2.0782e-04 | val_mse=6.4368e-02 | lr_proj=1.00e-04  lr_lora=2.00e-05 | time=266.2s
V3PDEModel saved to ./checkpoints_chain_s1/best_model
  -> Best model saved (val_mse=6.4368e-02)
Epoch  62/200 | total=4.4771e-02  mse=7.4330e-02  pde=1.4761e-01  ce=2.2576e-04 | val_mse=9.0059e-02 | lr_proj=1.00e-04  lr_lora=2.00e-05 | time=265.6s
Epoch  63/200 | total=4.9111e-02  mse=8.3150e-02  pde=1.4887e-01  ce=9.2541e-05 | val_mse=6.8236e-02 | lr_proj=1.00e-04  lr_lora=2.00e-05 | time=266.6s
Epoch  64/200 | total=5.0458e-02  mse=8.5652e-02  pde=1.4700e-01  ce=2.8187e-04 | val_mse=8.0909e-02 | lr_proj=1.00e-04  lr_lora=2.00e-05 | time=266.9s
Epoch  65/200 | total=4.7283e-02  mse=7.9725e-02  pde=1.4581e-01  ce=1.3024e-04 | val_mse=8.7258e-02 | lr_proj=1.00e-04  lr_lora=2.00e-05 | time=266.8s
Epoch  66/200 | total=4.6815e-02  mse=7.9221e-02  pde=1.4059e-01  ce=1.7513e-04 | val_mse=7.4340e-02 | lr_proj=1.00e-04  lr_lora=2.00e-05 | time=266.7s
Epoch  67/200 | total=4.4661e-02  mse=7.4818e-02  pde=1.3726e-01  ce=3.8949e-04 | val_mse=7.4204e-02 | lr_proj=1.00e-04  lr_lora=2.00e-05 | time=264.9s
Epoch  68/200 | total=4.4291e-02  mse=7.4868e-02  pde=1.3467e-01  ce=1.2308e-04 | val_mse=6.8666e-02 | lr_proj=1.00e-04  lr_lora=2.00e-05 | time=263.9s
Epoch  69/200 | total=5.6914e-02  mse=9.8223e-02  pde=1.3614e-01  ce=9.9614e-04 | val_mse=6.8400e-02 | lr_proj=1.00e-04  lr_lora=2.00e-05 | time=269.0s
Epoch  70/200 | total=4.3734e-02  mse=7.3766e-02  pde=1.3527e-01  ce=8.7048e-05 | val_mse=6.6928e-02 | lr_proj=1.00e-04  lr_lora=2.00e-05 | time=265.6s
V3PDEModel saved to ./checkpoints_chain_s1/epoch_70
Epoch  71/200 | total=5.4878e-02  mse=9.5371e-02  pde=1.4161e-01  ce=1.1170e-04 | val_mse=1.1451e-01 | lr_proj=1.00e-04  lr_lora=2.00e-05 | time=268.0s
Epoch  72/200 | total=5.3034e-02  mse=9.1814e-02  pde=1.3957e-01  ce=1.4803e-04 | val_mse=7.2216e-02 | lr_proj=1.00e-04  lr_lora=2.00e-05 | time=268.4s
Epoch  73/200 | total=4.9720e-02  mse=8.5366e-02  pde=1.3846e-01  ce=1.1452e-04 | val_mse=5.9860e-02 | lr_proj=1.00e-04  lr_lora=2.00e-05 | time=269.8s
V3PDEModel saved to ./checkpoints_chain_s1/best_model
  -> Best model saved (val_mse=5.9860e-02)
Epoch  74/200 | total=4.9086e-02  mse=8.3793e-02  pde=1.4013e-01  ce=1.8335e-04 | val_mse=1.0558e-01 | lr_proj=1.00e-04  lr_lora=2.00e-05 | time=269.0s
Epoch  75/200 | total=4.6468e-02  mse=7.9312e-02  pde=1.3173e-01  ce=2.2479e-04 | val_mse=5.5818e-02 | lr_proj=1.00e-04  lr_lora=2.00e-05 | time=266.9s
V3PDEModel saved to ./checkpoints_chain_s1/best_model
  -> Best model saved (val_mse=5.5818e-02)
Epoch  76/200 | total=4.5548e-02  mse=7.7974e-02  pde=1.2766e-01  ce=1.7766e-04 | val_mse=7.3449e-02 | lr_proj=1.00e-04  lr_lora=2.00e-05 | time=268.5s
Epoch  77/200 | total=4.6642e-02  mse=7.9766e-02  pde=1.2840e-01  ce=3.3909e-04 | val_mse=6.3679e-02 | lr_proj=1.00e-04  lr_lora=2.00e-05 | time=268.4s
Epoch  78/200 | total=3.9104e-02  mse=6.5700e-02  pde=1.2319e-01  ce=9.4093e-05 | val_mse=1.2759e-01 | lr_proj=1.00e-04  lr_lora=2.00e-05 | time=267.6s
Epoch  79/200 | total=4.5297e-02  mse=7.7680e-02  pde=1.2691e-01  ce=1.1183e-04 | val_mse=6.1705e-02 | lr_proj=1.00e-04  lr_lora=2.00e-05 | time=268.2s
Epoch  80/200 | total=4.4715e-02  mse=7.6670e-02  pde=1.2425e-01  ce=1.6731e-04 | val_mse=7.4786e-02 | lr_proj=1.00e-04  lr_lora=2.00e-05 | time=266.7s
V3PDEModel saved to ./checkpoints_chain_s1/epoch_80
Epoch  81/200 | total=4.8207e-02  mse=8.3827e-02  pde=1.2226e-01  ce=1.8097e-04 | val_mse=6.5598e-02 | lr_proj=1.00e-04  lr_lora=2.00e-05 | time=269.4s
Epoch  82/200 | total=6.9206e-02  mse=1.2539e-01  pde=1.2793e-01  ce=1.1435e-04 | val_mse=1.2062e-01 | lr_proj=1.00e-04  lr_lora=2.00e-05 | time=268.7s
Epoch  83/200 | total=5.2222e-02  mse=9.1667e-02  pde=1.2598e-01  ce=8.9818e-05 | val_mse=9.7450e-02 | lr_proj=1.00e-04  lr_lora=2.00e-05 | time=268.1s
Epoch  84/200 | total=4.5567e-02  mse=7.8697e-02  pde=1.2231e-01  ce=1.0285e-04 | val_mse=6.8175e-02 | lr_proj=1.00e-04  lr_lora=2.00e-05 | time=267.8s
Epoch  85/200 | total=4.6491e-02  mse=8.0565e-02  pde=1.2230e-01  ce=9.3321e-05 | val_mse=9.0968e-02 | lr_proj=1.00e-04  lr_lora=2.00e-05 | time=268.9s
Epoch  86/200 | total=4.7952e-02  mse=8.3503e-02  pde=1.2112e-01  ce=1.4497e-04 | val_mse=6.8173e-02 | lr_proj=1.00e-04  lr_lora=2.00e-05 | time=268.2s
Epoch  87/200 | total=4.2786e-02  mse=7.3473e-02  pde=1.1582e-01  ce=2.5884e-04 | val_mse=6.5600e-02 | lr_proj=1.00e-04  lr_lora=2.00e-05 | time=268.3s
Epoch  88/200 | total=3.6011e-02  mse=6.1015e-02  pde=1.0843e-01  ce=8.2071e-05 | val_mse=7.4827e-02 | lr_proj=1.00e-04  lr_lora=2.00e-05 | time=267.7s
Epoch  89/200 | total=4.2690e-02  mse=7.3541e-02  pde=1.1410e-01  ce=2.1412e-04 | val_mse=5.6276e-02 | lr_proj=1.00e-04  lr_lora=2.00e-05 | time=269.5s
Epoch  90/200 | total=3.5478e-02  mse=5.9998e-02  pde=1.0753e-01  ce=1.0282e-04 | val_mse=6.1315e-02 | lr_proj=1.00e-04  lr_lora=2.00e-05 | time=268.1s
V3PDEModel saved to ./checkpoints_chain_s1/epoch_90
Epoch  91/200 | total=3.3729e-02  mse=5.6796e-02  pde=1.0447e-01  ce=1.0787e-04 | val_mse=6.8494e-02 | lr_proj=1.00e-04  lr_lora=2.00e-05 | time=267.4s
Epoch  92/200 | total=3.3855e-02  mse=5.6620e-02  pde=1.0791e-01  ce=1.4935e-04 | val_mse=1.2636e-01 | lr_proj=1.00e-04  lr_lora=2.00e-05 | time=266.7s
Epoch  93/200 | total=4.8786e-02  mse=8.6410e-02  pde=1.0993e-01  ce=8.3974e-05 | val_mse=7.2065e-02 | lr_proj=1.00e-04  lr_lora=2.00e-05 | time=268.9s
Epoch  94/200 | total=3.2176e-02  mse=5.4037e-02  pde=1.0122e-01  ce=9.6636e-05 | val_mse=5.7833e-02 | lr_proj=1.00e-04  lr_lora=2.00e-05 | time=269.3s
Epoch  95/200 | total=3.4589e-02  mse=5.8932e-02  pde=1.0096e-01  ce=7.5832e-05 | val_mse=6.5749e-02 | lr_proj=1.00e-04  lr_lora=2.00e-05 | time=270.0s
Epoch  96/200 | total=5.1466e-02  mse=9.2183e-02  pde=1.0512e-01  ce=1.1839e-04 | val_mse=5.9165e-02 | lr_proj=1.00e-04  lr_lora=2.00e-05 | time=267.6s
Epoch  97/200 | total=3.9728e-02  mse=6.8654e-02  pde=1.0408e-01  ce=1.9760e-04 | val_mse=6.9646e-02 | lr_proj=1.00e-04  lr_lora=2.00e-05 | time=266.8s
Epoch  98/200 | total=3.9243e-02  mse=6.7929e-02  pde=1.0411e-01  ce=7.3101e-05 | val_mse=5.7797e-02 | lr_proj=1.00e-04  lr_lora=2.00e-05 | time=267.7s
Epoch  99/200 | total=3.6339e-02  mse=6.2215e-02  pde=1.0309e-01  ce=7.6899e-05 | val_mse=7.9763e-02 | lr_proj=1.00e-04  lr_lora=2.00e-05 | time=268.5s
Epoch 100/200 | total=4.7283e-02  mse=8.3520e-02  pde=1.0534e-01  ce=2.5635e-04 | val_mse=6.4143e-02 | lr_proj=1.00e-04  lr_lora=2.00e-05 | time=267.7s
V3PDEModel saved to ./checkpoints_chain_s1/epoch_100
Epoch 101/200 | total=3.6779e-02  mse=6.3447e-02  pde=9.8449e-02  ce=1.3295e-04 | val_mse=7.5020e-02 | lr_proj=5.00e-05  lr_lora=1.00e-05 [LR↓] | time=265.9s
Epoch 102/200 | total=2.9854e-02  mse=5.0226e-02  pde=9.3258e-02  ce=7.8690e-05 | val_mse=4.8006e-02 | lr_proj=5.00e-05  lr_lora=1.00e-05 | time=265.5s
V3PDEModel saved to ./checkpoints_chain_s1/best_model
  -> Best model saved (val_mse=4.8006e-02)
Epoch 103/200 | total=2.7568e-02  mse=4.5859e-02  pde=9.1417e-02  ce=6.8080e-05 | val_mse=4.6169e-02 | lr_proj=5.00e-05  lr_lora=1.00e-05 | time=267.9s
V3PDEModel saved to ./checkpoints_chain_s1/best_model
  -> Best model saved (val_mse=4.6169e-02)
Epoch 104/200 | total=2.4845e-02  mse=4.0597e-02  pde=8.8765e-02  ce=1.0792e-04 | val_mse=4.7640e-02 | lr_proj=5.00e-05  lr_lora=1.00e-05 | time=268.2s
Epoch 105/200 | total=2.8873e-02  mse=4.8662e-02  pde=8.9171e-02  ce=8.3194e-05 | val_mse=5.8419e-02 | lr_proj=5.00e-05  lr_lora=1.00e-05 | time=267.1s
Epoch 106/200 | total=2.6138e-02  mse=4.3413e-02  pde=8.7257e-02  ce=6.8572e-05 | val_mse=5.0015e-02 | lr_proj=5.00e-05  lr_lora=1.00e-05 | time=266.8s
Epoch 107/200 | total=2.4306e-02  mse=3.9779e-02  pde=8.6042e-02  ce=1.1391e-04 | val_mse=4.1931e-02 | lr_proj=5.00e-05  lr_lora=1.00e-05 | time=266.0s
V3PDEModel saved to ./checkpoints_chain_s1/best_model
  -> Best model saved (val_mse=4.1931e-02)
Epoch 108/200 | total=2.5894e-02  mse=4.2912e-02  pde=8.7328e-02  ce=7.2057e-05 | val_mse=4.5883e-02 | lr_proj=5.00e-05  lr_lora=1.00e-05 | time=265.7s
Epoch 109/200 | total=2.4773e-02  mse=4.0805e-02  pde=8.5648e-02  ce=8.8484e-05 | val_mse=4.8151e-02 | lr_proj=5.00e-05  lr_lora=1.00e-05 | time=267.2s
Epoch 110/200 | total=2.8823e-02  mse=4.8953e-02  pde=8.5752e-02  ce=5.9414e-05 | val_mse=6.1523e-02 | lr_proj=5.00e-05  lr_lora=1.00e-05 | time=269.9s
V3PDEModel saved to ./checkpoints_chain_s1/epoch_110
Epoch 111/200 | total=2.2515e-02  mse=3.6648e-02  pde=8.2497e-02  ce=6.6155e-05 | val_mse=4.6744e-02 | lr_proj=5.00e-05  lr_lora=1.00e-05 | time=268.8s
Epoch 112/200 | total=2.7911e-02  mse=4.7467e-02  pde=8.2416e-02  ce=5.6842e-05 | val_mse=5.2494e-02 | lr_proj=5.00e-05  lr_lora=1.00e-05 | time=268.8s
Epoch 113/200 | total=2.4502e-02  mse=4.0480e-02  pde=8.3058e-02  ce=1.0892e-04 | val_mse=4.6402e-02 | lr_proj=5.00e-05  lr_lora=1.00e-05 | time=267.6s
Epoch 114/200 | total=2.3606e-02  mse=3.8764e-02  pde=8.2239e-02  ce=1.1148e-04 | val_mse=3.5044e-02 | lr_proj=5.00e-05  lr_lora=1.00e-05 | time=268.4s
V3PDEModel saved to ./checkpoints_chain_s1/best_model
  -> Best model saved (val_mse=3.5044e-02)
Epoch 115/200 | total=2.7681e-02  mse=4.6656e-02  pde=8.4608e-02  ce=1.2297e-04 | val_mse=4.0138e-02 | lr_proj=5.00e-05  lr_lora=1.00e-05 | time=267.2s
Epoch 116/200 | total=2.1996e-02  mse=3.5936e-02  pde=7.9188e-02  ce=6.8265e-05 | val_mse=3.6616e-02 | lr_proj=5.00e-05  lr_lora=1.00e-05 | time=267.6s
Epoch 117/200 | total=2.2652e-02  mse=3.7208e-02  pde=7.9515e-02  ce=7.1744e-05 | val_mse=4.5132e-02 | lr_proj=5.00e-05  lr_lora=1.00e-05 | time=268.2s
Epoch 118/200 | total=2.5708e-02  mse=4.2976e-02  pde=8.1074e-02  ce=1.6618e-04 | val_mse=3.3652e-02 | lr_proj=5.00e-05  lr_lora=1.00e-05 | time=267.0s
V3PDEModel saved to ./checkpoints_chain_s1/best_model
  -> Best model saved (val_mse=3.3652e-02)
Epoch 119/200 | total=2.2804e-02  mse=3.7558e-02  pde=7.9311e-02  ce=5.9980e-05 | val_mse=5.6442e-02 | lr_proj=5.00e-05  lr_lora=1.00e-05 | time=269.7s
Epoch 120/200 | total=2.4193e-02  mse=4.0061e-02  pde=8.0748e-02  ce=1.2523e-04 | val_mse=4.5122e-02 | lr_proj=5.00e-05  lr_lora=1.00e-05 | time=267.1s
V3PDEModel saved to ./checkpoints_chain_s1/epoch_120
Epoch 121/200 | total=2.3700e-02  mse=3.9138e-02  pde=8.1036e-02  ce=7.9185e-05 | val_mse=5.1829e-02 | lr_proj=5.00e-05  lr_lora=1.00e-05 | time=269.1s
Epoch 122/200 | total=2.1002e-02  mse=3.4206e-02  pde=7.7103e-02  ce=4.3364e-05 | val_mse=4.6763e-02 | lr_proj=5.00e-05  lr_lora=1.00e-05 | time=267.3s
Epoch 123/200 | total=2.1929e-02  mse=3.5928e-02  pde=7.8227e-02  ce=5.3655e-05 | val_mse=4.2806e-02 | lr_proj=5.00e-05  lr_lora=1.00e-05 | time=268.6s
Epoch 124/200 | total=2.3170e-02  mse=3.8197e-02  pde=7.9666e-02  ce=8.7984e-05 | val_mse=4.2124e-02 | lr_proj=5.00e-05  lr_lora=1.00e-05 | time=267.4s
Epoch 125/200 | total=2.4851e-02  mse=4.1632e-02  pde=7.8480e-02  ce=1.1078e-04 | val_mse=4.7312e-02 | lr_proj=5.00e-05  lr_lora=1.00e-05 | time=269.5s
Epoch 126/200 | total=2.3120e-02  mse=3.8171e-02  pde=7.8963e-02  ce=8.6238e-05 | val_mse=4.4397e-02 | lr_proj=5.00e-05  lr_lora=1.00e-05 | time=267.3s
Epoch 127/200 | total=2.3344e-02  mse=3.8652e-02  pde=7.6678e-02  ce=1.8376e-04 | val_mse=3.6966e-02 | lr_proj=5.00e-05  lr_lora=1.00e-05 | time=266.6s
Epoch 128/200 | total=2.2854e-02  mse=3.7829e-02  pde=7.7368e-02  ce=7.0710e-05 | val_mse=5.0643e-02 | lr_proj=5.00e-05  lr_lora=1.00e-05 | time=268.2s
Epoch 129/200 | total=2.5744e-02  mse=4.3708e-02  pde=7.6583e-02  ce=6.1080e-05 | val_mse=3.1145e-02 | lr_proj=5.00e-05  lr_lora=1.00e-05 | time=268.8s
V3PDEModel saved to ./checkpoints_chain_s1/best_model
  -> Best model saved (val_mse=3.1145e-02)
Epoch 130/200 | total=2.3510e-02  mse=3.9262e-02  pde=7.6053e-02  ce=7.6448e-05 | val_mse=3.2093e-02 | lr_proj=5.00e-05  lr_lora=1.00e-05 | time=267.2s
V3PDEModel saved to ./checkpoints_chain_s1/epoch_130
Epoch 131/200 | total=2.3284e-02  mse=3.8860e-02  pde=7.5375e-02  ce=8.5218e-05 | val_mse=4.1865e-02 | lr_proj=5.00e-05  lr_lora=1.00e-05 | time=270.3s
Epoch 132/200 | total=2.4660e-02  mse=4.1831e-02  pde=7.3617e-02  ce=6.3876e-05 | val_mse=3.4638e-02 | lr_proj=5.00e-05  lr_lora=1.00e-05 | time=266.2s
Epoch 133/200 | total=2.0790e-02  mse=3.4095e-02  pde=7.3672e-02  ce=5.8438e-05 | val_mse=3.8849e-02 | lr_proj=5.00e-05  lr_lora=1.00e-05 | time=267.7s
Epoch 134/200 | total=2.4290e-02  mse=4.1080e-02  pde=7.3529e-02  ce=7.3565e-05 | val_mse=3.5218e-02 | lr_proj=5.00e-05  lr_lora=1.00e-05 | time=269.6s
Epoch 135/200 | total=2.3043e-02  mse=3.8078e-02  pde=7.3349e-02  ce=3.3668e-04 | val_mse=3.6214e-02 | lr_proj=5.00e-05  lr_lora=1.00e-05 | time=266.8s
Epoch 136/200 | total=2.0007e-02  mse=3.2608e-02  pde=7.2812e-02  ce=6.2372e-05 | val_mse=3.3974e-02 | lr_proj=5.00e-05  lr_lora=1.00e-05 | time=265.9s
Epoch 137/200 | total=2.2674e-02  mse=3.7407e-02  pde=7.2749e-02  ce=3.3321e-04 | val_mse=3.6607e-02 | lr_proj=5.00e-05  lr_lora=1.00e-05 | time=268.1s
Epoch 138/200 | total=2.3971e-02  mse=4.0037e-02  pde=7.4263e-02  ce=2.3999e-04 | val_mse=4.2018e-02 | lr_proj=5.00e-05  lr_lora=1.00e-05 | time=269.0s
Epoch 139/200 | total=1.9670e-02  mse=3.2295e-02  pde=6.8979e-02  ce=7.3340e-05 | val_mse=3.2141e-02 | lr_proj=5.00e-05  lr_lora=1.00e-05 | time=266.9s
Epoch 140/200 | total=1.9861e-02  mse=3.2590e-02  pde=7.0383e-02  ce=4.6730e-05 | val_mse=2.9785e-02 | lr_proj=5.00e-05  lr_lora=1.00e-05 | time=266.3s
V3PDEModel saved to ./checkpoints_chain_s1/best_model
  -> Best model saved (val_mse=2.9785e-02)
V3PDEModel saved to ./checkpoints_chain_s1/epoch_140
Epoch 141/200 | total=2.0980e-02  mse=3.4782e-02  pde=6.9859e-02  ce=9.6511e-05 | val_mse=3.5431e-02 | lr_proj=5.00e-05  lr_lora=1.00e-05 | time=267.5s
Epoch 142/200 | total=2.1848e-02  mse=3.6616e-02  pde=6.9269e-02  ce=7.6309e-05 | val_mse=3.5510e-02 | lr_proj=5.00e-05  lr_lora=1.00e-05 | time=268.9s
Epoch 143/200 | total=2.1981e-02  mse=3.6852e-02  pde=6.9899e-02  ce=6.0144e-05 | val_mse=5.0893e-02 | lr_proj=5.00e-05  lr_lora=1.00e-05 | time=267.1s
Epoch 144/200 | total=2.1932e-02  mse=3.6660e-02  pde=6.8231e-02  ce=1.9064e-04 | val_mse=3.3995e-02 | lr_proj=5.00e-05  lr_lora=1.00e-05 | time=265.4s
Epoch 145/200 | total=2.1120e-02  mse=3.5254e-02  pde=6.7565e-02  ce=1.1433e-04 | val_mse=4.7224e-02 | lr_proj=5.00e-05  lr_lora=1.00e-05 | time=266.0s
Epoch 146/200 | total=2.1333e-02  mse=3.5605e-02  pde=6.8312e-02  ce=1.1481e-04 | val_mse=3.2162e-02 | lr_proj=5.00e-05  lr_lora=1.00e-05 | time=269.4s
Epoch 147/200 | total=2.0797e-02  mse=3.4591e-02  pde=6.7752e-02  ce=1.1410e-04 | val_mse=4.7966e-02 | lr_proj=5.00e-05  lr_lora=1.00e-05 | time=266.7s
Epoch 148/200 | total=1.9430e-02  mse=3.1990e-02  pde=6.7489e-02  ce=6.0523e-05 | val_mse=3.2563e-02 | lr_proj=5.00e-05  lr_lora=1.00e-05 | time=267.1s
Epoch 149/200 | total=2.0770e-02  mse=3.4805e-02  pde=6.6583e-02  ce=3.8816e-05 | val_mse=3.1701e-02 | lr_proj=5.00e-05  lr_lora=1.00e-05 | time=267.3s
Epoch 150/200 | total=1.8163e-02  mse=2.9536e-02  pde=6.6922e-02  ce=4.9299e-05 | val_mse=3.3058e-02 | lr_proj=5.00e-05  lr_lora=1.00e-05 | time=268.6s
V3PDEModel saved to ./checkpoints_chain_s1/epoch_150
Epoch 151/200 | total=1.9362e-02  mse=3.2002e-02  pde=6.6016e-02  ce=6.0486e-05 | val_mse=3.3661e-02 | lr_proj=5.00e-05  lr_lora=1.00e-05 | time=266.7s
Epoch 152/200 | total=2.2306e-02  mse=3.7728e-02  pde=6.7593e-02  ce=6.1720e-05 | val_mse=3.7827e-02 | lr_proj=5.00e-05  lr_lora=1.00e-05 | time=269.7s
Epoch 153/200 | total=1.9241e-02  mse=3.1798e-02  pde=6.5984e-02  ce=4.2405e-05 | val_mse=3.3665e-02 | lr_proj=5.00e-05  lr_lora=1.00e-05 | time=269.0s
Epoch 154/200 | total=2.0109e-02  mse=3.3589e-02  pde=6.4958e-02  ce=6.6242e-05 | val_mse=3.5584e-02 | lr_proj=5.00e-05  lr_lora=1.00e-05 | time=268.6s
Epoch 155/200 | total=1.7470e-02  mse=2.8329e-02  pde=6.5056e-02  ce=5.2653e-05 | val_mse=3.3352e-02 | lr_proj=5.00e-05  lr_lora=1.00e-05 | time=267.6s
Epoch 156/200 | total=1.9268e-02  mse=3.1590e-02  pde=6.6298e-02  ce=1.5826e-04 | val_mse=3.7446e-02 | lr_proj=5.00e-05  lr_lora=1.00e-05 | time=267.9s
Epoch 157/200 | total=1.7584e-02  mse=2.8581e-02  pde=6.4630e-02  ce=6.1918e-05 | val_mse=4.1879e-02 | lr_proj=5.00e-05  lr_lora=1.00e-05 | time=269.4s
Epoch 158/200 | total=2.0553e-02  mse=3.4560e-02  pde=6.4489e-02  ce=4.8619e-05 | val_mse=3.5738e-02 | lr_proj=5.00e-05  lr_lora=1.00e-05 | time=268.6s
Epoch 159/200 | total=2.4147e-02  mse=4.0888e-02  pde=6.6269e-02  ce=3.9006e-04 | val_mse=2.8659e-02 | lr_proj=5.00e-05  lr_lora=1.00e-05 | time=265.5s
V3PDEModel saved to ./checkpoints_chain_s1/best_model
  -> Best model saved (val_mse=2.8659e-02)
Epoch 160/200 | total=2.2554e-02  mse=3.8649e-02  pde=6.3480e-02  ce=5.5517e-05 | val_mse=4.3310e-02 | lr_proj=5.00e-05  lr_lora=1.00e-05 | time=269.5s
V3PDEModel saved to ./checkpoints_chain_s1/epoch_160
Epoch 161/200 | total=2.0416e-02  mse=3.4083e-02  pde=6.5010e-02  ce=1.2431e-04 | val_mse=2.9799e-02 | lr_proj=5.00e-05  lr_lora=1.00e-05 | time=270.3s
Epoch 162/200 | total=1.9426e-02  mse=3.2427e-02  pde=6.3141e-02  ce=5.5998e-05 | val_mse=2.8455e-02 | lr_proj=5.00e-05  lr_lora=1.00e-05 | time=267.9s
V3PDEModel saved to ./checkpoints_chain_s1/best_model
  -> Best model saved (val_mse=2.8455e-02)
Epoch 163/200 | total=1.9265e-02  mse=3.2120e-02  pde=6.3351e-02  ce=3.8074e-05 | val_mse=4.3628e-02 | lr_proj=5.00e-05  lr_lora=1.00e-05 | time=266.4s
Epoch 164/200 | total=1.8551e-02  mse=3.0590e-02  pde=6.2558e-02  ce=1.2770e-04 | val_mse=3.1001e-02 | lr_proj=5.00e-05  lr_lora=1.00e-05 | time=269.1s
Epoch 165/200 | total=1.8143e-02  mse=2.9906e-02  pde=6.1920e-02  ce=9.3870e-05 | val_mse=3.1156e-02 | lr_proj=5.00e-05  lr_lora=1.00e-05 | time=268.0s
Epoch 166/200 | total=2.0945e-02  mse=3.5357e-02  pde=6.2193e-02  ce=1.5708e-04 | val_mse=3.0664e-02 | lr_proj=5.00e-05  lr_lora=1.00e-05 | time=269.4s
Epoch 167/200 | total=1.9939e-02  mse=3.3733e-02  pde=6.0445e-02  ce=4.9837e-05 | val_mse=3.5632e-02 | lr_proj=5.00e-05  lr_lora=1.00e-05 | time=268.3s
Epoch 168/200 | total=1.7460e-02  mse=2.8800e-02  pde=6.0475e-02  ce=3.5788e-05 | val_mse=3.4085e-02 | lr_proj=5.00e-05  lr_lora=1.00e-05 | time=268.3s
Epoch 169/200 | total=1.7596e-02  mse=2.9002e-02  pde=5.9931e-02  ce=9.8675e-05 | val_mse=3.7347e-02 | lr_proj=5.00e-05  lr_lora=1.00e-05 | time=268.0s
Epoch 170/200 | total=2.3448e-02  mse=3.9827e-02  pde=6.2824e-02  ce=3.9326e-04 | val_mse=3.4330e-02 | lr_proj=5.00e-05  lr_lora=1.00e-05 | time=268.7s
V3PDEModel saved to ./checkpoints_chain_s1/epoch_170
Epoch 171/200 | total=2.1648e-02  mse=3.6984e-02  pde=6.2235e-02  ce=4.4367e-05 | val_mse=3.4362e-02 | lr_proj=5.00e-05  lr_lora=1.00e-05 | time=267.9s
Epoch 172/200 | total=1.8724e-02  mse=3.1329e-02  pde=5.9889e-02  ce=6.5371e-05 | val_mse=3.6700e-02 | lr_proj=5.00e-05  lr_lora=1.00e-05 | time=270.4s
Epoch 173/200 | total=2.0288e-02  mse=3.4040e-02  pde=6.0136e-02  ce=2.6176e-04 | val_mse=3.0849e-02 | lr_proj=5.00e-05  lr_lora=1.00e-05 | time=269.0s
Epoch 174/200 | total=1.7768e-02  mse=2.9473e-02  pde=5.9810e-02  ce=4.0601e-05 | val_mse=3.3162e-02 | lr_proj=5.00e-05  lr_lora=1.00e-05 | time=267.9s
Epoch 175/200 | total=1.8659e-02  mse=3.1269e-02  pde=5.9537e-02  ce=4.8053e-05 | val_mse=3.1383e-02 | lr_proj=5.00e-05  lr_lora=1.00e-05 | time=268.9s
Epoch 176/200 | total=1.8419e-02  mse=3.0835e-02  pde=5.9133e-02  ce=4.4966e-05 | val_mse=3.9370e-02 | lr_proj=5.00e-05  lr_lora=1.00e-05 | time=270.0s
Epoch 177/200 | total=2.2421e-02  mse=3.8216e-02  pde=5.8920e-02  ce=3.6733e-04 | val_mse=3.2231e-02 | lr_proj=5.00e-05  lr_lora=1.00e-05 | time=266.5s
Epoch 178/200 | total=1.8376e-02  mse=3.0520e-02  pde=5.9409e-02  ce=1.4563e-04 | val_mse=3.0663e-02 | lr_proj=5.00e-05  lr_lora=1.00e-05 | time=266.8s
Epoch 179/200 | total=2.0074e-02  mse=3.4057e-02  pde=5.8584e-02  ce=1.1629e-04 | val_mse=3.9219e-02 | lr_proj=5.00e-05  lr_lora=1.00e-05 | time=269.4s
Epoch 180/200 | total=1.9938e-02  mse=3.3862e-02  pde=5.9188e-02  ce=4.7996e-05 | val_mse=3.6520e-02 | lr_proj=5.00e-05  lr_lora=1.00e-05 | time=266.3s
V3PDEModel saved to ./checkpoints_chain_s1/epoch_180
Epoch 181/200 | total=1.6797e-02  mse=2.7762e-02  pde=5.7366e-02  ce=4.7537e-05 | val_mse=2.9522e-02 | lr_proj=5.00e-05  lr_lora=1.00e-05 | time=267.2s
Epoch 182/200 | total=1.7392e-02  mse=2.8967e-02  pde=5.7007e-02  ce=5.8035e-05 | val_mse=5.0187e-02 | lr_proj=5.00e-05  lr_lora=1.00e-05 | time=269.9s
Epoch 183/200 | total=2.2691e-02  mse=3.8991e-02  pde=5.9995e-02  ce=1.9580e-04 | val_mse=3.0477e-02 | lr_proj=5.00e-05  lr_lora=1.00e-05 | time=268.7s
Epoch 184/200 | total=1.8522e-02  mse=3.0619e-02  pde=5.9671e-02  ce=2.2867e-04 | val_mse=2.8881e-02 | lr_proj=5.00e-05  lr_lora=1.00e-05 | time=268.1s
Epoch 185/200 | total=1.5492e-02  mse=2.5165e-02  pde=5.7124e-02  ce=5.3050e-05 | val_mse=2.5245e-02 | lr_proj=5.00e-05  lr_lora=1.00e-05 | time=264.6s
V3PDEModel saved to ./checkpoints_chain_s1/best_model
  -> Best model saved (val_mse=2.5245e-02)
Epoch 186/200 | total=2.0072e-02  mse=3.4212e-02  pde=5.8415e-02  ce=4.5452e-05 | val_mse=2.5872e-02 | lr_proj=5.00e-05  lr_lora=1.00e-05 | time=267.6s
Epoch 187/200 | total=1.8326e-02  mse=3.0792e-02  pde=5.6846e-02  ce=8.7546e-05 | val_mse=3.4421e-02 | lr_proj=5.00e-05  lr_lora=1.00e-05 | time=268.4s
Epoch 188/200 | total=1.5293e-02  mse=2.4936e-02  pde=5.5769e-02  ce=3.6396e-05 | val_mse=2.6526e-02 | lr_proj=5.00e-05  lr_lora=1.00e-05 | time=268.0s
Epoch 189/200 | total=1.7388e-02  mse=2.9169e-02  pde=5.5349e-02  ce=3.6062e-05 | val_mse=2.9711e-02 | lr_proj=5.00e-05  lr_lora=1.00e-05 | time=266.6s
Epoch 190/200 | total=1.7874e-02  mse=3.0055e-02  pde=5.5939e-02  ce=4.9012e-05 | val_mse=3.4589e-02 | lr_proj=5.00e-05  lr_lora=1.00e-05 | time=268.0s
V3PDEModel saved to ./checkpoints_chain_s1/epoch_190
Epoch 191/200 | total=2.1550e-02  mse=3.7077e-02  pde=5.8209e-02  ce=1.0060e-04 | val_mse=3.8636e-02 | lr_proj=5.00e-05  lr_lora=1.00e-05 | time=270.2s
Epoch 192/200 | total=1.7621e-02  mse=2.9570e-02  pde=5.5757e-02  ce=4.8463e-05 | val_mse=3.9005e-02 | lr_proj=5.00e-05  lr_lora=1.00e-05 | time=269.1s
Epoch 193/200 | total=1.6271e-02  mse=2.6848e-02  pde=5.5204e-02  ce=8.6554e-05 | val_mse=2.9920e-02 | lr_proj=5.00e-05  lr_lora=1.00e-05 | time=266.6s
Epoch 194/200 | total=1.6208e-02  mse=2.6838e-02  pde=5.4737e-02  ce=5.2164e-05 | val_mse=3.6119e-02 | lr_proj=5.00e-05  lr_lora=1.00e-05 | time=267.1s
Epoch 195/200 | total=1.9332e-02  mse=3.2977e-02  pde=5.4620e-02  ce=1.1225e-04 | val_mse=2.5869e-02 | lr_proj=5.00e-05  lr_lora=1.00e-05 | time=267.6s
Epoch 196/200 | total=1.7449e-02  mse=2.9423e-02  pde=5.3934e-02  ce=4.0545e-05 | val_mse=4.0234e-02 | lr_proj=5.00e-05  lr_lora=1.00e-05 | time=267.0s
Epoch 197/200 | total=1.6110e-02  mse=2.6578e-02  pde=5.3986e-02  ce=1.2124e-04 | val_mse=2.8682e-02 | lr_proj=5.00e-05  lr_lora=1.00e-05 | time=268.0s
Epoch 198/200 | total=1.8138e-02  mse=3.0642e-02  pde=5.5233e-02  ce=5.4850e-05 | val_mse=3.2545e-02 | lr_proj=5.00e-05  lr_lora=1.00e-05 | time=268.8s
Epoch 199/200 | total=1.6734e-02  mse=2.7822e-02  pde=5.4328e-02  ce=1.0682e-04 | val_mse=3.5068e-02 | lr_proj=5.00e-05  lr_lora=1.00e-05 | time=269.3s
Epoch 200/200 | total=1.6840e-02  mse=2.8125e-02  pde=5.4285e-02  ce=6.2931e-05 | val_mse=2.9824e-02 | lr_proj=5.00e-05  lr_lora=1.00e-05 | time=264.8s
V3PDEModel saved to ./checkpoints_chain_s1/epoch_200
Training complete.  best_val_mse=2.5245e-02
=== [2D] STAGE 2 nocontext (from stage1, lr 2e-5/5e-6) start Sun 21 Jun 2026 12:34:47 PM UTC ===
[rank2] PDE2DData built: 145 nodes, 256 elements, 113 free DOFs
============================================================
V3 PDE Model Training — 2D Bifurcation (145-node FEM)
============================================================
  World size:  4
  Batch size:  8  (per rank)
  Grad accum:  4
  Effective B: 128
  Epochs:      200
  solution_dim:145
  latent_dim:  256
  max_seq_len: 128
  lr_proj:     2e-05
  lr_lora:     5e-06
  lambda_pde:  0.05  (GT-ref residual excess=True, warmup 5→30)
  no_context_prob: 1.00
======================================================================
V3PDEModel training — 2D PDE (DDP)
======================================================================
  Resuming weights from: ./checkpoints_chain_s1/best_model
[rank0] PDE2DData built: 145 nodes, 256 elements, 113 free DOFs
[rank3] PDE2DData built: 145 nodes, 256 elements, 113 free DOFs
[rank1] PDE2DData built: 145 nodes, 256 elements, 113 free DOFs
  Weighted sampler: k_gt distribution = {2: 554, 4: 663}
  multisol_weight_power = 0.0
  target_repeat_per_epoch: 10 (global samples/epoch=12170)
  train steps/rank/epoch: 381 | world_size=4
  no_context_prob (train): 1.00
  no_context_prob (val):   1.00
  Projector params : 15,705,221
  LoRA params      : 10,092,544
  Autoencoder params: 1,674,641  (frozen)
Epoch   1/200 | total=2.1207e-01  mse=4.0635e-01  pde=0.0000e+00  ce=8.8961e-03 | val_mse=5.4927e-02 | lr_proj=2.00e-05  lr_lora=5.00e-06 | time=112.5s
V3PDEModel saved to ./checkpoints_chain/best_model
  -> Best model saved (val_mse=5.4927e-02)
Epoch   2/200 | total=2.4219e-02  mse=4.7897e-02  pde=0.0000e+00  ce=2.7035e-04 | val_mse=3.5134e-02 | lr_proj=2.00e-05  lr_lora=5.00e-06 | time=111.2s
V3PDEModel saved to ./checkpoints_chain/best_model
  -> Best model saved (val_mse=3.5134e-02)
Epoch   3/200 | total=2.0958e-02  mse=4.1553e-02  pde=0.0000e+00  ce=1.8160e-04 | val_mse=4.8938e-02 | lr_proj=2.00e-05  lr_lora=5.00e-06 | time=112.2s
Epoch   4/200 | total=1.6958e-02  mse=3.3578e-02  pde=0.0000e+00  ce=1.6945e-04 | val_mse=3.5216e-02 | lr_proj=2.00e-05  lr_lora=5.00e-06 | time=111.4s
Epoch   5/200 | total=1.5441e-02  mse=3.0634e-02  pde=0.0000e+00  ce=1.2361e-04 | val_mse=3.1090e-02 | lr_proj=2.00e-05  lr_lora=5.00e-06 | time=110.7s
V3PDEModel saved to ./checkpoints_chain/best_model
  -> Best model saved (val_mse=3.1090e-02)
Epoch   6/200 | total=1.4331e-02  mse=2.7569e-02  pde=2.2298e-01  ce=1.0057e-04 | val_mse=2.4388e-02 | lr_proj=2.00e-05  lr_lora=5.00e-06 | time=113.9s
V3PDEModel saved to ./checkpoints_chain/best_model
  -> Best model saved (val_mse=2.4388e-02)
Epoch   7/200 | total=1.4133e-02  mse=2.6718e-02  pde=1.6323e-01  ce=1.2119e-04 | val_mse=4.1293e-02 | lr_proj=2.00e-05  lr_lora=5.00e-06 | time=115.9s
Epoch   8/200 | total=1.4654e-02  mse=2.7516e-02  pde=1.3446e-01  ce=8.9110e-05 | val_mse=2.6025e-02 | lr_proj=2.00e-05  lr_lora=5.00e-06 | time=115.7s
Epoch   9/200 | total=1.5486e-02  mse=2.8670e-02  pde=1.2492e-01  ce=1.5220e-04 | val_mse=2.6648e-02 | lr_proj=2.00e-05  lr_lora=5.00e-06 | time=116.3s
Epoch  10/200 | total=1.6421e-02  mse=3.0455e-02  pde=1.1027e-01  ce=9.1420e-05 | val_mse=2.7987e-02 | lr_proj=2.00e-05  lr_lora=5.00e-06 | time=116.3s
V3PDEModel saved to ./checkpoints_chain/epoch_10
Epoch  11/200 | total=1.3178e-02  mse=2.3724e-02  pde=1.0234e-01  ce=8.8313e-05 | val_mse=2.6707e-02 | lr_proj=2.00e-05  lr_lora=5.00e-06 | time=115.9s
Epoch  12/200 | total=1.4443e-02  mse=2.5905e-02  pde=9.8248e-02  ce=1.1500e-04 | val_mse=3.0812e-02 | lr_proj=2.00e-05  lr_lora=5.00e-06 | time=116.0s
Epoch  13/200 | total=1.3793e-02  mse=2.4519e-02  pde=9.0142e-02  ce=9.0676e-05 | val_mse=3.0668e-02 | lr_proj=2.00e-05  lr_lora=5.00e-06 | time=116.3s
Epoch  14/200 | total=1.4036e-02  mse=2.4769e-02  pde=8.5532e-02  ce=1.1214e-04 | val_mse=2.7414e-02 | lr_proj=2.00e-05  lr_lora=5.00e-06 | time=117.0s
Epoch  15/200 | total=1.4265e-02  mse=2.5016e-02  pde=8.2690e-02  ce=1.0352e-04 | val_mse=2.2766e-02 | lr_proj=2.00e-05  lr_lora=5.00e-06 | time=115.8s
V3PDEModel saved to ./checkpoints_chain/best_model
  -> Best model saved (val_mse=2.2766e-02)
Epoch  16/200 | total=1.3701e-02  mse=2.3804e-02  pde=7.8354e-02  ce=7.5634e-05 | val_mse=2.4464e-02 | lr_proj=2.00e-05  lr_lora=5.00e-06 | time=116.9s
Epoch  17/200 | total=1.4266e-02  mse=2.4771e-02  pde=7.5250e-02  ce=7.4372e-05 | val_mse=2.5734e-02 | lr_proj=2.00e-05  lr_lora=5.00e-06 | time=116.7s
Epoch  18/200 | total=1.5192e-02  mse=2.6486e-02  pde=7.1928e-02  ce=7.9396e-05 | val_mse=3.0186e-02 | lr_proj=2.00e-05  lr_lora=5.00e-06 | time=114.5s
Epoch  19/200 | total=1.4299e-02  mse=2.4423e-02  pde=7.0993e-02  ce=9.9939e-05 | val_mse=2.6260e-02 | lr_proj=2.00e-05  lr_lora=5.00e-06 | time=114.6s
Epoch  20/200 | total=1.5043e-02  mse=2.5987e-02  pde=6.5624e-02  ce=8.0350e-05 | val_mse=2.5402e-02 | lr_proj=2.00e-05  lr_lora=5.00e-06 | time=116.1s
V3PDEModel saved to ./checkpoints_chain/epoch_20
Epoch  21/200 | total=1.3066e-02  mse=2.1873e-02  pde=6.4077e-02  ce=7.9155e-05 | val_mse=2.6048e-02 | lr_proj=2.00e-05  lr_lora=5.00e-06 | time=115.4s
Epoch  22/200 | total=1.4277e-02  mse=2.4059e-02  pde=6.3488e-02  ce=8.9358e-05 | val_mse=2.4009e-02 | lr_proj=2.00e-05  lr_lora=5.00e-06 | time=115.9s
Epoch  23/200 | total=1.3208e-02  mse=2.1895e-02  pde=6.0938e-02  ce=6.7251e-05 | val_mse=2.1718e-02 | lr_proj=2.00e-05  lr_lora=5.00e-06 | time=115.4s
V3PDEModel saved to ./checkpoints_chain/best_model
  -> Best model saved (val_mse=2.1718e-02)
Epoch  24/200 | total=1.3657e-02  mse=2.2724e-02  pde=5.8483e-02  ce=7.2799e-05 | val_mse=2.8006e-02 | lr_proj=2.00e-05  lr_lora=5.00e-06 | time=115.7s
Epoch  25/200 | total=1.3428e-02  mse=2.2007e-02  pde=5.8592e-02  ce=8.0416e-05 | val_mse=2.8599e-02 | lr_proj=2.00e-05  lr_lora=5.00e-06 | time=115.7s
Epoch  26/200 | total=1.3145e-02  mse=2.1355e-02  pde=5.7168e-02  ce=6.6149e-05 | val_mse=4.1447e-02 | lr_proj=2.00e-05  lr_lora=5.00e-06 | time=115.4s
Epoch  27/200 | total=1.3154e-02  mse=2.1268e-02  pde=5.5267e-02  ce=8.8635e-05 | val_mse=1.9993e-02 | lr_proj=2.00e-05  lr_lora=5.00e-06 | time=114.3s
V3PDEModel saved to ./checkpoints_chain/best_model
  -> Best model saved (val_mse=1.9993e-02)
Epoch  28/200 | total=1.3442e-02  mse=2.1836e-02  pde=5.3528e-02  ce=6.1899e-05 | val_mse=2.3403e-02 | lr_proj=2.00e-05  lr_lora=5.00e-06 | time=115.6s
Epoch  29/200 | total=1.2397e-02  mse=1.9648e-02  pde=5.2219e-02  ce=6.6112e-05 | val_mse=2.3420e-02 | lr_proj=2.00e-05  lr_lora=5.00e-06 | time=114.7s
Epoch  30/200 | total=1.3488e-02  mse=2.1671e-02  pde=5.1729e-02  ce=6.6111e-05 | val_mse=2.2691e-02 | lr_proj=2.00e-05  lr_lora=5.00e-06 | time=115.1s
V3PDEModel saved to ./checkpoints_chain/epoch_30
Epoch  31/200 | total=1.2758e-02  mse=2.0259e-02  pde=5.1105e-02  ce=7.3054e-05 | val_mse=2.1752e-02 | lr_proj=2.00e-05  lr_lora=5.00e-06 | time=114.2s
Epoch  32/200 | total=1.5343e-02  mse=2.5381e-02  pde=5.0960e-02  ce=1.0441e-04 | val_mse=3.0586e-02 | lr_proj=2.00e-05  lr_lora=5.00e-06 | time=113.5s
Epoch  33/200 | total=1.2860e-02  mse=2.0632e-02  pde=4.9416e-02  ce=7.3030e-05 | val_mse=2.1161e-02 | lr_proj=2.00e-05  lr_lora=5.00e-06 | time=114.8s
Epoch  34/200 | total=1.2845e-02  mse=2.0618e-02  pde=4.9487e-02  ce=6.1760e-05 | val_mse=2.7751e-02 | lr_proj=2.00e-05  lr_lora=5.00e-06 | time=116.1s
Epoch  35/200 | total=1.3715e-02  mse=2.2429e-02  pde=4.8378e-02  ce=8.1288e-05 | val_mse=2.2444e-02 | lr_proj=2.00e-05  lr_lora=5.00e-06 | time=116.4s
Epoch  36/200 | total=1.2576e-02  mse=2.0305e-02  pde=4.7160e-02  ce=6.5850e-05 | val_mse=2.4820e-02 | lr_proj=2.00e-05  lr_lora=5.00e-06 | time=114.2s
Epoch  37/200 | total=1.4334e-02  mse=2.3793e-02  pde=4.7237e-02  ce=7.5440e-05 | val_mse=2.2112e-02 | lr_proj=2.00e-05  lr_lora=5.00e-06 | time=115.4s
Epoch  38/200 | total=1.3053e-02  mse=2.1221e-02  pde=4.7374e-02  ce=7.3593e-05 | val_mse=2.7237e-02 | lr_proj=2.00e-05  lr_lora=5.00e-06 | time=115.3s
Epoch  39/200 | total=1.2248e-02  mse=1.9731e-02  pde=4.6409e-02  ce=6.1507e-05 | val_mse=2.3003e-02 | lr_proj=2.00e-05  lr_lora=5.00e-06 | time=116.5s
Epoch  40/200 | total=1.3137e-02  mse=2.1493e-02  pde=4.6410e-02  ce=7.0163e-05 | val_mse=2.4315e-02 | lr_proj=2.00e-05  lr_lora=5.00e-06 | time=116.5s
V3PDEModel saved to ./checkpoints_chain/epoch_40
Epoch  41/200 | total=1.2635e-02  mse=2.0524e-02  pde=4.6050e-02  ce=7.0274e-05 | val_mse=2.3012e-02 | lr_proj=2.00e-05  lr_lora=5.00e-06 | time=119.3s
Epoch  42/200 | total=1.2722e-02  mse=2.0722e-02  pde=4.5889e-02  ce=6.6930e-05 | val_mse=2.0504e-02 | lr_proj=2.00e-05  lr_lora=5.00e-06 | time=116.7s
Epoch  43/200 | total=1.2606e-02  mse=2.0491e-02  pde=4.5877e-02  ce=6.6423e-05 | val_mse=2.1523e-02 | lr_proj=2.00e-05  lr_lora=5.00e-06 | time=117.1s
Epoch  44/200 | total=1.1633e-02  mse=1.8685e-02  pde=4.4405e-02  ce=7.0207e-05 | val_mse=2.4835e-02 | lr_proj=2.00e-05  lr_lora=5.00e-06 | time=114.0s
Epoch  45/200 | total=1.1875e-02  mse=1.9181e-02  pde=4.4313e-02  ce=6.8632e-05 | val_mse=2.0502e-02 | lr_proj=2.00e-05  lr_lora=5.00e-06 | time=116.3s
Epoch  46/200 | total=1.2389e-02  mse=2.0173e-02  pde=4.4603e-02  ce=7.2097e-05 | val_mse=2.2079e-02 | lr_proj=2.00e-05  lr_lora=5.00e-06 | time=115.3s
Epoch  47/200 | total=1.1475e-02  mse=1.8548e-02  pde=4.2753e-02  ce=6.3223e-05 | val_mse=2.1160e-02 | lr_proj=2.00e-05  lr_lora=5.00e-06 | time=114.8s
Epoch  48/200 | total=1.2604e-02  mse=2.0653e-02  pde=4.4172e-02  ce=6.9197e-05 | val_mse=2.0396e-02 | lr_proj=2.00e-05  lr_lora=5.00e-06 | time=114.6s
Epoch  49/200 | total=1.3310e-02  mse=2.2124e-02  pde=4.3534e-02  ce=7.1230e-05 | val_mse=2.4798e-02 | lr_proj=2.00e-05  lr_lora=5.00e-06 | time=114.7s
Epoch  50/200 | total=1.2205e-02  mse=1.9969e-02  pde=4.2909e-02  ce=7.5080e-05 | val_mse=1.9581e-02 | lr_proj=2.00e-05  lr_lora=5.00e-06 | time=115.7s
V3PDEModel saved to ./checkpoints_chain/best_model
  -> Best model saved (val_mse=1.9581e-02)
V3PDEModel saved to ./checkpoints_chain/epoch_50
Epoch  51/200 | total=1.1727e-02  mse=1.9050e-02  pde=4.2433e-02  ce=7.9946e-05 | val_mse=2.3677e-02 | lr_proj=2.00e-05  lr_lora=5.00e-06 | time=115.9s
Epoch  52/200 | total=1.3255e-02  mse=2.2082e-02  pde=4.2956e-02  ce=6.6009e-05 | val_mse=2.2575e-02 | lr_proj=2.00e-05  lr_lora=5.00e-06 | time=119.5s
Epoch  53/200 | total=1.2215e-02  mse=2.0081e-02  pde=4.2234e-02  ce=6.2414e-05 | val_mse=1.8744e-02 | lr_proj=2.00e-05  lr_lora=5.00e-06 | time=116.2s
V3PDEModel saved to ./checkpoints_chain/best_model
  -> Best model saved (val_mse=1.8744e-02)
Epoch  54/200 | total=1.0995e-02  mse=1.7765e-02  pde=4.1027e-02  ce=6.1232e-05 | val_mse=2.1515e-02 | lr_proj=2.00e-05  lr_lora=5.00e-06 | time=114.9s
Epoch  55/200 | total=1.1119e-02  mse=1.8036e-02  pde=4.0682e-02  ce=6.6616e-05 | val_mse=2.2681e-02 | lr_proj=2.00e-05  lr_lora=5.00e-06 | time=115.7s
Epoch  56/200 | total=1.2532e-02  mse=2.0795e-02  pde=4.1386e-02  ce=6.5000e-05 | val_mse=1.9072e-02 | lr_proj=2.00e-05  lr_lora=5.00e-06 | time=115.2s
Epoch  57/200 | total=1.1684e-02  mse=1.9191e-02  pde=4.0514e-02  ce=6.3301e-05 | val_mse=2.0577e-02 | lr_proj=2.00e-05  lr_lora=5.00e-06 | time=114.8s
Epoch  58/200 | total=1.2182e-02  mse=2.0193e-02  pde=4.0500e-02  ce=6.0755e-05 | val_mse=2.2731e-02 | lr_proj=2.00e-05  lr_lora=5.00e-06 | time=115.2s
Epoch  59/200 | total=1.3043e-02  mse=2.1896e-02  pde=4.0697e-02  ce=6.0254e-05 | val_mse=2.1073e-02 | lr_proj=2.00e-05  lr_lora=5.00e-06 | time=114.0s
Epoch  60/200 | total=1.1359e-02  mse=1.8542e-02  pde=4.0589e-02  ce=5.8640e-05 | val_mse=2.1217e-02 | lr_proj=2.00e-05  lr_lora=5.00e-06 | time=115.0s
V3PDEModel saved to ./checkpoints_chain/epoch_60
Epoch  61/200 | total=1.2167e-02  mse=2.0232e-02  pde=3.9612e-02  ce=7.0149e-05 | val_mse=2.3321e-02 | lr_proj=2.00e-05  lr_lora=5.00e-06 | time=114.5s
Epoch  62/200 | total=1.1797e-02  mse=1.9491e-02  pde=3.9690e-02  ce=6.6719e-05 | val_mse=2.2455e-02 | lr_proj=2.00e-05  lr_lora=5.00e-06 | time=115.8s
Epoch  63/200 | total=1.2648e-02  mse=2.1226e-02  pde=3.9463e-02  ce=6.1670e-05 | val_mse=2.0732e-02 | lr_proj=2.00e-05  lr_lora=5.00e-06 | time=113.9s
Epoch  64/200 | total=1.3017e-02  mse=2.1980e-02  pde=3.9274e-02  ce=6.3637e-05 | val_mse=2.0041e-02 | lr_proj=2.00e-05  lr_lora=5.00e-06 | time=115.2s
Epoch  65/200 | total=1.1041e-02  mse=1.7960e-02  pde=3.9902e-02  ce=6.5828e-05 | val_mse=1.8759e-02 | lr_proj=2.00e-05  lr_lora=5.00e-06 | time=115.4s
Epoch  66/200 | total=1.2317e-02  mse=2.0516e-02  pde=3.9966e-02  ce=6.0166e-05 | val_mse=1.9435e-02 | lr_proj=2.00e-05  lr_lora=5.00e-06 | time=115.4s
Epoch  67/200 | total=1.0543e-02  mse=1.7036e-02  pde=3.8981e-02  ce=7.6159e-05 | val_mse=2.0292e-02 | lr_proj=2.00e-05  lr_lora=5.00e-06 | time=116.0s
Epoch  68/200 | total=1.2591e-02  mse=2.1157e-02  pde=3.8984e-02  ce=6.3947e-05 | val_mse=1.9587e-02 | lr_proj=2.00e-05  lr_lora=5.00e-06 | time=114.3s
Epoch  69/200 | total=1.1992e-02  mse=2.0018e-02  pde=3.8353e-02  ce=6.5416e-05 | val_mse=1.8647e-02 | lr_proj=2.00e-05  lr_lora=5.00e-06 | time=117.0s
V3PDEModel saved to ./checkpoints_chain/best_model
  -> Best model saved (val_mse=1.8647e-02)
Epoch  70/200 | total=1.1966e-02  mse=1.9989e-02  pde=3.8263e-02  ce=5.8671e-05 | val_mse=1.9176e-02 | lr_proj=2.00e-05  lr_lora=5.00e-06 | time=115.0s
V3PDEModel saved to ./checkpoints_chain/epoch_70
Epoch  71/200 | total=1.0760e-02  mse=1.7576e-02  pde=3.8212e-02  ce=6.1576e-05 | val_mse=1.8657e-02 | lr_proj=2.00e-05  lr_lora=5.00e-06 | time=115.9s
Epoch  72/200 | total=1.0312e-02  mse=1.6630e-02  pde=3.8601e-02  ce=6.7344e-05 | val_mse=2.0090e-02 | lr_proj=2.00e-05  lr_lora=5.00e-06 | time=117.0s
Epoch  73/200 | total=1.1010e-02  mse=1.8099e-02  pde=3.7876e-02  ce=6.6474e-05 | val_mse=2.3691e-02 | lr_proj=2.00e-05  lr_lora=5.00e-06 | time=115.3s
Epoch  74/200 | total=1.1054e-02  mse=1.8140e-02  pde=3.8226e-02  ce=7.2620e-05 | val_mse=1.8501e-02 | lr_proj=2.00e-05  lr_lora=5.00e-06 | time=115.0s
V3PDEModel saved to ./checkpoints_chain/best_model
  -> Best model saved (val_mse=1.8501e-02)
Epoch  75/200 | total=1.0521e-02  mse=1.7164e-02  pde=3.7395e-02  ce=6.9217e-05 | val_mse=2.0291e-02 | lr_proj=2.00e-05  lr_lora=5.00e-06 | time=114.9s
Epoch  76/200 | total=1.1457e-02  mse=1.8950e-02  pde=3.8337e-02  ce=6.4794e-05 | val_mse=2.0208e-02 | lr_proj=2.00e-05  lr_lora=5.00e-06 | time=115.1s
Epoch  77/200 | total=1.1521e-02  mse=1.9086e-02  pde=3.8112e-02  ce=7.1937e-05 | val_mse=2.0858e-02 | lr_proj=2.00e-05  lr_lora=5.00e-06 | time=115.2s
Epoch  78/200 | total=1.1794e-02  mse=1.9677e-02  pde=3.7934e-02  ce=5.9114e-05 | val_mse=2.0359e-02 | lr_proj=2.00e-05  lr_lora=5.00e-06 | time=116.2s
Epoch  79/200 | total=1.1581e-02  mse=1.9241e-02  pde=3.8010e-02  ce=6.0232e-05 | val_mse=2.0749e-02 | lr_proj=2.00e-05  lr_lora=5.00e-06 | time=117.2s
Epoch  80/200 | total=1.2067e-02  mse=2.0187e-02  pde=3.8295e-02  ce=5.8974e-05 | val_mse=2.1812e-02 | lr_proj=2.00e-05  lr_lora=5.00e-06 | time=116.4s
V3PDEModel saved to ./checkpoints_chain/epoch_80
Epoch  81/200 | total=1.0969e-02  mse=1.8072e-02  pde=3.7351e-02  ce=6.5160e-05 | val_mse=1.8683e-02 | lr_proj=2.00e-05  lr_lora=5.00e-06 | time=114.8s
Epoch  82/200 | total=1.0937e-02  mse=1.7997e-02  pde=3.7570e-02  ce=6.0222e-05 | val_mse=1.9837e-02 | lr_proj=2.00e-05  lr_lora=5.00e-06 | time=115.0s
Epoch  83/200 | total=1.2142e-02  mse=2.0441e-02  pde=3.7222e-02  ce=6.0566e-05 | val_mse=1.8587e-02 | lr_proj=2.00e-05  lr_lora=5.00e-06 | time=116.0s
Epoch  84/200 | total=1.0837e-02  mse=1.7847e-02  pde=3.6437e-02  ce=9.1593e-05 | val_mse=1.7561e-02 | lr_proj=2.00e-05  lr_lora=5.00e-06 | time=114.7s
V3PDEModel saved to ./checkpoints_chain/best_model
  -> Best model saved (val_mse=1.7561e-02)
Epoch  85/200 | total=1.1385e-02  mse=1.8980e-02  pde=3.6689e-02  ce=6.1154e-05 | val_mse=1.9414e-02 | lr_proj=2.00e-05  lr_lora=5.00e-06 | time=114.7s
Epoch  86/200 | total=1.1178e-02  mse=1.8521e-02  pde=3.6748e-02  ce=8.0145e-05 | val_mse=2.1389e-02 | lr_proj=2.00e-05  lr_lora=5.00e-06 | time=114.9s
Epoch  87/200 | total=1.0388e-02  mse=1.7034e-02  pde=3.6197e-02  ce=6.1205e-05 | val_mse=2.0316e-02 | lr_proj=2.00e-05  lr_lora=5.00e-06 | time=115.6s
Epoch  88/200 | total=1.1294e-02  mse=1.8885e-02  pde=3.5875e-02  ce=5.7847e-05 | val_mse=1.9641e-02 | lr_proj=2.00e-05  lr_lora=5.00e-06 | time=115.9s
Epoch  89/200 | total=1.1725e-02  mse=1.9661e-02  pde=3.6631e-02  ce=6.3430e-05 | val_mse=2.1170e-02 | lr_proj=2.00e-05  lr_lora=5.00e-06 | time=116.9s
Epoch  90/200 | total=9.9283e-03  mse=1.6160e-02  pde=3.5795e-02  ce=5.8337e-05 | val_mse=1.9747e-02 | lr_proj=2.00e-05  lr_lora=5.00e-06 | time=115.6s
V3PDEModel saved to ./checkpoints_chain/epoch_90
Epoch  91/200 | total=9.9797e-03  mse=1.6304e-02  pde=3.5390e-02  ce=5.8063e-05 | val_mse=2.2540e-02 | lr_proj=2.00e-05  lr_lora=5.00e-06 | time=116.5s
Epoch  92/200 | total=1.0423e-02  mse=1.7148e-02  pde=3.5729e-02  ce=6.1892e-05 | val_mse=1.9298e-02 | lr_proj=2.00e-05  lr_lora=5.00e-06 | time=116.0s
Epoch  93/200 | total=1.1460e-02  mse=1.9214e-02  pde=3.5829e-02  ce=6.1892e-05 | val_mse=2.2068e-02 | lr_proj=2.00e-05  lr_lora=5.00e-06 | time=116.2s
Epoch  94/200 | total=9.3707e-03  mse=1.5105e-02  pde=3.5098e-02  ce=6.3351e-05 | val_mse=1.7678e-02 | lr_proj=2.00e-05  lr_lora=5.00e-06 | time=114.7s
Epoch  95/200 | total=9.8112e-03  mse=1.5984e-02  pde=3.5237e-02  ce=5.7335e-05 | val_mse=1.6801e-02 | lr_proj=2.00e-05  lr_lora=5.00e-06 | time=115.3s
V3PDEModel saved to ./checkpoints_chain/best_model
  -> Best model saved (val_mse=1.6801e-02)
Epoch  96/200 | total=1.0473e-02  mse=1.7305e-02  pde=3.5196e-02  ce=6.0567e-05 | val_mse=1.8951e-02 | lr_proj=2.00e-05  lr_lora=5.00e-06 | time=115.1s
Epoch  97/200 | total=1.2251e-02  mse=2.0785e-02  pde=3.5819e-02  ce=6.7315e-05 | val_mse=1.8449e-02 | lr_proj=2.00e-05  lr_lora=5.00e-06 | time=116.3s
Epoch  98/200 | total=1.0498e-02  mse=1.7330e-02  pde=3.5498e-02  ce=5.8371e-05 | val_mse=1.9680e-02 | lr_proj=2.00e-05  lr_lora=5.00e-06 | time=116.2s
Epoch  99/200 | total=1.0888e-02  mse=1.8098e-02  pde=3.5616e-02  ce=5.8008e-05 | val_mse=2.5239e-02 | lr_proj=2.00e-05  lr_lora=5.00e-06 | time=115.6s
Epoch 100/200 | total=1.1654e-02  mse=1.9672e-02  pde=3.5177e-02  ce=5.9393e-05 | val_mse=2.1040e-02 | lr_proj=2.00e-05  lr_lora=5.00e-06 | time=115.1s
V3PDEModel saved to ./checkpoints_chain/epoch_100
Epoch 101/200 | total=1.1935e-02  mse=2.0199e-02  pde=3.5522e-02  ce=5.8816e-05 | val_mse=1.8143e-02 | lr_proj=2.00e-05  lr_lora=5.00e-06 | time=114.3s
Epoch 102/200 | total=1.2396e-02  mse=2.1158e-02  pde=3.5193e-02  ce=5.6927e-05 | val_mse=1.7377e-02 | lr_proj=2.00e-05  lr_lora=5.00e-06 | time=114.7s
Epoch 103/200 | total=1.1138e-02  mse=1.8651e-02  pde=3.4967e-02  ce=6.4198e-05 | val_mse=1.7334e-02 | lr_proj=2.00e-05  lr_lora=5.00e-06 | time=115.7s
Epoch 104/200 | total=1.0065e-02  mse=1.6520e-02  pde=3.4641e-02  ce=7.3307e-05 | val_mse=2.0130e-02 | lr_proj=2.00e-05  lr_lora=5.00e-06 | time=116.3s
Epoch 105/200 | total=1.0663e-02  mse=1.7649e-02  pde=3.5121e-02  ce=8.1895e-05 | val_mse=2.1224e-02 | lr_proj=2.00e-05  lr_lora=5.00e-06 | time=116.3s
Epoch 106/200 | total=1.0679e-02  mse=1.7754e-02  pde=3.4700e-02  ce=6.6843e-05 | val_mse=1.8349e-02 | lr_proj=2.00e-05  lr_lora=5.00e-06 | time=115.6s
Epoch 107/200 | total=9.1668e-03  mse=1.4778e-02  pde=3.4326e-02  ce=6.1474e-05 | val_mse=1.8148e-02 | lr_proj=2.00e-05  lr_lora=5.00e-06 | time=115.5s
Epoch 108/200 | total=1.1804e-02  mse=2.0009e-02  pde=3.4719e-02  ce=6.3298e-05 | val_mse=1.8513e-02 | lr_proj=2.00e-05  lr_lora=5.00e-06 | time=114.5s
Epoch 109/200 | total=1.0431e-02  mse=1.7293e-02  pde=3.4410e-02  ce=6.4159e-05 | val_mse=1.7951e-02 | lr_proj=2.00e-05  lr_lora=5.00e-06 | time=114.2s
Epoch 110/200 | total=1.0708e-02  mse=1.7907e-02  pde=3.3765e-02  ce=6.5731e-05 | val_mse=2.1066e-02 | lr_proj=2.00e-05  lr_lora=5.00e-06 | time=115.1s
V3PDEModel saved to ./checkpoints_chain/epoch_110
Epoch 111/200 | total=9.1512e-03  mse=1.4828e-02  pde=3.3627e-02  ce=5.6017e-05 | val_mse=1.8048e-02 | lr_proj=2.00e-05  lr_lora=5.00e-06 | time=116.2s
Epoch 112/200 | total=9.9462e-03  mse=1.6400e-02  pde=3.3780e-02  ce=5.7175e-05 | val_mse=2.0230e-02 | lr_proj=2.00e-05  lr_lora=5.00e-06 | time=115.6s
Epoch 113/200 | total=1.0888e-02  mse=1.8250e-02  pde=3.4050e-02  ce=6.0556e-05 | val_mse=1.8678e-02 | lr_proj=2.00e-05  lr_lora=5.00e-06 | time=115.5s
Epoch 114/200 | total=1.0338e-02  mse=1.7190e-02  pde=3.3723e-02  ce=5.6564e-05 | val_mse=1.7431e-02 | lr_proj=2.00e-05  lr_lora=5.00e-06 | time=119.2s
Epoch 115/200 | total=1.0996e-02  mse=1.8457e-02  pde=3.4133e-02  ce=6.0750e-05 | val_mse=1.8438e-02 | lr_proj=2.00e-05  lr_lora=5.00e-06 | time=161.3s
Epoch 116/200 | total=9.6994e-03  mse=1.5899e-02  pde=3.3739e-02  ce=6.3225e-05 | val_mse=1.7621e-02 | lr_proj=2.00e-05  lr_lora=5.00e-06 | time=167.7s
Epoch 117/200 | total=1.0025e-02  mse=1.6597e-02  pde=3.3392e-02  ce=5.6548e-05 | val_mse=1.9230e-02 | lr_proj=2.00e-05  lr_lora=5.00e-06 | time=168.0s
Epoch 118/200 | total=1.0402e-02  mse=1.7302e-02  pde=3.3779e-02  ce=6.2529e-05 | val_mse=1.9094e-02 | lr_proj=2.00e-05  lr_lora=5.00e-06 | time=169.1s
Epoch 119/200 | total=1.1054e-02  mse=1.8617e-02  pde=3.3721e-02  ce=5.9584e-05 | val_mse=1.8307e-02 | lr_proj=2.00e-05  lr_lora=5.00e-06 | time=168.3s
Epoch 120/200 | total=1.0506e-02  mse=1.7494e-02  pde=3.4041e-02  ce=5.7186e-05 | val_mse=1.8377e-02 | lr_proj=2.00e-05  lr_lora=5.00e-06 | time=169.6s
V3PDEModel saved to ./checkpoints_chain/epoch_120
Epoch 121/200 | total=1.0240e-02  mse=1.6944e-02  pde=3.4142e-02  ce=6.0543e-05 | val_mse=2.0709e-02 | lr_proj=1.00e-05  lr_lora=2.50e-06 [LR↓] | time=168.0s
Epoch 122/200 | total=8.9785e-03  mse=1.4532e-02  pde=3.3139e-02  ce=5.5676e-05 | val_mse=1.6449e-02 | lr_proj=1.00e-05  lr_lora=2.50e-06 | time=170.3s
V3PDEModel saved to ./checkpoints_chain/best_model
  -> Best model saved (val_mse=1.6449e-02)
Epoch 123/200 | total=8.8502e-03  mse=1.4267e-02  pde=3.3191e-02  ce=5.6918e-05 | val_mse=1.9110e-02 | lr_proj=1.00e-05  lr_lora=2.50e-06 | time=168.3s
Epoch 124/200 | total=1.0981e-02  mse=1.8504e-02  pde=3.3393e-02  ce=5.9693e-05 | val_mse=1.6986e-02 | lr_proj=1.00e-05  lr_lora=2.50e-06 | time=168.5s
Epoch 125/200 | total=9.2649e-03  mse=1.5074e-02  pde=3.3378e-02  ce=5.8831e-05 | val_mse=1.7197e-02 | lr_proj=1.00e-05  lr_lora=2.50e-06 | time=167.3s
Epoch 126/200 | total=9.2729e-03  mse=1.5047e-02  pde=3.3813e-02  ce=5.8926e-05 | val_mse=1.7484e-02 | lr_proj=1.00e-05  lr_lora=2.50e-06 | time=166.8s
Epoch 127/200 | total=1.0893e-02  mse=1.8364e-02  pde=3.3076e-02  ce=5.7169e-05 | val_mse=1.9094e-02 | lr_proj=1.00e-05  lr_lora=2.50e-06 | time=166.4s
Epoch 128/200 | total=1.0929e-02  mse=1.8390e-02  pde=3.3392e-02  ce=6.3957e-05 | val_mse=1.7689e-02 | lr_proj=1.00e-05  lr_lora=2.50e-06 | time=166.6s
Epoch 129/200 | total=9.3198e-03  mse=1.5199e-02  pde=3.3247e-02  ce=5.8159e-05 | val_mse=1.5898e-02 | lr_proj=1.00e-05  lr_lora=2.50e-06 | time=166.0s
V3PDEModel saved to ./checkpoints_chain/best_model
  -> Best model saved (val_mse=1.5898e-02)
Epoch 130/200 | total=1.0210e-02  mse=1.7008e-02  pde=3.2911e-02  ce=6.0860e-05 | val_mse=1.6307e-02 | lr_proj=1.00e-05  lr_lora=2.50e-06 | time=167.5s
V3PDEModel saved to ./checkpoints_chain/epoch_130
Epoch 131/200 | total=1.1271e-02  mse=1.9136e-02  pde=3.2937e-02  ce=5.6235e-05 | val_mse=2.0090e-02 | lr_proj=1.00e-05  lr_lora=2.50e-06 | time=165.6s
Epoch 132/200 | total=9.1736e-03  mse=1.4987e-02  pde=3.2464e-02  ce=5.7003e-05 | val_mse=1.7882e-02 | lr_proj=1.00e-05  lr_lora=2.50e-06 | time=167.4s
Epoch 133/200 | total=9.9251e-03  mse=1.6489e-02  pde=3.2475e-02  ce=5.6752e-05 | val_mse=1.7875e-02 | lr_proj=1.00e-05  lr_lora=2.50e-06 | time=167.6s
Epoch 134/200 | total=9.6788e-03  mse=1.5987e-02  pde=3.2574e-02  ce=5.6458e-05 | val_mse=1.6627e-02 | lr_proj=1.00e-05  lr_lora=2.50e-06 | time=168.2s
Epoch 135/200 | total=1.0052e-02  mse=1.6711e-02  pde=3.2728e-02  ce=6.0300e-05 | val_mse=1.7244e-02 | lr_proj=1.00e-05  lr_lora=2.50e-06 | time=168.5s
Epoch 136/200 | total=8.9271e-03  mse=1.4505e-02  pde=3.2382e-02  ce=5.5621e-05 | val_mse=1.6837e-02 | lr_proj=1.00e-05  lr_lora=2.50e-06 | time=168.0s
Epoch 137/200 | total=1.0545e-02  mse=1.7701e-02  pde=3.2666e-02  ce=6.1042e-05 | val_mse=1.6709e-02 | lr_proj=1.00e-05  lr_lora=2.50e-06 | time=168.5s
Epoch 138/200 | total=1.0454e-02  mse=1.7520e-02  pde=3.2734e-02  ce=5.7835e-05 | val_mse=2.1420e-02 | lr_proj=1.00e-05  lr_lora=2.50e-06 | time=167.6s
Epoch 139/200 | total=9.2972e-03  mse=1.5279e-02  pde=3.2041e-02  ce=5.5654e-05 | val_mse=1.7798e-02 | lr_proj=1.00e-05  lr_lora=2.50e-06 | time=168.4s
Epoch 140/200 | total=8.8976e-03  mse=1.4439e-02  pde=3.2428e-02  ce=5.6877e-05 | val_mse=1.7504e-02 | lr_proj=1.00e-05  lr_lora=2.50e-06 | time=167.5s
V3PDEModel saved to ./checkpoints_chain/epoch_140
Epoch 141/200 | total=8.9767e-03  mse=1.4627e-02  pde=3.2128e-02  ce=5.7005e-05 | val_mse=1.7231e-02 | lr_proj=1.00e-05  lr_lora=2.50e-06 | time=167.9s
Epoch 142/200 | total=9.5140e-03  mse=1.5695e-02  pde=3.2170e-02  ce=5.8066e-05 | val_mse=1.6058e-02 | lr_proj=1.00e-05  lr_lora=2.50e-06 | time=167.7s
Epoch 143/200 | total=1.0703e-02  mse=1.8024e-02  pde=3.2668e-02  ce=5.7364e-05 | val_mse=1.8809e-02 | lr_proj=1.00e-05  lr_lora=2.50e-06 | time=168.1s
Epoch 144/200 | total=1.0243e-02  mse=1.7178e-02  pde=3.1948e-02  ce=5.6670e-05 | val_mse=1.8140e-02 | lr_proj=1.00e-05  lr_lora=2.50e-06 | time=169.4s
Epoch 145/200 | total=9.2271e-03  mse=1.5145e-02  pde=3.1971e-02  ce=5.6152e-05 | val_mse=1.7061e-02 | lr_proj=1.00e-05  lr_lora=2.50e-06 | time=168.2s
Epoch 146/200 | total=9.2801e-03  mse=1.5260e-02  pde=3.1813e-02  ce=5.9202e-05 | val_mse=1.6729e-02 | lr_proj=1.00e-05  lr_lora=2.50e-06 | time=168.4s
Epoch 147/200 | total=9.3127e-03  mse=1.5321e-02  pde=3.1875e-02  ce=5.8482e-05 | val_mse=1.6215e-02 | lr_proj=1.00e-05  lr_lora=2.50e-06 | time=166.9s
Epoch 148/200 | total=8.8868e-03  mse=1.4431e-02  pde=3.2293e-02  ce=5.6904e-05 | val_mse=1.6040e-02 | lr_proj=1.00e-05  lr_lora=2.50e-06 | time=165.2s
Epoch 149/200 | total=1.0627e-02  mse=1.7937e-02  pde=3.2027e-02  ce=5.7385e-05 | val_mse=1.7035e-02 | lr_proj=1.00e-05  lr_lora=2.50e-06 | time=165.0s
Epoch 150/200 | total=9.1833e-03  mse=1.5050e-02  pde=3.1928e-02  ce=6.1715e-05 | val_mse=1.6917e-02 | lr_proj=1.00e-05  lr_lora=2.50e-06 | time=165.2s
V3PDEModel saved to ./checkpoints_chain/epoch_150
Epoch 151/200 | total=8.8123e-03  mse=1.4325e-02  pde=3.1861e-02  ce=5.6749e-05 | val_mse=1.6860e-02 | lr_proj=1.00e-05  lr_lora=2.50e-06 | time=165.1s
Epoch 152/200 | total=8.6089e-03  mse=1.3888e-02  pde=3.2140e-02  ce=5.7935e-05 | val_mse=1.6573e-02 | lr_proj=1.00e-05  lr_lora=2.50e-06 | time=166.9s
Epoch 153/200 | total=1.0204e-02  mse=1.7083e-02  pde=3.2110e-02  ce=5.7112e-05 | val_mse=1.6868e-02 | lr_proj=1.00e-05  lr_lora=2.50e-06 | time=166.3s
Epoch 154/200 | total=9.7470e-03  mse=1.6188e-02  pde=3.1930e-02  ce=5.6466e-05 | val_mse=1.8433e-02 | lr_proj=1.00e-05  lr_lora=2.50e-06 | time=166.8s
Epoch 155/200 | total=8.6483e-03  mse=1.3968e-02  pde=3.2157e-02  ce=5.6362e-05 | val_mse=1.6957e-02 | lr_proj=5.00e-06  lr_lora=1.25e-06 [LR↓] | time=166.3s
Epoch 156/200 | total=8.5349e-03  mse=1.3769e-02  pde=3.1802e-02  ce=6.0520e-05 | val_mse=1.5838e-02 | lr_proj=5.00e-06  lr_lora=1.25e-06 | time=167.3s
V3PDEModel saved to ./checkpoints_chain/best_model
  -> Best model saved (val_mse=1.5838e-02)
Epoch 157/200 | total=8.2630e-03  mse=1.3244e-02  pde=3.1656e-02  ce=5.8208e-05 | val_mse=1.6590e-02 | lr_proj=5.00e-06  lr_lora=1.25e-06 | time=167.1s
Epoch 158/200 | total=8.8187e-03  mse=1.4320e-02  pde=3.2013e-02  ce=5.7865e-05 | val_mse=1.6200e-02 | lr_proj=5.00e-06  lr_lora=1.25e-06 | time=166.8s
Epoch 159/200 | total=8.7729e-03  mse=1.4229e-02  pde=3.2011e-02  ce=5.7976e-05 | val_mse=1.5508e-02 | lr_proj=5.00e-06  lr_lora=1.25e-06 | time=165.4s
V3PDEModel saved to ./checkpoints_chain/best_model
  -> Best model saved (val_mse=1.5508e-02)
Epoch 160/200 | total=9.3415e-03  mse=1.5397e-02  pde=3.1720e-02  ce=5.7004e-05 | val_mse=1.5464e-02 | lr_proj=5.00e-06  lr_lora=1.25e-06 | time=166.2s
V3PDEModel saved to ./checkpoints_chain/best_model
  -> Best model saved (val_mse=1.5464e-02)
V3PDEModel saved to ./checkpoints_chain/epoch_160
Epoch 161/200 | total=8.9249e-03  mse=1.4510e-02  pde=3.2265e-02  ce=5.6761e-05 | val_mse=1.6817e-02 | lr_proj=5.00e-06  lr_lora=1.25e-06 | time=166.1s
Epoch 162/200 | total=9.4408e-03  mse=1.5630e-02  pde=3.1384e-02  ce=5.6661e-05 | val_mse=1.6512e-02 | lr_proj=5.00e-06  lr_lora=1.25e-06 | time=165.5s
Epoch 163/200 | total=9.4598e-03  mse=1.5613e-02  pde=3.1945e-02  ce=5.6242e-05 | val_mse=1.6845e-02 | lr_proj=5.00e-06  lr_lora=1.25e-06 | time=166.5s
Epoch 164/200 | total=8.6670e-03  mse=1.4045e-02  pde=3.1704e-02  ce=5.9432e-05 | val_mse=1.6313e-02 | lr_proj=5.00e-06  lr_lora=1.25e-06 | time=166.8s
Epoch 165/200 | total=8.8005e-03  mse=1.4298e-02  pde=3.1882e-02  ce=5.7276e-05 | val_mse=1.6949e-02 | lr_proj=5.00e-06  lr_lora=1.25e-06 | time=166.3s
Epoch 166/200 | total=9.1811e-03  mse=1.5067e-02  pde=3.1795e-02  ce=5.7943e-05 | val_mse=1.5548e-02 | lr_proj=5.00e-06  lr_lora=1.25e-06 | time=167.3s
Epoch 167/200 | total=9.6979e-03  mse=1.6167e-02  pde=3.1105e-02  ce=5.9133e-05 | val_mse=1.6231e-02 | lr_proj=5.00e-06  lr_lora=1.25e-06 | time=165.8s
Epoch 168/200 | total=8.2941e-03  mse=1.3329e-02  pde=3.1482e-02  ce=5.5678e-05 | val_mse=1.6127e-02 | lr_proj=5.00e-06  lr_lora=1.25e-06 | time=166.3s
Epoch 169/200 | total=9.0140e-03  mse=1.4750e-02  pde=3.1603e-02  ce=5.8895e-05 | val_mse=1.5780e-02 | lr_proj=5.00e-06  lr_lora=1.25e-06 | time=168.4s
Epoch 170/200 | total=8.9356e-03  mse=1.4573e-02  pde=3.1734e-02  ce=6.2451e-05 | val_mse=1.5584e-02 | lr_proj=5.00e-06  lr_lora=1.25e-06 | time=168.2s
V3PDEModel saved to ./checkpoints_chain/epoch_170
Epoch 171/200 | total=8.6114e-03  mse=1.3910e-02  pde=3.1981e-02  ce=5.7160e-05 | val_mse=1.5873e-02 | lr_proj=5.00e-06  lr_lora=1.25e-06 | time=167.7s
Epoch 172/200 | total=8.3038e-03  mse=1.3385e-02  pde=3.1077e-02  ce=5.7481e-05 | val_mse=1.4947e-02 | lr_proj=5.00e-06  lr_lora=1.25e-06 | time=166.6s
V3PDEModel saved to ./checkpoints_chain/best_model
  -> Best model saved (val_mse=1.4947e-02)
Epoch 173/200 | total=8.7383e-03  mse=1.4235e-02  pde=3.1282e-02  ce=5.6934e-05 | val_mse=1.5395e-02 | lr_proj=5.00e-06  lr_lora=1.25e-06 | time=165.6s
Epoch 174/200 | total=8.2948e-03  mse=1.3328e-02  pde=3.1455e-02  ce=5.7926e-05 | val_mse=1.6167e-02 | lr_proj=5.00e-06  lr_lora=1.25e-06 | time=168.8s
Epoch 175/200 | total=8.9177e-03  mse=1.4565e-02  pde=3.1562e-02  ce=5.6998e-05 | val_mse=1.5613e-02 | lr_proj=5.00e-06  lr_lora=1.25e-06 | time=167.4s
Epoch 176/200 | total=8.1918e-03  mse=1.3168e-02  pde=3.1030e-02  ce=5.6076e-05 | val_mse=1.5549e-02 | lr_proj=5.00e-06  lr_lora=1.25e-06 | time=167.5s
Epoch 177/200 | total=8.6447e-03  mse=1.4073e-02  pde=3.1029e-02  ce=5.6739e-05 | val_mse=1.7440e-02 | lr_proj=5.00e-06  lr_lora=1.25e-06 | time=168.6s
Epoch 178/200 | total=8.4071e-03  mse=1.3538e-02  pde=3.1599e-02  ce=5.8303e-05 | val_mse=1.7241e-02 | lr_proj=5.00e-06  lr_lora=1.25e-06 | time=167.1s
Epoch 179/200 | total=8.9158e-03  mse=1.4579e-02  pde=3.1388e-02  ce=5.7128e-05 | val_mse=1.6875e-02 | lr_proj=5.00e-06  lr_lora=1.25e-06 | time=165.9s
Epoch 180/200 | total=8.3582e-03  mse=1.3452e-02  pde=3.1515e-02  ce=5.6418e-05 | val_mse=1.4512e-02 | lr_proj=5.00e-06  lr_lora=1.25e-06 | time=167.5s
V3PDEModel saved to ./checkpoints_chain/best_model
  -> Best model saved (val_mse=1.4512e-02)
V3PDEModel saved to ./checkpoints_chain/epoch_180
Epoch 181/200 | total=7.9548e-03  mse=1.2688e-02  pde=3.1076e-02  ce=5.6817e-05 | val_mse=1.5604e-02 | lr_proj=5.00e-06  lr_lora=1.25e-06 | time=165.5s
Epoch 182/200 | total=8.6973e-03  mse=1.4215e-02  pde=3.0662e-02  ce=5.6709e-05 | val_mse=1.5419e-02 | lr_proj=5.00e-06  lr_lora=1.25e-06 | time=166.4s
Epoch 183/200 | total=9.3409e-03  mse=1.5468e-02  pde=3.0996e-02  ce=5.7092e-05 | val_mse=1.7794e-02 | lr_proj=5.00e-06  lr_lora=1.25e-06 | time=169.2s
Epoch 184/200 | total=8.3301e-03  mse=1.3424e-02  pde=3.1217e-02  ce=5.7440e-05 | val_mse=1.5467e-02 | lr_proj=5.00e-06  lr_lora=1.25e-06 | time=168.6s
Epoch 185/200 | total=7.7949e-03  mse=1.2390e-02  pde=3.0869e-02  ce=5.6342e-05 | val_mse=1.6065e-02 | lr_proj=5.00e-06  lr_lora=1.25e-06 | time=166.8s
Epoch 186/200 | total=8.6975e-03  mse=1.4157e-02  pde=3.1174e-02  ce=6.0087e-05 | val_mse=1.6521e-02 | lr_proj=5.00e-06  lr_lora=1.25e-06 | time=167.5s
Epoch 187/200 | total=8.5616e-03  mse=1.3932e-02  pde=3.0774e-02  ce=5.6597e-05 | val_mse=1.4992e-02 | lr_proj=5.00e-06  lr_lora=1.25e-06 | time=167.6s
Epoch 188/200 | total=7.9656e-03  mse=1.2766e-02  pde=3.0543e-02  ce=5.5664e-05 | val_mse=1.6263e-02 | lr_proj=5.00e-06  lr_lora=1.25e-06 | time=167.9s
Epoch 189/200 | total=8.3437e-03  mse=1.3504e-02  pde=3.0719e-02  ce=5.5563e-05 | val_mse=1.5878e-02 | lr_proj=5.00e-06  lr_lora=1.25e-06 | time=169.0s
Epoch 190/200 | total=8.1313e-03  mse=1.3098e-02  pde=3.0499e-02  ce=5.7605e-05 | val_mse=1.5271e-02 | lr_proj=5.00e-06  lr_lora=1.25e-06 | time=167.8s
V3PDEModel saved to ./checkpoints_chain/epoch_190
Epoch 191/200 | total=8.8160e-03  mse=1.4340e-02  pde=3.1794e-02  ce=5.6516e-05 | val_mse=1.5730e-02 | lr_proj=5.00e-06  lr_lora=1.25e-06 | time=168.1s
Epoch 192/200 | total=8.2338e-03  mse=1.3243e-02  pde=3.1114e-02  ce=5.6490e-05 | val_mse=1.5256e-02 | lr_proj=5.00e-06  lr_lora=1.25e-06 | time=168.6s
Epoch 193/200 | total=8.2085e-03  mse=1.3233e-02  pde=3.0696e-02  ce=5.7040e-05 | val_mse=1.6814e-02 | lr_proj=5.00e-06  lr_lora=1.25e-06 | time=166.8s
Epoch 194/200 | total=7.8855e-03  mse=1.2565e-02  pde=3.0943e-02  ce=5.6070e-05 | val_mse=1.6637e-02 | lr_proj=5.00e-06  lr_lora=1.25e-06 | time=165.0s
Epoch 195/200 | total=8.4706e-03  mse=1.3738e-02  pde=3.0858e-02  ce=5.8480e-05 | val_mse=1.5986e-02 | lr_proj=5.00e-06  lr_lora=1.25e-06 | time=167.5s
Epoch 196/200 | total=8.4541e-03  mse=1.3738e-02  pde=3.0578e-02  ce=5.5967e-05 | val_mse=1.5685e-02 | lr_proj=5.00e-06  lr_lora=1.25e-06 | time=167.6s
Epoch 197/200 | total=8.1591e-03  mse=1.3117e-02  pde=3.0881e-02  ce=5.6732e-05 | val_mse=1.6371e-02 | lr_proj=5.00e-06  lr_lora=1.25e-06 | time=167.0s
Epoch 198/200 | total=8.6448e-03  mse=1.4055e-02  pde=3.1184e-02  ce=5.8155e-05 | val_mse=1.5671e-02 | lr_proj=5.00e-06  lr_lora=1.25e-06 | time=168.6s
Epoch 199/200 | total=8.0238e-03  mse=1.2836e-02  pde=3.0933e-02  ce=5.8979e-05 | val_mse=1.5629e-02 | lr_proj=5.00e-06  lr_lora=1.25e-06 | time=168.6s
Epoch 200/200 | total=8.1909e-03  mse=1.3124e-02  pde=3.1458e-02  ce=5.6117e-05 | val_mse=1.6469e-02 | lr_proj=5.00e-06  lr_lora=1.25e-06 | time=167.1s
V3PDEModel saved to ./checkpoints_chain/epoch_200
Training complete.  best_val_mse=1.4512e-02
=== [2D] two-stage complete Sun 21 Jun 2026 08:14:12 PM UTC ===
