==========================================
V3 — Autoencoder2D v2 (latent=512, hidden=1024, 4 blocks)
  Saves: checkpoints/best_model/autoencoder2d_v2.pt
Work dir : /home/zfc5231/work/BBBB_qwen_pde_branch/v3
Job ID   : 38702
GPU      : NVIDIA A100 80GB PCIe
Start    : Sun 19 Apr 2026 02:51:03 AM UTC
==========================================

============================================================
SolutionAutoencoder2D v2 — Upgraded Architecture
  solution_dim=145, latent_dim=512, hidden_dim=1024, blocks=4
Device: cuda
============================================================

Loading dataset from:
  /home/zfc5231/work/BBBB_qwen_pde_branch/2d_data/2d_eq61_dataset/p_solutions_lookup_2d.pt
  1739 s-values, 11198 total solutions
  Reusing existing data split indices from ./data/
  Split: train=1217 / val=260 / test=262 s-values
  Solution counts: train=7746 / val=1744 / test=1708
  Total params: 8,336,017

 Epoch          LR      TrainMSE        ValMSE       BestVal    Time
-----------------------------------------------------------------
     1    1.00e-03     78.759425      6.768102      6.768102    0.5s ★
     2    1.00e-03      3.677052      3.100155      3.100155    0.3s ★
     3    1.00e-03      2.058209      2.042449      2.042449    0.3s ★
     4    1.00e-03      1.242099      0.862361      0.862361    0.4s ★
     5    1.00e-03      0.735588      0.548810      0.548810    0.4s ★
     6    1.00e-03      0.657353      0.473242      0.473242    0.3s ★
    10    9.99e-04      0.483195      0.427737      0.427737    0.3s ★
    11    9.99e-04      0.375128      0.392196      0.392196    0.3s ★
    14    9.98e-04      0.429225      0.300514      0.300514    0.3s ★
    15    9.98e-04      0.322353      0.276170      0.276170    0.4s ★
    20    9.96e-04      0.346243      0.365884      0.276170    0.3s
    24    9.94e-04      0.289382      0.264152      0.264152    0.3s ★
    28    9.92e-04      0.242291      0.238791      0.238791    0.3s ★
    29    9.92e-04      0.270422      0.177036      0.177036    0.4s ★
    30    9.91e-04      0.217627      0.349697      0.177036    0.3s
    31    9.91e-04      0.276080      0.162620      0.162620    0.3s ★
    37    9.87e-04      0.200392      0.156701      0.156701    0.3s ★
    38    9.86e-04      0.192319      0.130289      0.130289    0.3s ★
    40    9.84e-04      0.255153      0.414658      0.130289    0.3s
    50    9.76e-04      0.217131      0.112072      0.112072    0.3s ★
    60    9.65e-04      0.170827      0.138039      0.112072    0.3s
    70    9.53e-04      0.151446      0.210493      0.112072    0.3s
    80    9.39e-04      0.120949      0.246724      0.112072    0.3s
    83    9.34e-04      0.107576      0.102205      0.102205    0.3s ★
    84    9.33e-04      0.107655      0.090177      0.090177    0.3s ★
    89    9.25e-04      0.122424      0.065263      0.065263    0.3s ★
    90    9.23e-04      0.102409      0.066614      0.065263    0.3s
   100    9.05e-04      0.106197      0.125298      0.065263    0.3s
   102    9.02e-04      0.086353      0.054331      0.054331    0.3s ★
   110    8.86e-04      0.076504      0.079196      0.054331    0.3s
   120    8.66e-04      0.073744      0.066264      0.054331    0.3s
   124    8.57e-04      0.076201      0.040297      0.040297    0.3s ★
   130    8.44e-04      0.095626      0.086904      0.040297    0.3s
   140    8.21e-04      0.075341      0.064556      0.040297    0.3s
   150    7.96e-04      0.061076      0.059454      0.040297    0.3s
   160    7.70e-04      0.060828      0.070408      0.040297    0.3s
   164    7.60e-04      0.049184      0.034467      0.034467    0.3s ★
   170    7.43e-04      0.048665      0.035259      0.034467    0.3s
   177    7.24e-04      0.037862      0.031126      0.031126    0.3s ★
   180    7.16e-04      0.048069      0.050948      0.031126    0.3s
   182    7.10e-04      0.042438      0.018553      0.018553    0.3s ★
   190    6.87e-04      0.029867      0.049823      0.018553    0.3s
   200    6.58e-04      0.037327      0.029684      0.018553    0.3s
   210    6.28e-04      0.042074      0.028402      0.018553    0.3s
   217    6.07e-04      0.021605      0.017541      0.017541    0.3s ★
   220    5.98e-04      0.031963      0.022509      0.017541    0.3s
   230    5.67e-04      0.027645      0.026669      0.017541    0.4s
   232    5.61e-04      0.022834      0.016359      0.016359    0.3s ★
   240    5.36e-04      0.023620      0.018853      0.016359    0.3s
   248    5.11e-04      0.019294      0.015702      0.015702    0.3s ★
   250    5.05e-04      0.017074      0.023333      0.015702    0.3s
   252    4.99e-04      0.017437      0.013457      0.013457    0.3s ★
   253    4.96e-04      0.015104      0.011229      0.011229    0.3s ★
   260    4.74e-04      0.015295      0.019807      0.011229    0.3s
   261    4.71e-04      0.013762      0.011032      0.011032    0.3s ★
   268    4.49e-04      0.014999      0.010813      0.010813    0.3s ★
   270    4.43e-04      0.014778      0.015621      0.010813    0.3s
   277    4.21e-04      0.013970      0.010658      0.010658    0.3s ★
   278    4.18e-04      0.013288      0.009370      0.009370    0.3s ★
   280    4.12e-04      0.011653      0.012739      0.009370    0.3s
   287    3.91e-04      0.012302      0.006173      0.006173    0.3s ★
   288    3.88e-04      0.007226      0.005512      0.005512    0.3s ★
   289    3.85e-04      0.004067      0.004477      0.004477    0.3s ★
   290    3.82e-04      0.003396      0.003631      0.003631    0.3s ★
   293    3.73e-04      0.002317      0.001812      0.001812    0.3s ★
   294    3.70e-04      0.001660      0.001759      0.001759    0.4s ★
   295    3.67e-04      0.001437      0.001063      0.001063    0.3s ★
   296    3.64e-04      0.000892      0.000876      0.000876    0.3s ★
   300    3.52e-04      0.011340      0.009115      0.000876    0.3s
   308    3.29e-04      0.000908      0.000788      0.000788    0.3s ★
   309    3.26e-04      0.000579      0.000714      0.000714    0.3s ★
   310    3.23e-04      0.000482      0.000420      0.000420    0.3s ★
   320    2.94e-04      0.000968      0.001107      0.000420    0.3s
   329    2.69e-04      0.000394      0.000316      0.000316    0.3s ★
   330    2.67e-04      0.000321      0.000254      0.000254    0.3s ★
   340    2.40e-04      0.001733      0.005534      0.000254    0.3s
   346    2.24e-04      0.000478      0.000238      0.000238    0.3s ★
   347    2.22e-04      0.000225      0.000217      0.000217    0.3s ★
   348    2.19e-04      0.000196      0.000155      0.000155    0.3s ★
   350    2.14e-04      0.000202      0.000177      0.000155    0.3s
   360    1.89e-04      0.000197      0.000254      0.000155    0.3s
   370    1.66e-04      0.000162      0.000283      0.000155    0.3s
   377    1.51e-04      0.000153      0.000155      0.000155    0.4s ★
   378    1.48e-04      0.000140      0.000148      0.000148    0.3s ★
   379    1.46e-04      0.000139      0.000119      0.000119    0.3s ★
   380    1.44e-04      0.000156      0.000270      0.000119    0.3s
   387    1.30e-04      0.000138      0.000117      0.000117    0.3s ★
   390    1.24e-04      0.000135      0.000164      0.000117    0.3s
   391    1.22e-04      0.000113      0.000108      0.000108    0.3s ★
   392    1.20e-04      0.000091      0.000097      0.000097    0.3s ★
   400    1.05e-04      0.000086      0.000086      0.000086    0.3s ★
   401    1.03e-04      0.000079      0.000078      0.000078    0.3s ★
   402    1.01e-04      0.000073      0.000067      0.000067    0.3s ★
   410    8.71e-05      0.000075      0.000101      0.000067    0.3s
   420    7.12e-05      0.000059      0.000064      0.000064    0.3s ★
   425    6.40e-05      0.000056      0.000061      0.000061    0.3s ★
   427    6.12e-05      0.000057      0.000058      0.000058    0.3s ★
   430    5.71e-05      0.000050      0.000047      0.000047    0.3s ★
   440    4.48e-05      0.000046      0.000050      0.000047    0.3s
   444    4.03e-05      0.000044      0.000046      0.000046    0.3s ★
   447    3.72e-05      0.000041      0.000043      0.000043    0.3s ★
   449    3.52e-05      0.000043      0.000041      0.000041    0.3s ★
   450    3.42e-05      0.000040      0.000043      0.000041    0.3s
   457    2.80e-05      0.000039      0.000039      0.000039    0.3s ★
   459    2.63e-05      0.000037      0.000038      0.000038    0.3s ★
   460    2.56e-05      0.000037      0.000040      0.000038    0.3s
   464    2.26e-05      0.000037      0.000037      0.000037    0.3s ★
   467    2.06e-05      0.000035      0.000036      0.000036    0.3s ★
   469    1.94e-05      0.000034      0.000036      0.000036    0.3s ★
   470    1.88e-05      0.000034      0.000035      0.000035    0.3s ★
   475    1.61e-05      0.000034      0.000035      0.000035    0.3s ★
   480    1.39e-05      0.000033      0.000034      0.000034    0.3s ★
   484    1.25e-05      0.000032      0.000033      0.000033    0.3s ★
   490    1.10e-05      0.000032      0.000034      0.000033    0.3s
   493    1.05e-05      0.000032      0.000033      0.000033    0.3s ★
   500    1.00e-05      0.000031      0.000034      0.000033    0.3s

============================================================
Final evaluation on test set...
  Test MSE     : 0.000030
  Test MaxErr  : 0.095726
  Best val MSE : 0.000033

Checkpoint saved: ./checkpoints/best_model/autoencoder2d_v2.pt
==========================================
AE v2 training complete : Sun 19 Apr 2026 02:53:51 AM UTC
==========================================
