===== arm1_pretrained  DET (noise=0) Mon 29 Jun 2026 02:26:29 PM UTC =====
[rank0] FDM physics residual loss enabled (lambda_pde=0.02)
=== qwen_ord eval ckpt=/home/zfc5231/work/BBBB_qwen_pde_branch/paper/GS/L1/ablation/ckpt_arm1_pretrained_p3/best_model K=24 n=163 L2=False (FDM maxiter=8000 early=3000/0.05) ===
  0/163 p4 Kt=1 conv=0 distinct=0 cov=0.00
  10/163 p76 Kt=5 conv=2 distinct=2 cov=0.40
  20/163 p124 Kt=2 conv=0 distinct=0 cov=0.00
  30/163 p185 Kt=10 conv=9 distinct=4 cov=0.30
  40/163 p288 Kt=1 conv=0 distinct=0 cov=0.00
  50/163 p333 Kt=8 conv=7 distinct=5 cov=0.38
  60/163 p371 Kt=1 conv=3 distinct=1 cov=0.00
  70/163 p429 Kt=2 conv=3 distinct=1 cov=0.50
  80/163 p529 Kt=8 conv=9 distinct=4 cov=0.38
  90/163 p598 Kt=9 conv=7 distinct=4 cov=0.11
  100/163 p666 Kt=11 conv=9 distinct=2 cov=0.00
  110/163 p779 Kt=17 conv=17 distinct=6 cov=0.24
  120/163 p832 Kt=16 conv=5 distinct=5 cov=0.06
  130/163 p896 Kt=20 conv=13 distinct=5 cov=0.25
  140/163 p965 Kt=14 conv=13 distinct=7 cov=0.36
  150/163 p1013 Kt=10 conv=8 distinct=5 cov=0.30
  160/163 p1069 Kt=7 conv=16 distinct=4 cov=0.29

=== SUMMARY === det_distinct=3.23 cov=0.222 Ktrue=9.40 init_res(med)=7.53e-01  baseline_det=2.53
wrote /home/zfc5231/work/BBBB_qwen_pde_branch/paper/GS/L1/ablation/eval/arm1_pretrained_det.json
===== arm1_pretrained  NOISE=0.1 Mon 29 Jun 2026 03:02:00 PM UTC =====
[rank0] FDM physics residual loss enabled (lambda_pde=0.02)
=== qwen_ord eval ckpt=/home/zfc5231/work/BBBB_qwen_pde_branch/paper/GS/L1/ablation/ckpt_arm1_pretrained_p3/best_model K=24 n=163 L2=False (FDM maxiter=8000 early=3000/0.05) ===
  0/163 p4 Kt=1 conv=0 distinct=0 cov=0.00
  10/163 p76 Kt=5 conv=1 distinct=1 cov=0.20
  20/163 p124 Kt=2 conv=0 distinct=0 cov=0.00
  30/163 p185 Kt=10 conv=11 distinct=5 cov=0.40
  40/163 p288 Kt=1 conv=0 distinct=0 cov=0.00
  50/163 p333 Kt=8 conv=4 distinct=3 cov=0.12
  60/163 p371 Kt=1 conv=3 distinct=1 cov=0.00
  70/163 p429 Kt=2 conv=2 distinct=2 cov=1.00
  80/163 p529 Kt=8 conv=8 distinct=4 cov=0.38
  90/163 p598 Kt=9 conv=9 distinct=3 cov=0.22
  100/163 p666 Kt=11 conv=8 distinct=3 cov=0.00
  110/163 p779 Kt=17 conv=19 distinct=5 cov=0.24
  120/163 p832 Kt=16 conv=3 distinct=3 cov=0.12
  130/163 p896 Kt=20 conv=16 distinct=7 cov=0.30
  140/163 p965 Kt=14 conv=13 distinct=10 cov=0.36
  150/163 p1013 Kt=10 conv=7 distinct=2 cov=0.20
  160/163 p1069 Kt=7 conv=8 distinct=4 cov=0.29

=== SUMMARY === det_distinct=3.14 cov=0.211 Ktrue=9.40 init_res(med)=7.51e-01  baseline_det=2.53
wrote /home/zfc5231/work/BBBB_qwen_pde_branch/paper/GS/L1/ablation/eval/arm1_pretrained_noise01.json
===== arm2_random  DET (noise=0) Mon 29 Jun 2026 03:29:00 PM UTC =====
[rank0] FDM physics residual loss enabled (lambda_pde=0.02)
=== qwen_ord eval ckpt=/home/zfc5231/work/BBBB_qwen_pde_branch/paper/GS/L1/ablation/ckpt_arm2_random_p3/best_model K=24 n=163 L2=False (FDM maxiter=8000 early=3000/0.05) ===
  0/163 p4 Kt=1 conv=0 distinct=0 cov=0.00
  10/163 p76 Kt=5 conv=0 distinct=0 cov=0.00
  20/163 p124 Kt=2 conv=0 distinct=0 cov=0.00
  30/163 p185 Kt=10 conv=6 distinct=1 cov=0.10
  40/163 p288 Kt=1 conv=0 distinct=0 cov=0.00
  50/163 p333 Kt=8 conv=1 distinct=1 cov=0.00
  60/163 p371 Kt=1 conv=2 distinct=1 cov=0.00
  70/163 p429 Kt=2 conv=0 distinct=0 cov=0.00
  80/163 p529 Kt=8 conv=1 distinct=1 cov=0.00
  90/163 p598 Kt=9 conv=4 distinct=1 cov=0.00
  100/163 p666 Kt=11 conv=13 distinct=3 cov=0.09
  110/163 p779 Kt=17 conv=18 distinct=3 cov=0.06
  120/163 p832 Kt=16 conv=5 distinct=3 cov=0.12
  130/163 p896 Kt=20 conv=22 distinct=1 cov=0.05
  140/163 p965 Kt=14 conv=5 distinct=3 cov=0.14
  150/163 p1013 Kt=10 conv=0 distinct=0 cov=0.00
  160/163 p1069 Kt=7 conv=21 distinct=1 cov=0.14

=== SUMMARY === det_distinct=1.44 cov=0.070 Ktrue=9.40 init_res(med)=4.43e-01  baseline_det=2.53
wrote /home/zfc5231/work/BBBB_qwen_pde_branch/paper/GS/L1/ablation/eval/arm2_random_det.json
===== arm2_random  NOISE=0.1 Mon 29 Jun 2026 03:51:03 PM UTC =====
[rank0] FDM physics residual loss enabled (lambda_pde=0.02)
=== qwen_ord eval ckpt=/home/zfc5231/work/BBBB_qwen_pde_branch/paper/GS/L1/ablation/ckpt_arm2_random_p3/best_model K=24 n=163 L2=False (FDM maxiter=8000 early=3000/0.05) ===
  0/163 p4 Kt=1 conv=0 distinct=0 cov=0.00
  10/163 p76 Kt=5 conv=0 distinct=0 cov=0.00
  20/163 p124 Kt=2 conv=0 distinct=0 cov=0.00
  30/163 p185 Kt=10 conv=6 distinct=1 cov=0.10
  40/163 p288 Kt=1 conv=0 distinct=0 cov=0.00
  50/163 p333 Kt=8 conv=0 distinct=0 cov=0.00
  60/163 p371 Kt=1 conv=0 distinct=0 cov=0.00
  70/163 p429 Kt=2 conv=4 distinct=2 cov=0.50
  80/163 p529 Kt=8 conv=2 distinct=1 cov=0.00
  90/163 p598 Kt=9 conv=7 distinct=2 cov=0.00
  100/163 p666 Kt=11 conv=10 distinct=3 cov=0.09
  110/163 p779 Kt=17 conv=19 distinct=5 cov=0.12
  120/163 p832 Kt=16 conv=5 distinct=2 cov=0.06
  130/163 p896 Kt=20 conv=22 distinct=1 cov=0.05
  140/163 p965 Kt=14 conv=6 distinct=2 cov=0.07
  150/163 p1013 Kt=10 conv=0 distinct=0 cov=0.00
  160/163 p1069 Kt=7 conv=21 distinct=1 cov=0.14

=== SUMMARY === det_distinct=1.46 cov=0.072 Ktrue=9.40 init_res(med)=4.40e-01  baseline_det=2.53
wrote /home/zfc5231/work/BBBB_qwen_pde_branch/paper/GS/L1/ablation/eval/arm2_random_noise01.json
=== DONE Mon 29 Jun 2026 04:12:41 PM UTC ===
